---
source: tests/conformance.rs
expression: svg
input_file: samples/styles.lini
---
<svg xmlns="http://www.w3.org/2000/svg" viewBox="-455.5 -288.75 911 577.5" width="911" height="577.5" class="lini">
  <style>
    .lini { font-family: ui-monospace, "SF Mono", "Cascadia Code", "JetBrains Mono", Menlo, Consolas, "Liberation Mono", monospace; font-size: 15px; font-weight: normal; color: black; }
    .lini .lini-canvas { fill: white; }
    .lini .lini-block { fill: none; stroke: none; stroke-width: 2; stroke-dasharray: none; }
    .lini .lini-oval { fill: #bef9f3; stroke: #005e57; stroke-width: 2; color: #005e57; stroke-dasharray: none; }
    .lini .lini-text { fill: currentColor; stroke: none; text-anchor: middle; dominant-baseline: central; }
    .lini .lini-box { fill: #c0f5ff; stroke: #005580; stroke-width: 2; color: #005580; }
    .lini .lini-group { fill: rgba(0, 0, 0, 0.03); stroke: rgba(0, 0, 0, 0.4); stroke-width: 1; stroke-dasharray: 4,4; }
    .lini .lini-caption { color: rgba(0, 0, 0, 0.5); font-size: 12px; font-weight: normal; }
    .lini .lini-alert { fill: #ffddd6; stroke: #ed756c; color: #861116; }
    .lini .lini-style-thin { stroke-width: 1; }
    .lini .lini-style-bold { font-weight: bold; }
    .lini .lini-style-power { stroke: #ed756c; stroke-width: 2.5; }
    .lini .lini-style-warn { stroke: #e38231; stroke-width: 2; }
    .lini .lini-style-ghost { opacity: 0.35; }
  </style>
  <defs>
    <filter id="lini-shadow-1" x="-50%" y="-50%" width="200%" height="200%"><feDropShadow dx="2" dy="3" stdDeviation="5" flood-color="rgba(0, 0, 0, 0.2)"/></filter>
  </defs>
  <rect class="lini-canvas" x="-455.5" y="-288.75" width="911" height="577.5"/>
  <g class="lini-scene">
    <g class="lini-node lini-block" style="font-size: 18px; font-weight: bold" transform="translate(0,-252.75)">
      <rect x="-32.4" y="-9" width="64.8" height="18" rx="0" ry="0"/>
      <text class="lini-text" x="0" y="0">Styles</text>
    </g>
    <g class="lini-node lini-group lini-block" data-id="cascade" transform="translate(0,-173.75)">
      <rect x="-246.5" y="-48.5" width="493" height="97" rx="6" ry="6"/>
      <g class="lini-node lini-box lini-block" transform="translate(-174,0)">
        <rect x="-51.5" y="-27.5" width="103" height="55" rx="6" ry="6"/>
        <text class="lini-text" x="0" y="0">element</text>
      </g>
      <g class="lini-node lini-box lini-block lini-style-warn" transform="translate(-55,0)">
        <rect x="-51.5" y="-27.5" width="103" height="55" rx="6" ry="6"/>
        <text class="lini-text" x="0" y="0">+ class</text>
      </g>
      <g class="lini-node lini-box lini-block lini-style-warn" style="fill: #ffe9ba; stroke: #6e3a00; color: #6e3a00" transform="translate(68.5,0)">
        <rect x="-56" y="-27.5" width="112" height="55" rx="6" ry="6"/>
        <text class="lini-text" x="0" y="0">+ inline</text>
      </g>
      <g class="lini-node lini-alert lini-oval" transform="translate(183,0)">
        <ellipse cx="0" cy="0" rx="42.5" ry="27.5"/>
        <text class="lini-text" x="0" y="0">alert</text>
      </g>
      <g class="lini-node lini-caption lini-block" transform="translate(-220.3,-59.5)">
        <rect x="-25.2" y="-6" width="50.4" height="12" rx="0" ry="0"/>
        <text class="lini-text" x="0" y="0">cascade</text>
      </g>
    </g>
    <g class="lini-node lini-group lini-block" data-id="classes" transform="translate(0,-55.5)">
      <rect x="-251.75" y="-48.75" width="503.5" height="97.5" rx="6" ry="6"/>
      <g class="lini-node lini-box lini-block lini-style-thin" transform="translate(-193.25,0)">
        <rect x="-38" y="-27.5" width="76" height="55" rx="6" ry="6"/>
        <text class="lini-text" x="0" y="0">thin</text>
      </g>
      <g class="lini-node lini-box lini-block lini-style-bold" transform="translate(-101.75,0)">
        <rect x="-38" y="-27.5" width="76" height="55" rx="6" ry="6"/>
        <text class="lini-text" x="0" y="0">bold</text>
      </g>
      <g class="lini-node lini-box lini-block lini-style-power" transform="translate(-5,0)">
        <rect x="-42.5" y="-27.5" width="85" height="55" rx="6" ry="6"/>
        <text class="lini-text" x="0" y="0">power</text>
      </g>
      <g class="lini-node lini-box lini-block lini-style-warn" transform="translate(91.75,0)">
        <rect x="-38" y="-27.5" width="76" height="55" rx="6" ry="6"/>
        <text class="lini-text" x="0" y="0">warn</text>
      </g>
      <g class="lini-node lini-box lini-block lini-style-ghost" transform="translate(188.25,0)">
        <rect x="-42.5" y="-27.5" width="85" height="55" rx="6" ry="6"/>
        <text class="lini-text" x="0" y="0">ghost</text>
      </g>
      <g class="lini-node lini-caption lini-block" transform="translate(-225.55,-59.75)">
        <rect x="-25.2" y="-6" width="50.4" height="12" rx="0" ry="0"/>
        <text class="lini-text" x="0" y="0">classes</text>
      </g>
    </g>
    <g class="lini-node lini-group lini-block" data-id="modifiers" transform="translate(0,62.75)">
      <rect x="-287.5" y="-48.5" width="575" height="97" rx="6" ry="6"/>
      <g class="lini-node lini-box lini-block" style="stroke-dasharray: 8,8" transform="translate(-219.5,0)">
        <rect x="-47" y="-27.5" width="94" height="55" rx="6" ry="6"/>
        <text class="lini-text" x="0" y="0">dashed</text>
      </g>
      <g class="lini-node lini-box lini-block" style="stroke-dasharray: 2,4" transform="translate(-107.5,0)">
        <rect x="-47" y="-27.5" width="94" height="55" rx="6" ry="6"/>
        <text class="lini-text" x="0" y="0">dotted</text>
      </g>
      <g class="lini-node lini-box lini-block" transform="translate(0,0)">
        <g transform="translate(4,-4)">
          <rect x="-42.5" y="-27.5" width="85" height="55" rx="6" ry="6"/>
        </g>
        <rect x="-42.5" y="-27.5" width="85" height="55" rx="6" ry="6"/>
        <text class="lini-text" x="0" y="0">stack</text>
      </g>
      <g class="lini-node lini-box lini-block" transform="translate(107.5,0)">
        <g filter="url(#lini-shadow-1)">
          <rect x="-47" y="-27.5" width="94" height="55" rx="6" ry="6"/>
        </g>
        <text class="lini-text" x="0" y="0">shadow</text>
      </g>
      <g class="lini-node lini-box lini-block" transform="translate(219.5,0) rotate(-8)">
        <rect x="-47" y="-27.5" width="94" height="55" rx="6" ry="6"/>
        <text class="lini-text" x="0" y="0">rotate</text>
      </g>
      <g class="lini-node lini-caption lini-block" transform="translate(-254.1,-59.5)">
        <rect x="-32.4" y="-6" width="64.8" height="12" rx="0" ry="0"/>
        <text class="lini-text" x="0" y="0">modifiers</text>
      </g>
    </g>
    <g class="lini-node lini-group lini-block" data-id="text" transform="translate(0,197.25)">
      <rect x="-429" y="-65" width="858" height="130" rx="6" ry="6"/>
      <g class="lini-node lini-box lini-block" style="font-style: italic" transform="translate(-361,0)">
        <rect x="-47" y="-27.5" width="94" height="55" rx="6" ry="6"/>
        <text class="lini-text" x="0" y="0">italic</text>
      </g>
      <g class="lini-node lini-box lini-block" style="font-family: serif" transform="translate(-255.5,0)">
        <rect x="-42.5" y="-27.5" width="85" height="55" rx="6" ry="6"/>
        <text class="lini-text" x="0" y="0">serif</text>
      </g>
      <g class="lini-node lini-box lini-block" style="color: hsl(280, 55%, 50%)" transform="translate(-163.5,0)">
        <rect x="-33.5" y="-27.5" width="67" height="55" rx="6" ry="6"/>
        <text class="lini-text" x="0" y="0">hsl</text>
      </g>
      <g class="lini-node lini-box lini-block" style="text-transform: uppercase" transform="translate(-71.5,0)">
        <rect x="-42.5" y="-27.5" width="85" height="55" rx="6" ry="6"/>
        <text class="lini-text" x="0" y="0">upper</text>
      </g>
      <g class="lini-node lini-box lini-block" style="text-decoration: underline" transform="translate(29.5,0)">
        <rect x="-42.5" y="-27.5" width="85" height="55" rx="6" ry="6"/>
        <text class="lini-text" x="0" y="0">under</text>
      </g>
      <g class="lini-node lini-box lini-block" style="text-shadow: 1px 1px 2px #484848" transform="translate(135,0)">
        <rect x="-47" y="-27.5" width="94" height="55" rx="6" ry="6"/>
        <text class="lini-text" x="0" y="0">shadow</text>
      </g>
      <g class="lini-node lini-box lini-block" transform="translate(252.5,0)">
        <rect x="-54.5" y="-27.5" width="109" height="55" rx="6" ry="6"/>
        <text class="lini-text" x="0" y="0" dx="0 3 3 3 3 3">spaced</text>
      </g>
      <g class="lini-node lini-box lini-block" transform="translate(365.5,0)">
        <rect x="-42.5" y="-44" width="85" height="88" rx="6" ry="6"/>
        <text class="lini-text" x="0" y="0"><tspan x="0" y="-15">two</tspan><tspan x="0" dy="30">lines</tspan></text>
      </g>
      <g class="lini-node lini-caption lini-block" transform="translate(-392,-76)">
        <rect x="-36" y="-6" width="72" height="12" rx="0" ry="0"/>
        <text class="lini-text" x="0" y="0">typography</text>
      </g>
    </g>
  </g>
  <g class="lini-links"/>
</svg>
