---
source: tests/conformance.rs
expression: svg
input_file: samples/chart_log.lini
---
<svg xmlns="http://www.w3.org/2000/svg" viewBox="-200 -130 400 260" width="400" height="260" class="lini">
  <style>
    .lini { font-family: ui-monospace, "SF Mono", "Cascadia Code", "JetBrains Mono", Menlo, Consolas, "Liberation Mono", monospace; font-size: 15px; font-weight: bold; color: black; }
    .lini .lini-canvas { fill: white; }
    .lini .lini-block { fill: none; stroke: none; stroke-width: 2; stroke-dasharray: none; }
    .lini .lini-line { stroke-dasharray: none; }
    .lini .lini-text { fill: currentColor; stroke: none; text-anchor: middle; dominant-baseline: central; }
  </style>
  <defs/>
  <rect class="lini-canvas" x="-200" y="-130" width="400" height="260"/>
  <g class="lini-scene">
    <g class="lini-node lini-chart lini-block" transform="translate(0,0)">
      <rect x="-179" y="-109" width="358" height="218" rx="0" ry="0"/>
      <g class="lini-node lini-line" style="fill: none; stroke: rgba(0, 0, 0, 0.1); stroke-width: 1" transform="translate(0,0)">
        <line x1="-130.4" y1="88.6" x2="168" y2="88.6"/>
      </g>
      <g class="lini-node lini-line" style="fill: none; stroke: rgba(0, 0, 0, 0.1); stroke-width: 1" transform="translate(0,0)">
        <line x1="-130.4" y1="79.5932" x2="168" y2="79.5932"/>
      </g>
      <g class="lini-node lini-line" style="fill: none; stroke: rgba(0, 0, 0, 0.1); stroke-width: 1" transform="translate(0,0)">
        <line x1="-130.4" y1="67.6868" x2="168" y2="67.6868"/>
      </g>
      <g class="lini-node lini-line" style="fill: none; stroke: rgba(0, 0, 0, 0.1); stroke-width: 1" transform="translate(0,0)">
        <line x1="-130.4" y1="58.68" x2="168" y2="58.68"/>
      </g>
      <g class="lini-node lini-line" style="fill: none; stroke: rgba(0, 0, 0, 0.1); stroke-width: 1" transform="translate(0,0)">
        <line x1="-130.4" y1="49.6732" x2="168" y2="49.6732"/>
      </g>
      <g class="lini-node lini-line" style="fill: none; stroke: rgba(0, 0, 0, 0.1); stroke-width: 1" transform="translate(0,0)">
        <line x1="-130.4" y1="37.7668" x2="168" y2="37.7668"/>
      </g>
      <g class="lini-node lini-line" style="fill: none; stroke: rgba(0, 0, 0, 0.1); stroke-width: 1" transform="translate(0,0)">
        <line x1="-130.4" y1="28.76" x2="168" y2="28.76"/>
      </g>
      <g class="lini-node lini-line" style="fill: none; stroke: rgba(0, 0, 0, 0.1); stroke-width: 1" transform="translate(0,0)">
        <line x1="-130.4" y1="19.7532" x2="168" y2="19.7532"/>
      </g>
      <g class="lini-node lini-line" style="fill: none; stroke: rgba(0, 0, 0, 0.1); stroke-width: 1" transform="translate(0,0)">
        <line x1="-130.4" y1="7.8468" x2="168" y2="7.8468"/>
      </g>
      <g class="lini-node lini-line" style="fill: none; stroke: rgba(0, 0, 0, 0.1); stroke-width: 1" transform="translate(0,0)">
        <line x1="-130.4" y1="-1.16" x2="168" y2="-1.16"/>
      </g>
      <g class="lini-node lini-line" style="fill: none; stroke: rgba(0, 0, 0, 0.1); stroke-width: 1" transform="translate(0,0)">
        <line x1="-130.4" y1="-10.1668" x2="168" y2="-10.1668"/>
      </g>
      <g class="lini-node lini-line" style="fill: none; stroke: rgba(0, 0, 0, 0.1); stroke-width: 1" transform="translate(0,0)">
        <line x1="-130.4" y1="-22.0732" x2="168" y2="-22.0732"/>
      </g>
      <g class="lini-node lini-line" style="fill: none; stroke: rgba(0, 0, 0, 0.1); stroke-width: 1" transform="translate(0,0)">
        <line x1="-130.4" y1="-31.08" x2="168" y2="-31.08"/>
      </g>
      <g class="lini-node lini-line" style="fill: none; stroke: rgba(0, 0, 0, 0.1); stroke-width: 1" transform="translate(0,0)">
        <line x1="-130.4" y1="-40.0868" x2="168" y2="-40.0868"/>
      </g>
      <g class="lini-node lini-line" style="fill: none; stroke: rgba(0, 0, 0, 0.1); stroke-width: 1" transform="translate(0,0)">
        <line x1="-130.4" y1="-51.9932" x2="168" y2="-51.9932"/>
      </g>
      <g class="lini-node lini-line" style="fill: none; stroke: rgba(0, 0, 0, 0.1); stroke-width: 1" transform="translate(0,0)">
        <line x1="-130.4" y1="-61" x2="168" y2="-61"/>
      </g>
      <g class="lini-node lini-block" style="fill: #ec6e97; stroke-width: 0" transform="translate(-93.1,78.1434)">
        <title>free: 5</title>
        <rect x="-24.1704" y="-10.4566" width="48.3408" height="20.9132" rx="2" ry="2"/>
      </g>
      <g class="lini-node lini-block" style="fill: #ec6e97; stroke-width: 0" transform="translate(-18.5,60.1298)">
        <title>pro: 80</title>
        <rect x="-24.1704" y="-28.4702" width="48.3408" height="56.9405" rx="2" ry="2"/>
      </g>
      <g class="lini-node lini-block" style="fill: #ec6e97; stroke-width: 0" transform="translate(56.1,42.5354)">
        <title>team: 1200</title>
        <rect x="-24.1704" y="-46.0646" width="48.3408" height="92.1291" rx="2" ry="2"/>
      </g>
      <g class="lini-node lini-block" style="fill: #ec6e97; stroke-width: 0" transform="translate(130.7,18.9879)">
        <title>ent: 45000</title>
        <rect x="-24.1704" y="-69.6121" width="48.3408" height="139.2241" rx="2" ry="2"/>
      </g>
      <text class="lini-text" x="-139.7" y="88.6" style="fill: #888; font-weight: normal; font-size: 11px">1</text>
      <text class="lini-text" x="-139.7" y="79.5932" style="fill: #888; font-weight: normal; font-size: 11px">2</text>
      <text class="lini-text" x="-139.7" y="67.6868" style="fill: #888; font-weight: normal; font-size: 11px">5</text>
      <text class="lini-text" x="-143" y="58.68" style="fill: #888; font-weight: normal; font-size: 11px">10</text>
      <text class="lini-text" x="-143" y="49.6732" style="fill: #888; font-weight: normal; font-size: 11px">20</text>
      <text class="lini-text" x="-143" y="37.7668" style="fill: #888; font-weight: normal; font-size: 11px">50</text>
      <text class="lini-text" x="-146.3" y="28.76" style="fill: #888; font-weight: normal; font-size: 11px">100</text>
      <text class="lini-text" x="-146.3" y="19.7532" style="fill: #888; font-weight: normal; font-size: 11px">200</text>
      <text class="lini-text" x="-146.3" y="7.8468" style="fill: #888; font-weight: normal; font-size: 11px">500</text>
      <text class="lini-text" x="-149.6" y="-1.16" style="fill: #888; font-weight: normal; font-size: 11px">1000</text>
      <text class="lini-text" x="-149.6" y="-10.1668" style="fill: #888; font-weight: normal; font-size: 11px">2000</text>
      <text class="lini-text" x="-149.6" y="-22.0732" style="fill: #888; font-weight: normal; font-size: 11px">5000</text>
      <text class="lini-text" x="-152.9" y="-31.08" style="fill: #888; font-weight: normal; font-size: 11px">10000</text>
      <text class="lini-text" x="-152.9" y="-40.0868" style="fill: #888; font-weight: normal; font-size: 11px">20000</text>
      <text class="lini-text" x="-152.9" y="-51.9932" style="fill: #888; font-weight: normal; font-size: 11px">50000</text>
      <text class="lini-text" x="-156.2" y="-61" style="fill: #888; font-weight: normal; font-size: 11px">100000</text>
      <text class="lini-text" x="-113.9" y="-67" style="fill: #888; font-weight: normal; font-size: 11px">req/s</text>
      <text class="lini-text" x="-93.1" y="100.3" style="fill: #888; font-weight: normal; font-size: 11px">free</text>
      <text class="lini-text" x="-18.5" y="100.3" style="fill: #888; font-weight: normal; font-size: 11px">pro</text>
      <text class="lini-text" x="56.1" y="100.3" style="fill: #888; font-weight: normal; font-size: 11px">team</text>
      <text class="lini-text" x="130.7" y="100.3" style="fill: #888; font-weight: normal; font-size: 11px">ent</text>
      <text class="lini-text" x="0" y="-92.9" style="font-weight: bold; font-size: 13px">Requests by tier</text>
    </g>
  </g>
  <g class="lini-links"/>
</svg>
