---
source: tests/conformance.rs
expression: svg
input_file: samples/drawing_pattern.lini
---
<svg xmlns="http://www.w3.org/2000/svg" viewBox="-445 -183 890 381" width="890" height="381" class="lini">
  <style>
    .lini { font-family: ui-monospace, "SF Mono", "Cascadia Code", "JetBrains Mono", Menlo, Consolas, "Liberation Mono", monospace; font-size: 15px; font-weight: normal; color: black; }
    .lini .lini-canvas { fill: white; }
    .lini .lini-block { fill: none; stroke: none; stroke-width: 2; stroke-dasharray: none; }
    .lini .lini-oval { fill: white; stroke: #444; stroke-width: 2; stroke-dasharray: none; }
    .lini .lini-line { fill: none; stroke: #444; stroke-width: 2; stroke-dasharray: none; }
    .lini .lini-text { fill: currentColor; stroke: none; text-anchor: middle; dominant-baseline: central; }
    .lini .lini-box { fill: white; stroke: #444; stroke-width: 2; }
    .lini .lini-caption { color: rgba(0, 0, 0, 0.5); font-size: 12px; font-weight: normal; }
    .lini .lini-footnote { color: rgba(0, 0, 0, 0.5); font-size: 11px; }
    .lini .lini-hole { fill: white; stroke: #444; }
    .lini .lini-centerline { fill: none; stroke: #747474; stroke-width: 1; stroke-dasharray: 10,3,1,3; }
    .lini .lini-pitch-circle { fill: none; stroke: #747474; stroke-width: 1; stroke-dasharray: 10,3,1,3; }
  </style>
  <defs/>
  <rect class="lini-canvas" x="-445" y="-183" width="890" height="381"/>
  <g class="lini-scene">
    <g class="lini-node lini-row lini-block" transform="translate(0,0)">
      <rect x="-424" y="-162" width="848" height="324" rx="0" ry="0"/>
      <g class="lini-node lini-drawing lini-block" data-id="plate-view" transform="translate(-182,0)">
        <rect x="-241" y="-141" width="482" height="282" rx="0" ry="0"/>
        <g class="lini-node lini-rect lini-box lini-block" data-id="plate" transform="translate(0,0)">
          <rect x="-240" y="-140" width="480" height="280" rx="0" ry="0"/>
        </g>
        <g class="lini-node lini-hole lini-oval" data-id="pin" style="fill: none; stroke: none; stroke-width: 0" transform="translate(-140,-80)">
          <ellipse cx="0" cy="0" rx="161" ry="101"/>
          <g class="lini-node lini-hole lini-oval" transform="translate(0,0)">
            <ellipse cx="0" cy="0" rx="20" ry="20"/>
            <g class="lini-node lini-centerline lini-line" transform="translate(0,0)">
              <line x1="-24" y1="0" x2="24" y2="0"/>
            </g>
            <g class="lini-node lini-centerline lini-line" transform="translate(0,0)">
              <line x1="0" y1="24" x2="0" y2="-24"/>
            </g>
          </g>
          <g class="lini-node lini-hole lini-oval" transform="translate(280,0)">
            <ellipse cx="0" cy="0" rx="20" ry="20"/>
            <g class="lini-node lini-centerline lini-line" transform="translate(0,0)">
              <line x1="-24" y1="0" x2="24" y2="0"/>
            </g>
            <g class="lini-node lini-centerline lini-line" transform="translate(0,0)">
              <line x1="0" y1="24" x2="0" y2="-24"/>
            </g>
          </g>
          <g class="lini-node lini-hole lini-oval" transform="translate(0,160)">
            <ellipse cx="0" cy="0" rx="20" ry="20"/>
            <g class="lini-node lini-centerline lini-line" transform="translate(0,0)">
              <line x1="-24" y1="0" x2="24" y2="0"/>
            </g>
            <g class="lini-node lini-centerline lini-line" transform="translate(0,0)">
              <line x1="0" y1="24" x2="0" y2="-24"/>
            </g>
          </g>
          <g class="lini-node lini-hole lini-oval" transform="translate(280,160)">
            <ellipse cx="0" cy="0" rx="20" ry="20"/>
            <g class="lini-node lini-centerline lini-line" transform="translate(0,0)">
              <line x1="-24" y1="0" x2="24" y2="0"/>
            </g>
            <g class="lini-node lini-centerline lini-line" transform="translate(0,0)">
              <line x1="0" y1="24" x2="0" y2="-24"/>
            </g>
          </g>
        </g>
        <g class="lini-node lini-footnote lini-caption lini-block" transform="translate(0,151.5)">
          <rect x="-36.3" y="-5.5" width="72.6" height="11" rx="0" ry="0"/>
          <text class="lini-text" x="0" y="0">COVER PLATE</text>
        </g>
      </g>
      <g class="lini-node lini-drawing lini-block" data-id="flange-view" transform="translate(262,0)">
        <rect x="-161" y="-161" width="322" height="322" rx="0" ry="0"/>
        <g class="lini-node lini-oval" data-id="flange" transform="translate(0,0)">
          <ellipse cx="0" cy="0" rx="160" ry="160"/>
        </g>
        <g class="lini-node lini-hole lini-oval" data-id="hub" transform="translate(0,0)">
          <ellipse cx="0" cy="0" rx="48" ry="48"/>
          <g class="lini-node lini-centerline lini-line" transform="translate(0,0)">
            <line x1="-52" y1="0" x2="52" y2="0"/>
          </g>
          <g class="lini-node lini-centerline lini-line" transform="translate(0,0)">
            <line x1="0" y1="52" x2="0" y2="-52"/>
          </g>
        </g>
        <g class="lini-node lini-hole lini-oval" data-id="bolt" style="fill: none; stroke: none; stroke-width: 0" transform="translate(0,0)">
          <ellipse cx="0" cy="0" rx="113.9948" ry="129"/>
          <g class="lini-node lini-pitch-circle lini-oval" transform="translate(0,0)">
            <ellipse cx="0" cy="0" rx="112" ry="112"/>
          </g>
          <g class="lini-node lini-hole lini-oval" transform="translate(0,-112)">
            <ellipse cx="0" cy="0" rx="16" ry="16"/>
            <g class="lini-node lini-centerline lini-line" transform="translate(0,0)">
              <line x1="-20" y1="0" x2="20" y2="0"/>
            </g>
            <g class="lini-node lini-centerline lini-line" transform="translate(0,0)">
              <line x1="0" y1="20" x2="0" y2="-20"/>
            </g>
          </g>
          <g class="lini-node lini-hole lini-oval" transform="translate(96.9948,-56)">
            <ellipse cx="0" cy="0" rx="16" ry="16"/>
            <g class="lini-node lini-centerline lini-line" transform="translate(0,0)">
              <line x1="-20" y1="0" x2="20" y2="0"/>
            </g>
            <g class="lini-node lini-centerline lini-line" transform="translate(0,0)">
              <line x1="0" y1="20" x2="0" y2="-20"/>
            </g>
          </g>
          <g class="lini-node lini-hole lini-oval" transform="translate(96.9948,56)">
            <ellipse cx="0" cy="0" rx="16" ry="16"/>
            <g class="lini-node lini-centerline lini-line" transform="translate(0,0)">
              <line x1="-20" y1="0" x2="20" y2="0"/>
            </g>
            <g class="lini-node lini-centerline lini-line" transform="translate(0,0)">
              <line x1="0" y1="20" x2="0" y2="-20"/>
            </g>
          </g>
          <g class="lini-node lini-hole lini-oval" transform="translate(0,112)">
            <ellipse cx="0" cy="0" rx="16" ry="16"/>
            <g class="lini-node lini-centerline lini-line" transform="translate(0,0)">
              <line x1="-20" y1="0" x2="20" y2="0"/>
            </g>
            <g class="lini-node lini-centerline lini-line" transform="translate(0,0)">
              <line x1="0" y1="20" x2="0" y2="-20"/>
            </g>
          </g>
          <g class="lini-node lini-hole lini-oval" transform="translate(-96.9948,56)">
            <ellipse cx="0" cy="0" rx="16" ry="16"/>
            <g class="lini-node lini-centerline lini-line" transform="translate(0,0)">
              <line x1="-20" y1="0" x2="20" y2="0"/>
            </g>
            <g class="lini-node lini-centerline lini-line" transform="translate(0,0)">
              <line x1="0" y1="20" x2="0" y2="-20"/>
            </g>
          </g>
          <g class="lini-node lini-hole lini-oval" transform="translate(-96.9948,-56)">
            <ellipse cx="0" cy="0" rx="16" ry="16"/>
            <g class="lini-node lini-centerline lini-line" transform="translate(0,0)">
              <line x1="-20" y1="0" x2="20" y2="0"/>
            </g>
            <g class="lini-node lini-centerline lini-line" transform="translate(0,0)">
              <line x1="0" y1="20" x2="0" y2="-20"/>
            </g>
          </g>
        </g>
        <g class="lini-node lini-footnote lini-caption lini-block" transform="translate(0,171.5)">
          <rect x="-19.8" y="-5.5" width="39.6" height="11" rx="0" ry="0"/>
          <text class="lini-text" x="0" y="0">FLANGE</text>
        </g>
      </g>
    </g>
  </g>
  <g class="lini-links"/>
</svg>
