---
source: tests/conformance.rs
assertion_line: 40
expression: svg
input_file: samples/drawing_detail.lini
---
<svg xmlns="http://www.w3.org/2000/svg" viewBox="-1231 -296 2482 592" width="2482" height="592" class="lini">
  <style>
    .lini { font-family: ui-monospace, "SF Mono", "Cascadia Code", "JetBrains Mono", Menlo, Consolas, "Liberation Mono", monospace; font-size: 15px; font-weight: normal; color: black; }
    .lini .lini-canvas { fill: white; }
    .lini .lini-block { fill: none; stroke: none; stroke-width: 2; stroke-dasharray: none; }
    .lini .lini-oval { fill: white; stroke: #444; stroke-width: 2; stroke-dasharray: none; }
    .lini .lini-poly { stroke-dasharray: none; }
    .lini .lini-sketch { fill: white; stroke: black; stroke-width: 2; stroke-dasharray: none; }
    .lini .lini-line { fill: none; stroke: #444; stroke-width: 2; stroke-dasharray: none; }
    .lini .lini-dim-line { fill: none; stroke: black; stroke-width: 1; }
    .lini .lini-ext-line { fill: none; stroke: rgba(0, 0, 0, 0.545); stroke-width: 1; }
    .lini .lini-text { fill: currentColor; stroke: none; text-anchor: middle; dominant-baseline: central; }
    .lini .lini-box { fill: white; stroke: #444; stroke-width: 2; }
    .lini .lini-caption { color: rgba(0, 0, 0, 0.5); font-size: 12px; font-weight: normal; }
    .lini .lini-footnote { color: rgba(0, 0, 0, 0.5); font-size: 12px; }
    .lini .lini-centerline { fill: none; stroke: rgba(0, 0, 0, 0.545); stroke-width: 1; stroke-dasharray: 10,3,1,3; }
    .lini .lini-shoulder { stroke: black; }
    .lini .lini-detail-circle { fill: none; stroke: rgba(0, 0, 0, 0.545); stroke-width: 1; }
    .lini .lini-page { fill: white; stroke-width: 0; }
    .lini .lini-frame { fill: none; stroke: #444; stroke-width: 2; }
    .lini .lini-zone { color: rgba(0, 0, 0, 0.545); font-size: 9px; }
    .lini .lini-tick { fill: none; stroke: #444; stroke-width: 1; }
    .lini .lini-marker { fill: #444; stroke: none; }
    .lini .lini-marker-dim { fill: black; }
  </style>
  <defs>
    <clipPath id="lini-clip-1" clipPathUnits="userSpaceOnUse"><circle r="208"/></clipPath>
  </defs>
  <rect class="lini-canvas" x="-1231" y="-296" width="2482" height="592"/>
  <g class="lini-scene">
    <g class="lini-node lini-page lini-block" data-id="sheet" transform="translate(0,0)">
      <rect x="-1231" y="-296" width="2462" height="592" rx="0" ry="0"/>
      <g class="lini-node lini-drawing lini-block" data-id="main" transform="translate(-965.5,9.4887)">
        <rect x="-244.5" y="-64.0113" width="489" height="128.0226" rx="0" ry="0"/>
        <g class="lini-node lini-sketch" data-id="shaft" transform="translate(0,-9.4887)">
          <path d="M -240 0 L -240 -42 L -234 -48 L -40 -48 L -40 -36 L -16 -36 L -16 -48 L 104 -48 L 104 -44 A 12 12 0 0 0 116 -32 L 236 -32 L 240 -28 L 240 0 L 240 28 L 236 32 L 116 32 A 12 12 0 0 0 104 44 L 104 48 L -16 48 L -16 36 L -40 36 L -40 48 L -234 48 L -240 42 Z" fill-rule="evenodd"/>
          <g class="lini-node lini-centerline lini-line" transform="translate(0,0)">
            <line x1="-244" y1="0" x2="244" y2="0"/>
          </g>
          <g class="lini-node lini-shoulder lini-line" transform="translate(0,0)">
            <line x1="-234" y1="-48" x2="-234" y2="48"/>
          </g>
          <g class="lini-node lini-shoulder lini-line" transform="translate(0,0)">
            <line x1="-40" y1="-48" x2="-40" y2="48"/>
          </g>
          <g class="lini-node lini-shoulder lini-line" transform="translate(0,0)">
            <line x1="-16" y1="-48" x2="-16" y2="48"/>
          </g>
          <g class="lini-node lini-shoulder lini-line" transform="translate(0,0)">
            <line x1="104" y1="-48" x2="104" y2="48"/>
          </g>
          <g class="lini-node lini-shoulder lini-line" transform="translate(0,0)">
            <line x1="236" y1="-32" x2="236" y2="32"/>
          </g>
        </g>
        <g class="lini-node lini-detail-circle lini-oval" data-id="c" transform="translate(-28,-9.4887)">
          <ellipse cx="0" cy="0" rx="52" ry="52"/>
          <text class="lini-text" x="47.0226" y="-47.0226">C</text>
        </g>
        <g class="lini-node lini-ext-line lini-line" transform="translate(0,-9.4887)">
          <line x1="-240" y1="3" x2="-240" y2="73.5"/>
        </g>
        <g class="lini-node lini-ext-line lini-line" transform="translate(0,-9.4887)">
          <line x1="240" y1="3" x2="240" y2="73.5"/>
        </g>
        <g class="lini-node lini-dim-line lini-line" transform="translate(0,-9.4887)">
          <line x1="-238" y1="70.5" x2="238" y2="70.5"/>
        </g>
        <g class="lini-node lini-marker lini-marker-dim lini-poly" transform="translate(0,-9.4887)">
          <polygon points="-240,70.5 -228,68.5 -228,72.5"/>
        </g>
        <g class="lini-node lini-marker lini-marker-dim lini-poly" transform="translate(0,-9.4887)">
          <polygon points="240,70.5 228,72.5 228,68.5"/>
        </g>
        <text class="lini-text" x="0" y="53.0113" style="font-weight: normal; font-size: 12px">120 mm</text>
        <g class="lini-node lini-footnote lini-caption lini-block" transform="translate(0,74.0113)">
          <rect x="-18" y="-6" width="36" height="12" rx="0" ry="0"/>
          <text class="lini-text" x="0" y="0">SHAFT</text>
        </g>
      </g>
      <g class="lini-node lini-detail lini-drawing lini-block" data-id="det" transform="translate(285.5,0)">
        <rect x="-964.5" y="-208" width="1929" height="416" rx="0" ry="0"/>
        <g class="lini-node lini-block" clip-path="url(#lini-clip-1)" transform="translate(-112,0)">
          <rect x="-208" y="-208" width="416" height="416" rx="0" ry="0"/>
          <g class="lini-node lini-sketch" data-id="shaft" transform="translate(112,0)">
            <path d="M -960 0 L -960 -168 L -936 -192 L -160 -192 L -160 -144 L -64 -144 L -64 -192 L 416 -192 L 416 -176 A 48 48 0 0 0 464 -128 L 944 -128 L 960 -112 L 960 0 L 960 112 L 944 128 L 464 128 A 48 48 0 0 0 416 176 L 416 192 L -64 192 L -64 144 L -160 144 L -160 192 L -936 192 L -960 168 Z" fill-rule="evenodd"/>
            <g class="lini-node lini-centerline lini-line" transform="translate(0,0)">
              <line x1="-964" y1="0" x2="964" y2="0"/>
            </g>
            <g class="lini-node lini-shoulder lini-line" transform="translate(0,0)">
              <line x1="-936" y1="-192" x2="-936" y2="192"/>
            </g>
            <g class="lini-node lini-shoulder lini-line" transform="translate(0,0)">
              <line x1="-160" y1="-192" x2="-160" y2="192"/>
            </g>
            <g class="lini-node lini-shoulder lini-line" transform="translate(0,0)">
              <line x1="-64" y1="-192" x2="-64" y2="192"/>
            </g>
            <g class="lini-node lini-shoulder lini-line" transform="translate(0,0)">
              <line x1="416" y1="-192" x2="416" y2="192"/>
            </g>
            <g class="lini-node lini-shoulder lini-line" transform="translate(0,0)">
              <line x1="944" y1="-128" x2="944" y2="128"/>
            </g>
          </g>
        </g>
        <g class="lini-node lini-ext-line lini-line" transform="translate(-112,0)">
          <line x1="-3" y1="-144" x2="-229" y2="-144"/>
        </g>
        <g class="lini-node lini-ext-line lini-line" transform="translate(-112,0)">
          <line x1="-3" y1="144" x2="-229" y2="144"/>
        </g>
        <g class="lini-node lini-dim-line lini-line" transform="translate(-112,0)">
          <line x1="-226" y1="-142" x2="-226" y2="142"/>
        </g>
        <g class="lini-node lini-marker lini-marker-dim lini-poly" transform="translate(-112,0)">
          <polygon points="-226,-144 -224,-132 -228,-132"/>
        </g>
        <g class="lini-node lini-marker lini-marker-dim lini-poly" transform="translate(-112,0)">
          <polygon points="-226,144 -228,132 -224,132"/>
        </g>
        <text class="lini-text" x="-346" y="0" style="font-weight: normal; font-size: 12px" transform="rotate(-90 -346 0)">⌀18</text>
        <g class="lini-node lini-footnote lini-caption lini-block" transform="translate(0,219)">
          <rect x="-24.2" y="-5" width="48.4" height="10" rx="0" ry="0"/>
          <text class="lini-text" x="0" y="0" style="font-weight: normal; font-size: 12px">C (4:1)</text>
        </g>
      </g>
      <g class="lini-node lini-frame lini-rect lini-box lini-block" transform="translate(20,0)">
        <rect x="-1171" y="-256" width="2342" height="512" rx="0" ry="0"/>
      </g>
      <g class="lini-node lini-tick lini-line" transform="translate(0,0)">
        <line x1="-615.5" y1="-296" x2="-615.5" y2="-256"/>
      </g>
      <g class="lini-node lini-tick lini-line" transform="translate(0,0)">
        <line x1="615.5" y1="-296" x2="615.5" y2="-256"/>
      </g>
      <g class="lini-node lini-tick lini-line" transform="translate(0,0)">
        <line x1="-615.5" y1="256" x2="-615.5" y2="296"/>
      </g>
      <g class="lini-node lini-tick lini-line" transform="translate(0,0)">
        <line x1="615.5" y1="256" x2="615.5" y2="296"/>
      </g>
      <g class="lini-node lini-tick lini-line" transform="translate(0,0)">
        <line x1="0" y1="-296" x2="0" y2="-236"/>
      </g>
      <g class="lini-node lini-tick lini-line" transform="translate(0,0)">
        <line x1="0" y1="236" x2="0" y2="296"/>
      </g>
      <g class="lini-node lini-tick lini-line" transform="translate(0,0)">
        <line x1="-1191" y1="0" x2="-1131" y2="0"/>
      </g>
      <g class="lini-node lini-tick lini-line" transform="translate(0,0)">
        <line x1="1171" y1="0" x2="1231" y2="0"/>
      </g>
      <g class="lini-node lini-zone lini-block" transform="translate(-923.25,-276)">
        <rect x="-2.7" y="-4.5" width="5.4" height="9" rx="0" ry="0"/>
        <text class="lini-text" x="0" y="0">1</text>
      </g>
      <g class="lini-node lini-zone lini-block" transform="translate(-307.75,-276)">
        <rect x="-2.7" y="-4.5" width="5.4" height="9" rx="0" ry="0"/>
        <text class="lini-text" x="0" y="0">2</text>
      </g>
      <g class="lini-node lini-zone lini-block" transform="translate(307.75,-276)">
        <rect x="-2.7" y="-4.5" width="5.4" height="9" rx="0" ry="0"/>
        <text class="lini-text" x="0" y="0">3</text>
      </g>
      <g class="lini-node lini-zone lini-block" transform="translate(923.25,-276)">
        <rect x="-2.7" y="-4.5" width="5.4" height="9" rx="0" ry="0"/>
        <text class="lini-text" x="0" y="0">4</text>
      </g>
      <g class="lini-node lini-zone lini-block" transform="translate(-923.25,276)">
        <rect x="-2.7" y="-4.5" width="5.4" height="9" rx="0" ry="0"/>
        <text class="lini-text" x="0" y="0">1</text>
      </g>
      <g class="lini-node lini-zone lini-block" transform="translate(-307.75,276)">
        <rect x="-2.7" y="-4.5" width="5.4" height="9" rx="0" ry="0"/>
        <text class="lini-text" x="0" y="0">2</text>
      </g>
      <g class="lini-node lini-zone lini-block" transform="translate(307.75,276)">
        <rect x="-2.7" y="-4.5" width="5.4" height="9" rx="0" ry="0"/>
        <text class="lini-text" x="0" y="0">3</text>
      </g>
      <g class="lini-node lini-zone lini-block" transform="translate(923.25,276)">
        <rect x="-2.7" y="-4.5" width="5.4" height="9" rx="0" ry="0"/>
        <text class="lini-text" x="0" y="0">4</text>
      </g>
      <g class="lini-node lini-zone lini-block" transform="translate(-1171,-148)">
        <rect x="-2.7" y="-4.5" width="5.4" height="9" rx="0" ry="0"/>
        <text class="lini-text" x="0" y="0">A</text>
      </g>
      <g class="lini-node lini-zone lini-block" transform="translate(-1171,148)">
        <rect x="-2.7" y="-4.5" width="5.4" height="9" rx="0" ry="0"/>
        <text class="lini-text" x="0" y="0">B</text>
      </g>
      <g class="lini-node lini-zone lini-block" transform="translate(1211,-148)">
        <rect x="-2.7" y="-4.5" width="5.4" height="9" rx="0" ry="0"/>
        <text class="lini-text" x="0" y="0">A</text>
      </g>
      <g class="lini-node lini-zone lini-block" transform="translate(1211,148)">
        <rect x="-2.7" y="-4.5" width="5.4" height="9" rx="0" ry="0"/>
        <text class="lini-text" x="0" y="0">B</text>
      </g>
    </g>
  </g>
  <g class="lini-links"/>
</svg>
