---
source: tests/conformance.rs
expression: svg
input_file: samples/cards.lini
---
<svg xmlns="http://www.w3.org/2000/svg" viewBox="-304.951 -131.2 609.902 283.9" width="609.902" height="283.9" class="lini">
  <style>
    .lini { font-family: "Google Sans"; font-size: 15px; font-weight: 500; color: black; }
    .lini .lini-canvas { fill: white; }
    .lini .lini-block { fill: none; stroke: none; stroke-width: 2; stroke-dasharray: none; }
    .lini .lini-text { fill: currentColor; stroke: none; text-anchor: middle; }
    .lini .lini-box { fill: white; stroke: #444; stroke-width: 2; }
    .lini .lini-link { fill: none; stroke: #444; stroke-width: 2; stroke-dasharray: none; }
    .lini .lini-link-label { fill: currentColor; stroke: none; text-anchor: middle; font-size: 11px; font-weight: 400; }
    .lini .lini-cut-bg { fill: white; stroke: none; }
    .lini .lini-cut { fill: black; stroke: none; }
    .lini .lini-marker { fill: #444; stroke: none; }
    .lini .lini-style-card-title { font-size: 17px; font-weight: bold; }
    .lini .lini-style-card-brief { color: #008e85; font-size: 15px; font-weight: 500; }
  </style>
  <defs>
    <path id="lg1400-0" d="…"/>
    <path id="lg1400-177" d="…"/>
    <path id="lg1400-203" d="…"/>
    <path id="lg1400-213" d="…"/>
    <path id="lg1400-233" d="…"/>
    <path id="lg1400-259" d="…"/>
    <path id="lg1400-271" d="…"/>
    <path id="lg1400-296" d="…"/>
    <path id="lg1400-299" d="…"/>
    <path id="lg1400-303" d="…"/>
    <path id="lg1400-315" d="…"/>
    <path id="lg1400-335" d="…"/>
    <path id="lg1500-0" d="…"/>
    <path id="lg1500-28" d="…"/>
    <path id="lg1500-34" d="…"/>
    <path id="lg1500-56" d="…"/>
    <path id="lg1500-94" d="…"/>
    <path id="lg1500-126" d="…"/>
    <path id="lg1500-177" d="…"/>
    <path id="lg1500-203" d="…"/>
    <path id="lg1500-209" d="…"/>
    <path id="lg1500-213" d="…"/>
    <path id="lg1500-232" d="…"/>
    <path id="lg1500-233" d="…"/>
    <path id="lg1500-238" d="…"/>
    <path id="lg1500-241" d="…"/>
    <path id="lg1500-253" d="…"/>
    <path id="lg1500-256" d="…"/>
    <path id="lg1500-259" d="…"/>
    <path id="lg1500-264" d="…"/>
    <path id="lg1500-265" d="…"/>
    <path id="lg1500-271" d="…"/>
    <path id="lg1500-296" d="…"/>
    <path id="lg1500-299" d="…"/>
    <path id="lg1500-303" d="…"/>
    <path id="lg1500-310" d="…"/>
    <path id="lg1500-315" d="…"/>
    <path id="lg1500-334" d="…"/>
    <path id="lg1500-335" d="…"/>
    <path id="lg1500-340" d="…"/>
    <path id="lg1500-341" d="…"/>
    <path id="lg1500-1653" d="…"/>
    <path id="lg1500-1654" d="…"/>
    <path id="lg1500-1779" d="…"/>
    <path id="lg1500-1780" d="…"/>
    <path id="lg1500-1800" d="…"/>
    <path id="lg1500-1876" d="…"/>
    <path id="lg1600-0" d="…"/>
    <path id="lg1600-119" d="…"/>
    <path id="lg1600-177" d="…"/>
    <path id="lg1600-203" d="…"/>
    <path id="lg1600-241" d="…"/>
    <path id="lg1600-256" d="…"/>
    <path id="lg1600-259" d="…"/>
    <path id="lg1600-265" d="…"/>
    <path id="lg1600-296" d="…"/>
    <path id="lg1700-0" d="…"/>
    <path id="lg1700-126" d="…"/>
    <path id="lg1700-132" d="…"/>
    <path id="lg1700-177" d="…"/>
    <path id="lg1700-203" d="…"/>
    <path id="lg1700-213" d="…"/>
    <path id="lg1700-259" d="…"/>
    <path id="lg1700-264" d="…"/>
    <path id="lg1700-299" d="…"/>
    <path id="lg1700-310" d="…"/>
  </defs>
  <rect class="lini-canvas" x="-304.951" y="-131.2" width="609.902" height="283.9"/>
  <g class="lini-scene">
    <g class="lini-text" style="font-size: 24px; font-weight: 600">
      <use href="#lg1600-119" transform="translate(-59.676 -84.608) scale(0.024 -0.024)"/>
      <use href="#lg1600-241" transform="translate(-45.3 -84.608) scale(0.024 -0.024)"/>
      <use href="#lg1600-203" transform="translate(-39.42 -84.608) scale(0.024 -0.024)"/>
      <use href="#lg1600-256" transform="translate(-25.98 -84.608) scale(0.024 -0.024)"/>
      <use href="#lg1600-177" transform="translate(-7.332 -84.608) scale(0.024 -0.024)"/>
      <use href="#lg1600-296" transform="translate(11.532 -84.608) scale(0.024 -0.024)"/>
      <use href="#lg1600-259" transform="translate(26.436 -84.608) scale(0.024 -0.024)"/>
      <use href="#lg1600-177" transform="translate(32.316 -84.608) scale(0.024 -0.024)"/>
      <use href="#lg1600-265" transform="translate(45.588 -84.608) scale(0.024 -0.024)"/>
    </g>
    <g class="lini-node lini-row lini-block" data-id="plans" transform="translate(0,24)">
      <rect x="-278.951" y="-81.2" width="557.902" height="162.4" rx="0" ry="0"/>
      <g class="lini-node lini-box lini-block" data-id="starter" transform="translate(-191.4865,0)">
        <rect x="-86.4645" y="-80.2" width="172.929" height="160.4" rx="12" ry="12"/>
        <g class="lini-text lini-style-card-title">
          <use href="#lg1700-126" transform="translate(-68.4645 -47.614) scale(0.017 -0.017)"/>
          <use href="#lg1700-310" transform="translate(-58.5705 -47.614) scale(0.017 -0.017)"/>
          <use href="#lg1700-177" transform="translate(-51.5155 -47.614) scale(0.017 -0.017)"/>
          <use href="#lg1700-299" transform="translate(-41.9955 -47.614) scale(0.017 -0.017)"/>
          <use href="#lg1700-310" transform="translate(-34.8385 -47.614) scale(0.017 -0.017)"/>
          <use href="#lg1700-213" transform="translate(-27.7835 -47.614) scale(0.017 -0.017)"/>
          <use href="#lg1700-299" transform="translate(-17.8555 -47.614) scale(0.017 -0.017)"/>
        </g>
        <g class="lini-text lini-style-card-brief">
          <use href="#lg1500-56" transform="translate(-68.4645 -17.33) scale(0.015 -0.015)"/>
          <use href="#lg1500-299" transform="translate(-60.2145 -17.33) scale(0.015 -0.015)"/>
          <use href="#lg1500-213" transform="translate(-54.2895 -17.33) scale(0.015 -0.015)"/>
          <use href="#lg1500-213" transform="translate(-45.7095 -17.33) scale(0.015 -0.015)"/>
        </g>
        <g class="lini-text" style="font-size: 13px">
          <use href="#lg1500-56" transform="translate(-68.4645 12.254) scale(0.013 -0.013)"/>
          <use href="#lg1500-271" transform="translate(-61.3145 12.254) scale(0.013 -0.013)"/>
          <use href="#lg1500-299" transform="translate(-53.4755 12.254) scale(0.013 -0.013)"/>
          <use href="#lg1500-303" transform="translate(-45.3115 12.254) scale(0.013 -0.013)"/>
          <use href="#lg1500-241" transform="translate(-38.9805 12.254) scale(0.013 -0.013)"/>
          <use href="#lg1500-209" transform="translate(-35.9515 12.254) scale(0.013 -0.013)"/>
          <use href="#lg1500-213" transform="translate(-27.9695 12.254) scale(0.013 -0.013)"/>
          <use href="#lg1500-296" transform="translate(-17.5045 12.254) scale(0.013 -0.013)"/>
          <use href="#lg1500-299" transform="translate(-9.5225 12.254) scale(0.013 -0.013)"/>
          <use href="#lg1500-271" transform="translate(-4.3875 12.254) scale(0.013 -0.013)"/>
          <use href="#lg1500-253" transform="translate(3.4515 12.254) scale(0.013 -0.013)"/>
          <use href="#lg1500-213" transform="translate(6.4805 12.254) scale(0.013 -0.013)"/>
          <use href="#lg1500-203" transform="translate(13.9165 12.254) scale(0.013 -0.013)"/>
          <use href="#lg1500-310" transform="translate(21.1055 12.254) scale(0.013 -0.013)"/>
          <use href="#lg1500-303" transform="translate(26.1625 12.254) scale(0.013 -0.013)"/>
          <use href="#lg1500-177" transform="translate(35.5225 12.254) scale(0.013 -0.013)"/>
          <use href="#lg1500-265" transform="translate(42.6075 12.254) scale(0.013 -0.013)"/>
          <use href="#lg1500-209" transform="translate(50.1215 12.254) scale(0.013 -0.013)"/>
          <use href="#lg1500-335" transform="translate(-68.4645 27.854) scale(0.013 -0.013)"/>
          <use href="#lg1500-213" transform="translate(-58.0255 27.854) scale(0.013 -0.013)"/>
          <use href="#lg1500-213" transform="translate(-50.5895 27.854) scale(0.013 -0.013)"/>
          <use href="#lg1500-256" transform="translate(-43.1535 27.854) scale(0.013 -0.013)"/>
          <use href="#lg1500-213" transform="translate(-36.2635 27.854) scale(0.013 -0.013)"/>
          <use href="#lg1500-265" transform="translate(-28.8275 27.854) scale(0.013 -0.013)"/>
          <use href="#lg1500-209" transform="translate(-21.3135 27.854) scale(0.013 -0.013)"/>
          <use href="#lg1500-213" transform="translate(-10.3025 27.854) scale(0.013 -0.013)"/>
          <use href="#lg1500-340" transform="translate(-2.8665 27.854) scale(0.013 -0.013)"/>
          <use href="#lg1500-296" transform="translate(3.5945 27.854) scale(0.013 -0.013)"/>
          <use href="#lg1500-213" transform="translate(11.5765 27.854) scale(0.013 -0.013)"/>
          <use href="#lg1500-299" transform="translate(19.0125 27.854) scale(0.013 -0.013)"/>
          <use href="#lg1500-241" transform="translate(24.1475 27.854) scale(0.013 -0.013)"/>
          <use href="#lg1500-264" transform="translate(27.1765 27.854) scale(0.013 -0.013)"/>
          <use href="#lg1500-213" transform="translate(38.7465 27.854) scale(0.013 -0.013)"/>
          <use href="#lg1500-265" transform="translate(46.1825 27.854) scale(0.013 -0.013)"/>
          <use href="#lg1500-310" transform="translate(53.6965 27.854) scale(0.013 -0.013)"/>
          <use href="#lg1500-303" transform="translate(58.7535 27.854) scale(0.013 -0.013)"/>
          <use href="#lg1500-1779" transform="translate(65.0845 27.854) scale(0.013 -0.013)"/>
          <use href="#lg1500-94" transform="translate(-68.4645 43.454) scale(0.013 -0.013)"/>
          <use href="#lg1500-265" transform="translate(-57.6745 43.454) scale(0.013 -0.013)"/>
          <use href="#lg1500-213" transform="translate(-50.1605 43.454) scale(0.013 -0.013)"/>
          <use href="#lg1500-303" transform="translate(-39.6955 43.454) scale(0.013 -0.013)"/>
          <use href="#lg1500-213" transform="translate(-33.3645 43.454) scale(0.013 -0.013)"/>
          <use href="#lg1500-177" transform="translate(-25.9285 43.454) scale(0.013 -0.013)"/>
          <use href="#lg1500-310" transform="translate(-18.8435 43.454) scale(0.013 -0.013)"/>
          <use href="#lg1500-1780" transform="translate(-13.7865 43.454) scale(0.013 -0.013)"/>
          <use href="#lg1500-203" transform="translate(-7.3775 43.454) scale(0.013 -0.013)"/>
          <use href="#lg1500-271" transform="translate(-0.1885 43.454) scale(0.013 -0.013)"/>
          <use href="#lg1500-264" transform="translate(7.6505 43.454) scale(0.013 -0.013)"/>
          <use href="#lg1500-264" transform="translate(19.2205 43.454) scale(0.013 -0.013)"/>
          <use href="#lg1500-315" transform="translate(30.7905 43.454) scale(0.013 -0.013)"/>
          <use href="#lg1500-265" transform="translate(38.3045 43.454) scale(0.013 -0.013)"/>
          <use href="#lg1500-241" transform="translate(45.8185 43.454) scale(0.013 -0.013)"/>
          <use href="#lg1500-310" transform="translate(48.8475 43.454) scale(0.013 -0.013)"/>
          <use href="#lg1500-341" transform="translate(53.9045 43.454) scale(0.013 -0.013)"/>
          <use href="#lg1500-303" transform="translate(-68.4645 59.054) scale(0.013 -0.013)"/>
          <use href="#lg1500-315" transform="translate(-62.1335 59.054) scale(0.013 -0.013)"/>
          <use href="#lg1500-296" transform="translate(-54.6195 59.054) scale(0.013 -0.013)"/>
          <use href="#lg1500-296" transform="translate(-46.6375 59.054) scale(0.013 -0.013)"/>
          <use href="#lg1500-271" transform="translate(-38.6555 59.054) scale(0.013 -0.013)"/>
          <use href="#lg1500-299" transform="translate(-30.8165 59.054) scale(0.013 -0.013)"/>
          <use href="#lg1500-310" transform="translate(-25.6815 59.054) scale(0.013 -0.013)"/>
          <use href="#lg1500-1779" transform="translate(-20.6245 59.054) scale(0.013 -0.013)"/>
        </g>
      </g>
      <g class="lini-node lini-box lini-block" data-id="team" style="fill: #cdf9f4" transform="translate(-0.2015,0)">
        <rect x="-78.8205" y="-80.2" width="157.641" height="160.4" rx="12" ry="12"/>
        <g class="lini-text lini-style-card-title">
          <use href="#lg1700-132" transform="translate(-60.8205 -47.614) scale(0.017 -0.017)"/>
          <use href="#lg1700-213" transform="translate(-50.9775 -47.614) scale(0.017 -0.017)"/>
          <use href="#lg1700-177" transform="translate(-41.0495 -47.614) scale(0.017 -0.017)"/>
          <use href="#lg1700-264" transform="translate(-31.5295 -47.614) scale(0.017 -0.017)"/>
        </g>
        <g class="lini-text lini-style-card-brief">
          <use href="#lg1500-1876" transform="translate(-60.8205 -17.33) scale(0.015 -0.015)"/>
          <use href="#lg1500-1653" transform="translate(-52.4955 -17.33) scale(0.015 -0.015)"/>
          <use href="#lg1500-1654" transform="translate(-45.8205 -17.33) scale(0.015 -0.015)"/>
          <use href="#lg1500-1800" transform="translate(-34.2405 -17.33) scale(0.015 -0.015)"/>
          <use href="#lg1500-303" transform="translate(-25.9005 -17.33) scale(0.015 -0.015)"/>
          <use href="#lg1500-213" transform="translate(-18.5955 -17.33) scale(0.015 -0.015)"/>
          <use href="#lg1500-177" transform="translate(-10.0155 -17.33) scale(0.015 -0.015)"/>
          <use href="#lg1500-310" transform="translate(-1.8405 -17.33) scale(0.015 -0.015)"/>
        </g>
        <g class="lini-text" style="font-size: 13px">
          <use href="#lg1500-126" transform="translate(-60.8205 12.254) scale(0.013 -0.013)"/>
          <use href="#lg1500-238" transform="translate(-53.4365 12.254) scale(0.013 -0.013)"/>
          <use href="#lg1500-177" transform="translate(-45.8835 12.254) scale(0.013 -0.013)"/>
          <use href="#lg1500-299" transform="translate(-38.7985 12.254) scale(0.013 -0.013)"/>
          <use href="#lg1500-213" transform="translate(-33.6635 12.254) scale(0.013 -0.013)"/>
          <use href="#lg1500-209" transform="translate(-26.2275 12.254) scale(0.013 -0.013)"/>
          <use href="#lg1500-335" transform="translate(-15.2165 12.254) scale(0.013 -0.013)"/>
          <use href="#lg1500-271" transform="translate(-4.7775 12.254) scale(0.013 -0.013)"/>
          <use href="#lg1500-299" transform="translate(3.0615 12.254) scale(0.013 -0.013)"/>
          <use href="#lg1500-256" transform="translate(8.1965 12.254) scale(0.013 -0.013)"/>
          <use href="#lg1500-303" transform="translate(15.0865 12.254) scale(0.013 -0.013)"/>
          <use href="#lg1500-296" transform="translate(21.4175 12.254) scale(0.013 -0.013)"/>
          <use href="#lg1500-177" transform="translate(29.3995 12.254) scale(0.013 -0.013)"/>
          <use href="#lg1500-203" transform="translate(36.4845 12.254) scale(0.013 -0.013)"/>
          <use href="#lg1500-213" transform="translate(43.6735 12.254) scale(0.013 -0.013)"/>
          <use href="#lg1500-303" transform="translate(51.1095 12.254) scale(0.013 -0.013)"/>
          <use href="#lg1500-1780" transform="translate(57.4405 12.254) scale(0.013 -0.013)"/>
          <use href="#lg1500-299" transform="translate(-60.8205 27.854) scale(0.013 -0.013)"/>
          <use href="#lg1500-213" transform="translate(-55.6855 27.854) scale(0.013 -0.013)"/>
          <use href="#lg1500-334" transform="translate(-48.2495 27.854) scale(0.013 -0.013)"/>
          <use href="#lg1500-241" transform="translate(-41.2295 27.854) scale(0.013 -0.013)"/>
          <use href="#lg1500-213" transform="translate(-38.2005 27.854) scale(0.013 -0.013)"/>
          <use href="#lg1500-335" transform="translate(-30.7645 27.854) scale(0.013 -0.013)"/>
          <use href="#lg1500-232" transform="translate(-17.2965 27.854) scale(0.013 -0.013)"/>
          <use href="#lg1500-259" transform="translate(-12.3955 27.854) scale(0.013 -0.013)"/>
          <use href="#lg1500-271" transform="translate(-9.3665 27.854) scale(0.013 -0.013)"/>
          <use href="#lg1500-335" transform="translate(-1.5275 27.854) scale(0.013 -0.013)"/>
          <use href="#lg1500-303" transform="translate(8.9115 27.854) scale(0.013 -0.013)"/>
          <use href="#lg1500-1780" transform="translate(15.2425 27.854) scale(0.013 -0.013)"/>
          <use href="#lg1500-177" transform="translate(21.6515 27.854) scale(0.013 -0.013)"/>
          <use href="#lg1500-265" transform="translate(28.7365 27.854) scale(0.013 -0.013)"/>
          <use href="#lg1500-209" transform="translate(36.2505 27.854) scale(0.013 -0.013)"/>
          <use href="#lg1500-296" transform="translate(-60.8205 43.454) scale(0.013 -0.013)"/>
          <use href="#lg1500-299" transform="translate(-52.8385 43.454) scale(0.013 -0.013)"/>
          <use href="#lg1500-241" transform="translate(-47.7035 43.454) scale(0.013 -0.013)"/>
          <use href="#lg1500-271" transform="translate(-44.6745 43.454) scale(0.013 -0.013)"/>
          <use href="#lg1500-299" transform="translate(-36.8355 43.454) scale(0.013 -0.013)"/>
          <use href="#lg1500-241" transform="translate(-31.7005 43.454) scale(0.013 -0.013)"/>
          <use href="#lg1500-310" transform="translate(-28.6715 43.454) scale(0.013 -0.013)"/>
          <use href="#lg1500-341" transform="translate(-23.6145 43.454) scale(0.013 -0.013)"/>
          <use href="#lg1500-303" transform="translate(-13.5785 43.454) scale(0.013 -0.013)"/>
          <use href="#lg1500-315" transform="translate(-7.2475 43.454) scale(0.013 -0.013)"/>
          <use href="#lg1500-296" transform="translate(0.2665 43.454) scale(0.013 -0.013)"/>
          <use href="#lg1500-296" transform="translate(8.2485 43.454) scale(0.013 -0.013)"/>
          <use href="#lg1500-271" transform="translate(16.2305 43.454) scale(0.013 -0.013)"/>
          <use href="#lg1500-299" transform="translate(24.0695 43.454) scale(0.013 -0.013)"/>
          <use href="#lg1500-310" transform="translate(29.2045 43.454) scale(0.013 -0.013)"/>
          <use href="#lg1500-232" transform="translate(37.2905 43.454) scale(0.013 -0.013)"/>
          <use href="#lg1500-271" transform="translate(42.1915 43.454) scale(0.013 -0.013)"/>
          <use href="#lg1500-299" transform="translate(50.0305 43.454) scale(0.013 -0.013)"/>
          <use href="#lg1500-233" transform="translate(-60.8205 59.054) scale(0.013 -0.013)"/>
          <use href="#lg1500-299" transform="translate(-52.9165 59.054) scale(0.013 -0.013)"/>
          <use href="#lg1500-271" transform="translate(-47.7815 59.054) scale(0.013 -0.013)"/>
          <use href="#lg1500-335" transform="translate(-39.9425 59.054) scale(0.013 -0.013)"/>
          <use href="#lg1500-241" transform="translate(-29.5035 59.054) scale(0.013 -0.013)"/>
          <use href="#lg1500-265" transform="translate(-26.4745 59.054) scale(0.013 -0.013)"/>
          <use href="#lg1500-233" transform="translate(-18.9605 59.054) scale(0.013 -0.013)"/>
          <use href="#lg1500-233" transform="translate(-8.0275 59.054) scale(0.013 -0.013)"/>
          <use href="#lg1500-299" transform="translate(-0.1235 59.054) scale(0.013 -0.013)"/>
          <use href="#lg1500-271" transform="translate(5.0115 59.054) scale(0.013 -0.013)"/>
          <use href="#lg1500-315" transform="translate(12.8505 59.054) scale(0.013 -0.013)"/>
          <use href="#lg1500-296" transform="translate(20.3645 59.054) scale(0.013 -0.013)"/>
          <use href="#lg1500-303" transform="translate(28.3465 59.054) scale(0.013 -0.013)"/>
          <use href="#lg1500-1779" transform="translate(34.6775 59.054) scale(0.013 -0.013)"/>
        </g>
      </g>
      <g class="lini-node lini-box lini-block" data-id="scale" transform="translate(191.285,0)">
        <rect x="-86.666" y="-80.2" width="173.332" height="160.4" rx="12" ry="12"/>
        <g class="lini-text lini-style-card-title">
          <use href="#lg1700-126" transform="translate(-68.666 -47.614) scale(0.017 -0.017)"/>
          <use href="#lg1700-203" transform="translate(-58.772 -47.614) scale(0.017 -0.017)"/>
          <use href="#lg1700-177" transform="translate(-49.133 -47.614) scale(0.017 -0.017)"/>
          <use href="#lg1700-259" transform="translate(-39.613 -47.614) scale(0.017 -0.017)"/>
          <use href="#lg1700-213" transform="translate(-35.244 -47.614) scale(0.017 -0.017)"/>
        </g>
        <g class="lini-text lini-style-card-brief">
          <use href="#lg1500-28" transform="translate(-68.666 -17.33) scale(0.015 -0.015)"/>
          <use href="#lg1500-315" transform="translate(-57.566 -17.33) scale(0.015 -0.015)"/>
          <use href="#lg1500-303" transform="translate(-48.896 -17.33) scale(0.015 -0.015)"/>
          <use href="#lg1500-310" transform="translate(-41.591 -17.33) scale(0.015 -0.015)"/>
          <use href="#lg1500-271" transform="translate(-35.756 -17.33) scale(0.015 -0.015)"/>
          <use href="#lg1500-264" transform="translate(-26.711 -17.33) scale(0.015 -0.015)"/>
        </g>
        <g class="lini-text" style="font-size: 13px">
          <use href="#lg1500-34" transform="translate(-68.666 12.254) scale(0.013 -0.013)"/>
          <use href="#lg1500-213" transform="translate(-59.332 12.254) scale(0.013 -0.013)"/>
          <use href="#lg1500-209" transform="translate(-51.896 12.254) scale(0.013 -0.013)"/>
          <use href="#lg1500-241" transform="translate(-43.914 12.254) scale(0.013 -0.013)"/>
          <use href="#lg1500-203" transform="translate(-40.885 12.254) scale(0.013 -0.013)"/>
          <use href="#lg1500-177" transform="translate(-33.696 12.254) scale(0.013 -0.013)"/>
          <use href="#lg1500-310" transform="translate(-26.611 12.254) scale(0.013 -0.013)"/>
          <use href="#lg1500-213" transform="translate(-21.554 12.254) scale(0.013 -0.013)"/>
          <use href="#lg1500-209" transform="translate(-14.118 12.254) scale(0.013 -0.013)"/>
          <use href="#lg1500-241" transform="translate(-68.666 27.854) scale(0.013 -0.013)"/>
          <use href="#lg1500-265" transform="translate(-65.637 27.854) scale(0.013 -0.013)"/>
          <use href="#lg1500-232" transform="translate(-58.123 27.854) scale(0.013 -0.013)"/>
          <use href="#lg1500-299" transform="translate(-53.222 27.854) scale(0.013 -0.013)"/>
          <use href="#lg1500-177" transform="translate(-48.087 27.854) scale(0.013 -0.013)"/>
          <use href="#lg1500-303" transform="translate(-41.002 27.854) scale(0.013 -0.013)"/>
          <use href="#lg1500-310" transform="translate(-34.671 27.854) scale(0.013 -0.013)"/>
          <use href="#lg1500-299" transform="translate(-29.614 27.854) scale(0.013 -0.013)"/>
          <use href="#lg1500-315" transform="translate(-24.479 27.854) scale(0.013 -0.013)"/>
          <use href="#lg1500-203" transform="translate(-16.965 27.854) scale(0.013 -0.013)"/>
          <use href="#lg1500-310" transform="translate(-9.776 27.854) scale(0.013 -0.013)"/>
          <use href="#lg1500-315" transform="translate(-4.719 27.854) scale(0.013 -0.013)"/>
          <use href="#lg1500-299" transform="translate(2.795 27.854) scale(0.013 -0.013)"/>
          <use href="#lg1500-213" transform="translate(7.93 27.854) scale(0.013 -0.013)"/>
          <use href="#lg1500-1780" transform="translate(15.366 27.854) scale(0.013 -0.013)"/>
          <use href="#lg1500-177" transform="translate(21.775 27.854) scale(0.013 -0.013)"/>
          <use href="#lg1500-315" transform="translate(28.86 27.854) scale(0.013 -0.013)"/>
          <use href="#lg1500-209" transform="translate(36.374 27.854) scale(0.013 -0.013)"/>
          <use href="#lg1500-241" transform="translate(44.356 27.854) scale(0.013 -0.013)"/>
          <use href="#lg1500-310" transform="translate(47.385 27.854) scale(0.013 -0.013)"/>
          <use href="#lg1500-259" transform="translate(-68.666 43.454) scale(0.013 -0.013)"/>
          <use href="#lg1500-271" transform="translate(-65.637 43.454) scale(0.013 -0.013)"/>
          <use href="#lg1500-233" transform="translate(-57.798 43.454) scale(0.013 -0.013)"/>
          <use href="#lg1500-303" transform="translate(-49.894 43.454) scale(0.013 -0.013)"/>
          <use href="#lg1500-1780" transform="translate(-43.563 43.454) scale(0.013 -0.013)"/>
          <use href="#lg1500-177" transform="translate(-37.154 43.454) scale(0.013 -0.013)"/>
          <use href="#lg1500-265" transform="translate(-30.069 43.454) scale(0.013 -0.013)"/>
          <use href="#lg1500-209" transform="translate(-22.555 43.454) scale(0.013 -0.013)"/>
          <use href="#lg1500-177" transform="translate(-11.544 43.454) scale(0.013 -0.013)"/>
          <use href="#lg1500-238" transform="translate(-1.43 43.454) scale(0.013 -0.013)"/>
          <use href="#lg1500-315" transform="translate(6.123 43.454) scale(0.013 -0.013)"/>
          <use href="#lg1500-264" transform="translate(13.637 43.454) scale(0.013 -0.013)"/>
          <use href="#lg1500-177" transform="translate(25.207 43.454) scale(0.013 -0.013)"/>
          <use href="#lg1500-265" transform="translate(32.292 43.454) scale(0.013 -0.013)"/>
          <use href="#lg1500-335" transform="translate(42.835 43.454) scale(0.013 -0.013)"/>
          <use href="#lg1500-238" transform="translate(53.274 43.454) scale(0.013 -0.013)"/>
          <use href="#lg1500-271" transform="translate(60.827 43.454) scale(0.013 -0.013)"/>
          <use href="#lg1500-177" transform="translate(-68.666 59.054) scale(0.013 -0.013)"/>
          <use href="#lg1500-265" transform="translate(-61.581 59.054) scale(0.013 -0.013)"/>
          <use href="#lg1500-303" transform="translate(-54.067 59.054) scale(0.013 -0.013)"/>
          <use href="#lg1500-335" transform="translate(-47.736 59.054) scale(0.013 -0.013)"/>
          <use href="#lg1500-213" transform="translate(-37.297 59.054) scale(0.013 -0.013)"/>
          <use href="#lg1500-299" transform="translate(-29.861 59.054) scale(0.013 -0.013)"/>
          <use href="#lg1500-303" transform="translate(-24.726 59.054) scale(0.013 -0.013)"/>
          <use href="#lg1500-310" transform="translate(-15.366 59.054) scale(0.013 -0.013)"/>
          <use href="#lg1500-238" transform="translate(-10.309 59.054) scale(0.013 -0.013)"/>
          <use href="#lg1500-213" transform="translate(-2.756 59.054) scale(0.013 -0.013)"/>
          <use href="#lg1500-296" transform="translate(7.709 59.054) scale(0.013 -0.013)"/>
          <use href="#lg1500-238" transform="translate(15.691 59.054) scale(0.013 -0.013)"/>
          <use href="#lg1500-271" transform="translate(23.244 59.054) scale(0.013 -0.013)"/>
          <use href="#lg1500-265" transform="translate(31.083 59.054) scale(0.013 -0.013)"/>
          <use href="#lg1500-213" transform="translate(38.597 59.054) scale(0.013 -0.013)"/>
          <use href="#lg1500-1779" transform="translate(46.033 59.054) scale(0.013 -0.013)"/>
        </g>
      </g>
    </g>
  </g>
  <g class="lini-links">
    <g class="lini-link" data-from="plans.starter" data-to="plans.team">
      <mask id="lini-label-cut-0" maskUnits="userSpaceOnUse" x="-193.4865" y="103.2" width="187.285" height="20"><rect class="lini-cut-bg" x="-193.4865" y="103.2" width="187.285" height="20"/><rect class="lini-cut" x="-116.344" y="114.05" width="33" height="14.3"/></mask>
      <path d="M -191.4865 105.2 L -191.4865 105.2 A 16 16 0 0 0 -175.4865 121.2 L -20.7015 121.2 A 12.5 12.5 0 0 0 -8.2015 108.7 L -8.2015 108.7" mask="url(#lini-label-cut-0)"/>
      <polygon class="lini-marker lini-marker-arrow" points="-8.2015,104.7 -3.7015,113.7 -12.7015,113.7"/>
      <g class="lini-link-label">
        <use href="#lg1400-233" transform="translate(-112.681 125.138) scale(0.011 -0.011)"/>
        <use href="#lg1400-299" transform="translate(-106.136 125.138) scale(0.011 -0.011)"/>
        <use href="#lg1400-271" transform="translate(-102.066 125.138) scale(0.011 -0.011)"/>
        <use href="#lg1400-335" transform="translate(-95.532 125.138) scale(0.011 -0.011)"/>
      </g>
    </g>
    <g class="lini-link" data-from="plans.team" data-to="plans.scale">
      <mask id="lini-label-cut-1" maskUnits="userSpaceOnUse" x="5.7985" y="103.2" width="187.4865" height="20"><rect class="lini-cut-bg" x="5.7985" y="103.2" width="187.4865" height="20"/><rect class="lini-cut" x="69.8417" y="114.05" width="59.4" height="14.3"/></mask>
      <path d="M 7.7985 105.2 L 7.7985 105.2 A 16 16 0 0 0 23.7985 121.2 L 178.785 121.2 A 12.5 12.5 0 0 0 191.285 108.7 L 191.285 108.7" mask="url(#lini-label-cut-1)"/>
      <polygon class="lini-marker lini-marker-arrow" points="191.285,104.7 195.785,113.7 186.785,113.7"/>
      <g class="lini-link-label">
        <use href="#lg1400-303" transform="translate(79.1752 125.138) scale(0.011 -0.011)"/>
        <use href="#lg1400-203" transform="translate(84.3562 125.138) scale(0.011 -0.011)"/>
        <use href="#lg1400-177" transform="translate(90.2962 125.138) scale(0.011 -0.011)"/>
        <use href="#lg1400-259" transform="translate(96.1372 125.138) scale(0.011 -0.011)"/>
        <use href="#lg1400-213" transform="translate(98.4362 125.138) scale(0.011 -0.011)"/>
        <use href="#lg1400-315" transform="translate(107.1592 125.138) scale(0.011 -0.011)"/>
        <use href="#lg1400-296" transform="translate(113.3082 125.138) scale(0.011 -0.011)"/>
      </g>
    </g>
  </g>
</svg>
