---
source: tests/conformance.rs
expression: svg
input_file: samples/pcb_fail.lini
---
<svg xmlns="http://www.w3.org/2000/svg" viewBox="-235 -240 470 480.8" width="470" height="480.8" class="lini">
  <style>
    .lini { font-family: ui-monospace, "SF Mono", "Cascadia Code", "JetBrains Mono", Menlo, Consolas, "Liberation Mono", monospace; font-size: 15px; font-weight: normal; color: black; }
    .lini .lini-canvas { fill: white; }
    .lini .lini-block { fill: none; stroke: none; stroke-width: 1.6; stroke-dasharray: none; }
    .lini .lini-text { fill: currentColor; stroke: none; text-anchor: middle; dominant-baseline: central; }
    .lini .lini-box { fill: white; stroke: #444; stroke-width: 1.6; }
    .lini .lini-link { fill: none; stroke: #004496; stroke-width: 1.5; stroke-dasharray: none; }
    .lini .lini-marker { fill: #444; stroke: none; }
  </style>
  <defs/>
  <rect class="lini-canvas" x="-235" y="-240" width="470" height="480.8"/>
  <g class="lini-scene">
    <g class="lini-node lini-box lini-block" data-id="mcu" transform="translate(55,0)">
      <rect x="-90" y="-90" width="180" height="180" rx="8" ry="8"/>
      <text class="lini-text" x="0" y="0">MCU</text>
    </g>
    <g class="lini-node lini-box lini-block" data-id="usb" transform="translate(0,-180)">
      <rect x="-75" y="-28" width="150" height="56" rx="8" ry="8"/>
      <text class="lini-text" x="0" y="0">USB-C</text>
    </g>
    <g class="lini-node lini-box lini-block" data-id="flash" transform="translate(-165,-90)">
      <rect x="-30" y="-30" width="60" height="60" rx="8" ry="8"/>
      <text class="lini-text" x="0" y="0">FLASH</text>
    </g>
    <g class="lini-node lini-box lini-block" data-id="pwr" transform="translate(-165,0)">
      <rect x="-30" y="-30" width="60" height="60" rx="8" ry="8"/>
      <text class="lini-text" x="0" y="0">PWR</text>
    </g>
    <g class="lini-node lini-box lini-block" data-id="adc" transform="translate(-55,180)">
      <rect x="-30" y="-30" width="60" height="60" rx="8" ry="8"/>
      <text class="lini-text" x="0" y="0">ADC</text>
    </g>
  </g>
  <g class="lini-links">
    <g class="lini-link" style="font-size: 11" data-from="pwr" data-to="mcu">
      <path d="M -134.2 -9.2 L -38.3 -9.2"/>
      <polygon class="lini-marker lini-marker-arrow" points="-35.3,-9.2 -42.3,-5.7 -42.3,-12.7" style="fill: #004496"/>
    </g>
    <g class="lini-link" style="font-size: 11" data-from="pwr" data-to="mcu">
      <path d="M -134.2 0.8 L -38.3 0.8"/>
      <polygon class="lini-marker lini-marker-arrow" points="-35.3,0.8 -42.3,4.3 -42.3,-2.7" style="fill: #004496"/>
    </g>
    <g class="lini-link" style="font-size: 11" data-from="pwr" data-to="mcu">
      <path d="M -134.2 10.8 L -38.3 10.8"/>
      <polygon class="lini-marker lini-marker-arrow" points="-35.3,10.8 -42.3,14.3 -42.3,7.3" style="fill: #004496"/>
    </g>
    <g class="lini-link" style="font-size: 11" data-from="pwr" data-to="mcu">
      <path d="M -134.2 20.8 L -38.3 20.8"/>
      <polygon class="lini-marker lini-marker-arrow" points="-35.3,20.8 -42.3,24.3 -42.3,17.3" style="fill: #004496"/>
    </g>
    <g class="lini-link" style="font-size: 11" data-from="flash" data-to="mcu">
      <path d="M -134.2 -105 L -110 -105 A 40 40 0 0 1 -70 -65 L -70 -59.2 A 10 10 0 0 0 -60 -49.2 L -38.3 -49.2"/>
      <polygon class="lini-marker lini-marker-arrow" points="-35.3,-49.2 -42.3,-45.7 -42.3,-52.7" style="fill: #004496"/>
    </g>
    <g class="lini-link" style="font-size: 11" data-from="flash" data-to="mcu">
      <path d="M -134.2 -95 L -110 -95 A 30 30 0 0 1 -80 -65 L -80 -59.2 A 20 20 0 0 0 -60 -39.2 L -38.3 -39.2"/>
      <polygon class="lini-marker lini-marker-arrow" points="-35.3,-39.2 -42.3,-35.7 -42.3,-42.7" style="fill: #004496"/>
    </g>
    <g class="lini-link" style="font-size: 11" data-from="flash" data-to="mcu">
      <path d="M -134.2 -85 L -110 -85 A 20 20 0 0 1 -90 -65 L -90 -59.2 A 30 30 0 0 0 -60 -29.2 L -38.3 -29.2"/>
      <polygon class="lini-marker lini-marker-arrow" points="-35.3,-29.2 -42.3,-25.7 -42.3,-32.7" style="fill: #004496"/>
    </g>
    <g class="lini-link" style="font-size: 11" data-from="flash" data-to="mcu">
      <path d="M -134.2 -75 L -110 -75 A 10 10 0 0 1 -100 -65 L -100 -59.2 A 40 40 0 0 0 -60 -19.2 L -38.3 -19.2"/>
      <polygon class="lini-marker lini-marker-arrow" points="-35.3,-19.2 -42.3,-15.7 -42.3,-22.7" style="fill: #004496"/>
    </g>
  </g>
</svg>
