---
source: tests/conformance.rs
expression: svg
input_file: samples/charts.lini
---
<svg xmlns="http://www.w3.org/2000/svg" viewBox="-392 -800 784 1600" width="784" height="1600" class="lini">
  <style>
    .lini { font-family: ui-monospace, "SF Mono", "Cascadia Code", "JetBrains Mono", Menlo, Consolas, "Liberation Mono", monospace; font-size: 15px; font-weight: normal; color: black; }
    .lini .lini-canvas { fill: white; }
    .lini .lini-block { fill: none; stroke: none; stroke-width: 2; stroke-dasharray: none; }
    .lini .lini-oval { stroke-dasharray: none; }
    .lini .lini-poly { stroke-dasharray: none; }
    .lini .lini-line { fill: none; stroke: #444; stroke-width: 2; stroke-dasharray: none; }
    .lini .lini-text { fill: currentColor; stroke: none; text-anchor: middle; dominant-baseline: central; }
    .lini .lini-chart-label { pointer-events: none; }
  </style>
  <defs/>
  <rect class="lini-canvas" x="-392" y="-800" width="784" height="1600"/>
  <g class="lini-scene">
    <g class="lini-node lini-chart lini-block" transform="translate(-192,-670)">
      <rect x="-179" y="-109" width="358" height="218" rx="0" ry="0"/>
      <g class="lini-node lini-line" style="stroke: rgba(0, 0, 0, 0.1); stroke-width: 1" transform="translate(0,0)">
        <line x1="-156.8" y1="70.9" x2="168" y2="70.9"/>
      </g>
      <g class="lini-node lini-line" style="stroke: rgba(0, 0, 0, 0.1); stroke-width: 1" transform="translate(0,0)">
        <line x1="-156.8" y1="34.075" x2="168" y2="34.075"/>
      </g>
      <g class="lini-node lini-line" style="stroke: rgba(0, 0, 0, 0.1); stroke-width: 1" transform="translate(0,0)">
        <line x1="-156.8" y1="-2.75" x2="168" y2="-2.75"/>
      </g>
      <g class="lini-node lini-line" style="stroke: rgba(0, 0, 0, 0.1); stroke-width: 1" transform="translate(0,0)">
        <line x1="-156.8" y1="-39.575" x2="168" y2="-39.575"/>
      </g>
      <g class="lini-node lini-line" style="stroke: rgba(0, 0, 0, 0.1); stroke-width: 1" transform="translate(0,0)">
        <line x1="-156.8" y1="-76.4" x2="168" y2="-76.4"/>
      </g>
      <g class="lini-node lini-poly" style="fill: #ffb2c9; stroke: none; stroke-width: 0; opacity: 0.82" transform="translate(0,0)">
        <polygon points="-124.32,15.6625 -59.36,-11.9563 5.6,-39.575 70.56,-30.3688 135.52,-76.4 135.52,70.9 -124.32,70.9"/>
      </g>
      <g class="lini-node lini-line" style="stroke: #b8476e" transform="translate(0,0)">
        <polyline points="-124.32,15.6625 -59.36,-11.9563 5.6,-39.575 70.56,-30.3688 135.52,-76.4"/>
      </g>
      <g class="lini-node lini-poly" style="fill: #79e3da; stroke: none; stroke-width: 0; opacity: 0.82" transform="translate(0,0)">
        <polygon points="-124.32,52.4875 -59.36,37.7575 5.6,30.3925 70.56,15.6625 135.52,0.9325 135.52,70.9 -124.32,70.9"/>
      </g>
      <g class="lini-node lini-line" style="stroke: #008e85" transform="translate(0,0)">
        <polyline points="-124.32,52.4875 -59.36,37.7575 5.6,30.3925 70.56,15.6625 135.52,0.9325"/>
      </g>
      <text class="lini-text" x="-166.1" y="70.9" style="fill: #888; font-size: 11px; font-weight: normal">0</text>
      <text class="lini-text" x="-169.4" y="34.075" style="fill: #888; font-size: 11px; font-weight: normal">20</text>
      <text class="lini-text" x="-169.4" y="-2.75" style="fill: #888; font-size: 11px; font-weight: normal">40</text>
      <text class="lini-text" x="-169.4" y="-39.575" style="fill: #888; font-size: 11px; font-weight: normal">60</text>
      <text class="lini-text" x="-169.4" y="-76.4" style="fill: #888; font-size: 11px; font-weight: normal">80</text>
      <text class="lini-text" x="-124.32" y="82.6" style="fill: #888; font-size: 11px; font-weight: normal">Jan</text>
      <text class="lini-text" x="-59.36" y="82.6" style="fill: #888; font-size: 11px; font-weight: normal">Feb</text>
      <text class="lini-text" x="5.6" y="82.6" style="fill: #888; font-size: 11px; font-weight: normal">Mar</text>
      <text class="lini-text" x="70.56" y="82.6" style="fill: #888; font-size: 11px; font-weight: normal">Apr</text>
      <text class="lini-text" x="135.52" y="82.6" style="fill: #888; font-size: 11px; font-weight: normal">May</text>
      <text class="lini-text" x="0" y="-92.9" style="font-size: 13px; font-weight: bold">Signups</text>
      <g class="lini-node lini-block" style="fill: #ffb2c9; stroke: #b8476e; stroke-width: 1" transform="translate(-44.9,100.1)">
        <rect x="-5" y="-5" width="10" height="10" rx="2" ry="2"/>
      </g>
      <text class="lini-text" x="-21.2" y="100.1" style="font-size: 11px; font-weight: bold">free</text>
      <g class="lini-node lini-block" style="fill: #79e3da; stroke: #008e85; stroke-width: 1" transform="translate(13.5,100.1)">
        <rect x="-5" y="-5" width="10" height="10" rx="2" ry="2"/>
      </g>
      <text class="lini-text" x="37.2" y="100.1" style="font-size: 11px; font-weight: bold">paid</text>
    </g>
    <g class="lini-node lini-chart lini-block" transform="translate(192,-670)">
      <rect x="-179" y="-109" width="358" height="218" rx="0" ry="0"/>
      <g class="lini-node lini-line" style="stroke: rgba(0, 0, 0, 0.1); stroke-width: 1" transform="translate(0,0)">
        <line x1="-150.2" y1="70.9" x2="168" y2="70.9"/>
      </g>
      <g class="lini-node lini-line" style="stroke: rgba(0, 0, 0, 0.1); stroke-width: 1" transform="translate(0,0)">
        <line x1="-150.2" y1="21.8" x2="168" y2="21.8"/>
      </g>
      <g class="lini-node lini-line" style="stroke: rgba(0, 0, 0, 0.1); stroke-width: 1" transform="translate(0,0)">
        <line x1="-150.2" y1="-27.3" x2="168" y2="-27.3"/>
      </g>
      <g class="lini-node lini-line" style="stroke: rgba(0, 0, 0, 0.1); stroke-width: 1" transform="translate(0,0)">
        <line x1="-150.2" y1="-76.4" x2="168" y2="-76.4"/>
      </g>
      <g class="lini-node lini-block" style="fill: #ffb2c9; stroke: #b8476e" transform="translate(-110.425,51.26)">
        <title>Q1 · NA: 40</title>
        <rect x="-24.7742" y="-18.64" width="49.5484" height="37.28" rx="2" ry="2"/>
      </g>
      <g class="lini-node lini-block" style="fill: #79e3da; stroke: #008e85" transform="translate(-110.425,16.89)">
        <title>Q1 · EU: 30</title>
        <rect x="-24.7742" y="-13.73" width="49.5484" height="27.46" rx="2" ry="2"/>
      </g>
      <g class="lini-node lini-block" style="fill: #ffbd8d; stroke: #b45700" transform="translate(-110.425,-7.66)">
        <title>Q1 · APAC: 20</title>
        <rect x="-24.7742" y="-8.82" width="49.5484" height="17.64" rx="2" ry="2"/>
      </g>
      <g class="lini-node lini-block" style="fill: #ffb2c9; stroke: #b8476e" transform="translate(-30.875,48.805)">
        <title>Q2 · NA: 45</title>
        <rect x="-24.7742" y="-21.095" width="49.5484" height="42.19" rx="2" ry="2"/>
      </g>
      <g class="lini-node lini-block" style="fill: #79e3da; stroke: #008e85" transform="translate(-30.875,9.525)">
        <title>Q2 · EU: 35</title>
        <rect x="-24.7742" y="-16.185" width="49.5484" height="32.37" rx="2" ry="2"/>
      </g>
      <g class="lini-node lini-block" style="fill: #ffbd8d; stroke: #b45700" transform="translate(-30.875,-19.935)">
        <title>Q2 · APAC: 25</title>
        <rect x="-24.7742" y="-11.275" width="49.5484" height="22.55" rx="2" ry="2"/>
      </g>
      <g class="lini-node lini-block" style="fill: #ffb2c9; stroke: #b8476e" transform="translate(48.675,46.35)">
        <title>Q3 · NA: 50</title>
        <rect x="-24.7742" y="-23.55" width="49.5484" height="47.1" rx="2" ry="2"/>
      </g>
      <g class="lini-node lini-block" style="fill: #79e3da; stroke: #008e85" transform="translate(48.675,5.597)">
        <title>Q3 · EU: 33</title>
        <rect x="-24.7742" y="-15.203" width="49.5484" height="30.406" rx="2" ry="2"/>
      </g>
      <g class="lini-node lini-block" style="fill: #ffbd8d; stroke: #b45700" transform="translate(48.675,-25.336)">
        <title>Q3 · APAC: 30</title>
        <rect x="-24.7742" y="-13.73" width="49.5484" height="27.46" rx="2" ry="2"/>
      </g>
      <g class="lini-node lini-block" style="fill: #ffb2c9; stroke: #b8476e" transform="translate(128.225,41.44)">
        <title>Q4 · NA: 60</title>
        <rect x="-24.7742" y="-28.46" width="49.5484" height="56.92" rx="2" ry="2"/>
      </g>
      <g class="lini-node lini-block" style="fill: #79e3da; stroke: #008e85" transform="translate(128.225,-7.66)">
        <title>Q4 · EU: 40</title>
        <rect x="-24.7742" y="-18.64" width="49.5484" height="37.28" rx="2" ry="2"/>
      </g>
      <g class="lini-node lini-block" style="fill: #ffbd8d; stroke: #b45700" transform="translate(128.225,-45.958)">
        <title>Q4 · APAC: 38</title>
        <rect x="-24.7742" y="-17.658" width="49.5484" height="35.316" rx="2" ry="2"/>
      </g>
      <text class="lini-text" x="-159.5" y="70.9" style="fill: #888; font-size: 11px; font-weight: normal">0</text>
      <text class="lini-text" x="-162.8" y="21.8" style="fill: #888; font-size: 11px; font-weight: normal">50</text>
      <text class="lini-text" x="-166.1" y="-27.3" style="fill: #888; font-size: 11px; font-weight: normal">100</text>
      <text class="lini-text" x="-166.1" y="-76.4" style="fill: #888; font-size: 11px; font-weight: normal">150</text>
      <text class="lini-text" x="-110.425" y="82.6" style="fill: #888; font-size: 11px; font-weight: normal">Q1</text>
      <text class="lini-text" x="-30.875" y="82.6" style="fill: #888; font-size: 11px; font-weight: normal">Q2</text>
      <text class="lini-text" x="48.675" y="82.6" style="fill: #888; font-size: 11px; font-weight: normal">Q3</text>
      <text class="lini-text" x="128.225" y="82.6" style="fill: #888; font-size: 11px; font-weight: normal">Q4</text>
      <text class="lini-text" x="0" y="-92.9" style="font-size: 13px; font-weight: bold">Revenue by region ($k)</text>
      <g class="lini-node lini-block" style="fill: #ffb2c9; stroke: #b8476e; stroke-width: 1" transform="translate(-60.9,100.1)">
        <rect x="-5" y="-5" width="10" height="10" rx="2" ry="2"/>
      </g>
      <text class="lini-text" x="-43.8" y="100.1" style="font-size: 11px; font-weight: bold">NA</text>
      <g class="lini-node lini-block" style="fill: #79e3da; stroke: #008e85; stroke-width: 1" transform="translate(-15.7,100.1)">
        <rect x="-5" y="-5" width="10" height="10" rx="2" ry="2"/>
      </g>
      <text class="lini-text" x="1.4" y="100.1" style="font-size: 11px; font-weight: bold">EU</text>
      <g class="lini-node lini-block" style="fill: #ffbd8d; stroke: #b45700; stroke-width: 1" transform="translate(29.5,100.1)">
        <rect x="-5" y="-5" width="10" height="10" rx="2" ry="2"/>
      </g>
      <text class="lini-text" x="53.2" y="100.1" style="font-size: 11px; font-weight: bold">APAC</text>
    </g>
    <g class="lini-node lini-chart lini-block" transform="translate(-192,-426)">
      <rect x="-179" y="-109" width="358" height="218" rx="0" ry="0"/>
      <g class="lini-node lini-line" style="stroke: rgba(0, 0, 0, 0.1); stroke-width: 1" transform="translate(0,0)">
        <line x1="-150.2" y1="70.9" x2="168" y2="70.9"/>
      </g>
      <g class="lini-node lini-line" style="stroke: rgba(0, 0, 0, 0.1); stroke-width: 1" transform="translate(0,0)">
        <line x1="-150.2" y1="34.075" x2="168" y2="34.075"/>
      </g>
      <g class="lini-node lini-line" style="stroke: rgba(0, 0, 0, 0.1); stroke-width: 1" transform="translate(0,0)">
        <line x1="-150.2" y1="-2.75" x2="168" y2="-2.75"/>
      </g>
      <g class="lini-node lini-line" style="stroke: rgba(0, 0, 0, 0.1); stroke-width: 1" transform="translate(0,0)">
        <line x1="-150.2" y1="-39.575" x2="168" y2="-39.575"/>
      </g>
      <g class="lini-node lini-line" style="stroke: rgba(0, 0, 0, 0.1); stroke-width: 1" transform="translate(0,0)">
        <line x1="-150.2" y1="-76.4" x2="168" y2="-76.4"/>
      </g>
      <g class="lini-node lini-block" style="fill: #ffb2c9; stroke: #b8476e" transform="translate(-116.2587,35.548)">
        <title>build · v1: 96</title>
        <rect x="-16.1828" y="-34.352" width="32.3656" height="68.704" rx="2" ry="2"/>
      </g>
      <g class="lini-node lini-block" style="fill: #79e3da; stroke: #008e85" transform="translate(-78.0747,47.7002)">
        <title>build · v2: 63</title>
        <rect x="-16.1828" y="-22.1998" width="32.3656" height="44.3995" rx="2" ry="2"/>
      </g>
      <g class="lini-node lini-block" style="fill: #ffb2c9; stroke: #b8476e" transform="translate(-10.192,14.1895)">
        <title>test · v1: 154</title>
        <rect x="-16.1828" y="-55.7105" width="32.3656" height="111.421" rx="2" ry="2"/>
      </g>
      <g class="lini-node lini-block" style="fill: #79e3da; stroke: #008e85" transform="translate(27.992,27.8147)">
        <title>test · v2: 117</title>
        <rect x="-16.1828" y="-42.0853" width="32.3656" height="84.1705" rx="2" ry="2"/>
      </g>
      <g class="lini-node lini-block" style="fill: #ffb2c9; stroke: #b8476e" transform="translate(95.8747,55.8017)">
        <title>ship · v1: 41</title>
        <rect x="-16.1828" y="-14.0983" width="32.3656" height="28.1965" rx="2" ry="2"/>
      </g>
      <g class="lini-node lini-block" style="fill: #79e3da; stroke: #008e85" transform="translate(134.0587,56.9065)">
        <title>ship · v2: 38</title>
        <rect x="-16.1828" y="-12.9935" width="32.3656" height="25.987" rx="2" ry="2"/>
      </g>
      <text class="lini-text" x="-159.5" y="70.9" style="fill: #888; font-size: 11px; font-weight: normal">0</text>
      <text class="lini-text" x="-162.8" y="34.075" style="fill: #888; font-size: 11px; font-weight: normal">50</text>
      <text class="lini-text" x="-166.1" y="-2.75" style="fill: #888; font-size: 11px; font-weight: normal">100</text>
      <text class="lini-text" x="-166.1" y="-39.575" style="fill: #888; font-size: 11px; font-weight: normal">150</text>
      <text class="lini-text" x="-166.1" y="-76.4" style="fill: #888; font-size: 11px; font-weight: normal">200</text>
      <text class="lini-text" x="-97.1667" y="82.6" style="fill: #888; font-size: 11px; font-weight: normal">build</text>
      <text class="lini-text" x="8.9" y="82.6" style="fill: #888; font-size: 11px; font-weight: normal">test</text>
      <text class="lini-text" x="114.9667" y="82.6" style="fill: #888; font-size: 11px; font-weight: normal">ship</text>
      <text class="lini-text" x="0" y="-92.9" style="font-size: 13px; font-weight: bold">Deploy time (s)</text>
      <g class="lini-node lini-block" style="fill: #ffb2c9; stroke: #b8476e; stroke-width: 1" transform="translate(-31.7,100.1)">
        <rect x="-5" y="-5" width="10" height="10" rx="2" ry="2"/>
      </g>
      <text class="lini-text" x="-14.6" y="100.1" style="font-size: 11px; font-weight: bold">v1</text>
      <g class="lini-node lini-block" style="fill: #79e3da; stroke: #008e85; stroke-width: 1" transform="translate(13.5,100.1)">
        <rect x="-5" y="-5" width="10" height="10" rx="2" ry="2"/>
      </g>
      <text class="lini-text" x="30.6" y="100.1" style="font-size: 11px; font-weight: bold">v2</text>
    </g>
    <g class="lini-node lini-chart lini-block" transform="translate(192,-426)">
      <rect x="-179" y="-109" width="358" height="218" rx="0" ry="0"/>
      <g class="lini-node lini-line" style="stroke: rgba(0, 0, 0, 0.1); stroke-width: 1" transform="translate(0,0)">
        <line x1="-99.4" y1="-76.4" x2="-99.4" y2="55.5"/>
      </g>
      <g class="lini-node lini-line" style="stroke: rgba(0, 0, 0, 0.1); stroke-width: 1" transform="translate(0,0)">
        <line x1="-10.2667" y1="-76.4" x2="-10.2667" y2="55.5"/>
      </g>
      <g class="lini-node lini-line" style="stroke: rgba(0, 0, 0, 0.1); stroke-width: 1" transform="translate(0,0)">
        <line x1="78.8667" y1="-76.4" x2="78.8667" y2="55.5"/>
      </g>
      <g class="lini-node lini-line" style="stroke: rgba(0, 0, 0, 0.1); stroke-width: 1" transform="translate(0,0)">
        <line x1="168" y1="-76.4" x2="168" y2="55.5"/>
      </g>
      <g class="lini-node lini-block" style="fill: #ffb2c9; stroke: #b8476e" transform="translate(7.56,-65.848)">
        <title>Engineering · Q1: 12</title>
        <rect x="-105.96" y="-4.3419" width="211.92" height="8.6839" rx="2" ry="2"/>
      </g>
      <g class="lini-node lini-block" style="fill: #79e3da; stroke: #008e85" transform="translate(34.3,-53.977)">
        <title>Engineering · Q2: 15</title>
        <rect x="-132.7" y="-4.3419" width="265.4" height="8.6839" rx="2" ry="2"/>
      </g>
      <g class="lini-node lini-block" style="fill: #ffb2c9; stroke: #b8476e" transform="translate(-28.0933,-32.873)">
        <title>Sales · Q1: 8</title>
        <rect x="-70.3067" y="-4.3419" width="140.6133" height="8.6839" rx="2" ry="2"/>
      </g>
      <g class="lini-node lini-block" style="fill: #79e3da; stroke: #008e85" transform="translate(-10.2667,-21.002)">
        <title>Sales · Q2: 10</title>
        <rect x="-88.1333" y="-4.3419" width="176.2667" height="8.6839" rx="2" ry="2"/>
      </g>
      <g class="lini-node lini-block" style="fill: #ffb2c9; stroke: #b8476e" transform="translate(-54.8333,0.102)">
        <title>Support · Q1: 5</title>
        <rect x="-43.5667" y="-4.3419" width="87.1333" height="8.6839" rx="2" ry="2"/>
      </g>
      <g class="lini-node lini-block" style="fill: #79e3da; stroke: #008e85" transform="translate(-45.92,11.973)">
        <title>Support · Q2: 6</title>
        <rect x="-52.48" y="-4.3419" width="104.96" height="8.6839" rx="2" ry="2"/>
      </g>
      <g class="lini-node lini-block" style="fill: #ffb2c9; stroke: #b8476e" transform="translate(-72.66,33.077)">
        <title>Ops · Q1: 3</title>
        <rect x="-25.74" y="-4.3419" width="51.48" height="8.6839" rx="2" ry="2"/>
      </g>
      <g class="lini-node lini-block" style="fill: #79e3da; stroke: #008e85" transform="translate(-63.7467,44.948)">
        <title>Ops · Q2: 4</title>
        <rect x="-34.6533" y="-4.3419" width="69.3067" height="8.6839" rx="2" ry="2"/>
      </g>
      <text class="lini-text" x="-99.4" y="67.2" style="fill: #888; font-size: 11px; font-weight: normal">0</text>
      <text class="lini-text" x="-10.2667" y="67.2" style="fill: #888; font-size: 11px; font-weight: normal">5</text>
      <text class="lini-text" x="78.8667" y="67.2" style="fill: #888; font-size: 11px; font-weight: normal">10</text>
      <text class="lini-text" x="168" y="67.2" style="fill: #888; font-size: 11px; font-weight: normal">15</text>
      <text class="lini-text" x="34.3" y="81.9" style="fill: #888; font-size: 11px; font-weight: normal">people</text>
      <text class="lini-text" x="-141.7" y="-59.9125" style="fill: #888; font-size: 11px; font-weight: normal">Engineering</text>
      <text class="lini-text" x="-121.9" y="-26.9375" style="fill: #888; font-size: 11px; font-weight: normal">Sales</text>
      <text class="lini-text" x="-128.5" y="6.0375" style="fill: #888; font-size: 11px; font-weight: normal">Support</text>
      <text class="lini-text" x="-115.3" y="39.0125" style="fill: #888; font-size: 11px; font-weight: normal">Ops</text>
      <text class="lini-text" x="0" y="-92.9" style="font-size: 13px; font-weight: bold">Quarterly hires by team</text>
      <g class="lini-node lini-block" style="fill: #ffb2c9; stroke: #b8476e; stroke-width: 1" transform="translate(-31.7,100.1)">
        <rect x="-5" y="-5" width="10" height="10" rx="2" ry="2"/>
      </g>
      <text class="lini-text" x="-14.6" y="100.1" style="font-size: 11px; font-weight: bold">Q1</text>
      <g class="lini-node lini-block" style="fill: #79e3da; stroke: #008e85; stroke-width: 1" transform="translate(13.5,100.1)">
        <rect x="-5" y="-5" width="10" height="10" rx="2" ry="2"/>
      </g>
      <text class="lini-text" x="30.6" y="100.1" style="font-size: 11px; font-weight: bold">Q2</text>
    </g>
    <g class="lini-node lini-chart lini-block" transform="translate(-192,-182)">
      <rect x="-179" y="-109" width="358" height="218" rx="0" ry="0"/>
      <g class="lini-node lini-line" style="stroke: rgba(0, 0, 0, 0.1); stroke-width: 1" transform="translate(0,0)">
        <line x1="-150.2" y1="70.9" x2="168" y2="70.9"/>
      </g>
      <g class="lini-node lini-line" style="stroke: rgba(0, 0, 0, 0.1); stroke-width: 1" transform="translate(0,0)">
        <line x1="-150.2" y1="41.44" x2="168" y2="41.44"/>
      </g>
      <g class="lini-node lini-line" style="stroke: rgba(0, 0, 0, 0.1); stroke-width: 1" transform="translate(0,0)">
        <line x1="-150.2" y1="11.98" x2="168" y2="11.98"/>
      </g>
      <g class="lini-node lini-line" style="stroke: rgba(0, 0, 0, 0.1); stroke-width: 1" transform="translate(0,0)">
        <line x1="-150.2" y1="-17.48" x2="168" y2="-17.48"/>
      </g>
      <g class="lini-node lini-line" style="stroke: rgba(0, 0, 0, 0.1); stroke-width: 1" transform="translate(0,0)">
        <line x1="-150.2" y1="-46.94" x2="168" y2="-46.94"/>
      </g>
      <g class="lini-node lini-line" style="stroke: rgba(0, 0, 0, 0.1); stroke-width: 1" transform="translate(0,0)">
        <line x1="-150.2" y1="-76.4" x2="168" y2="-76.4"/>
      </g>
      <g class="lini-node lini-line" style="stroke: #b8476e" transform="translate(0,0)">
        <polyline points="-110.425,66.481 -30.875,50.278 48.675,26.71 128.225,-70.508"/>
      </g>
      <g class="lini-node lini-oval" style="fill: #b8476e; stroke: none; stroke-width: 0" transform="translate(-110.425,66.481)">
        <title>v1: p50: 15</title>
        <ellipse cx="0" cy="0" rx="5.5" ry="5.5"/>
      </g>
      <g class="lini-node lini-oval" style="fill: #b8476e; stroke: none; stroke-width: 0" transform="translate(-30.875,50.278)">
        <title>v1: p90: 70</title>
        <ellipse cx="0" cy="0" rx="5.5" ry="5.5"/>
      </g>
      <g class="lini-node lini-oval" style="fill: #b8476e; stroke: none; stroke-width: 0" transform="translate(48.675,26.71)">
        <title>v1: p99: 150</title>
        <ellipse cx="0" cy="0" rx="5.5" ry="5.5"/>
      </g>
      <g class="lini-node lini-oval" style="fill: #b8476e; stroke: none; stroke-width: 0" transform="translate(128.225,-70.508)">
        <title>v1: p999: 480</title>
        <ellipse cx="0" cy="0" rx="5.5" ry="5.5"/>
      </g>
      <g class="lini-node lini-line" style="stroke: #008e85; stroke-dasharray: 6,4.5" transform="translate(0,0)">
        <polyline points="-110.425,67.3648 -30.875,59.116 48.675,41.44 128.225,-17.48"/>
      </g>
      <g class="lini-node lini-oval" style="fill: #008e85; stroke: none; stroke-width: 0" transform="translate(-110.425,67.3648)">
        <title>v2: p50: 12</title>
        <ellipse cx="0" cy="0" rx="5.5" ry="5.5"/>
      </g>
      <g class="lini-node lini-oval" style="fill: #008e85; stroke: none; stroke-width: 0" transform="translate(-30.875,59.116)">
        <title>v2: p90: 40</title>
        <ellipse cx="0" cy="0" rx="5.5" ry="5.5"/>
      </g>
      <g class="lini-node lini-oval" style="fill: #008e85; stroke: none; stroke-width: 0" transform="translate(48.675,41.44)">
        <title>v2: p99: 100</title>
        <ellipse cx="0" cy="0" rx="5.5" ry="5.5"/>
      </g>
      <g class="lini-node lini-oval" style="fill: #008e85; stroke: none; stroke-width: 0" transform="translate(128.225,-17.48)">
        <title>v2: p999: 300</title>
        <ellipse cx="0" cy="0" rx="5.5" ry="5.5"/>
      </g>
      <g class="lini-node lini-line" style="stroke: #b45700; stroke-dasharray: 2,4" transform="translate(0,0)">
        <polyline points="-110.425,67.954 -30.875,62.062 48.675,53.224 128.225,26.71"/>
      </g>
      <text class="lini-text" x="-159.5" y="70.9" style="fill: #888; font-size: 11px; font-weight: normal">0</text>
      <text class="lini-text" x="-166.1" y="41.44" style="fill: #888; font-size: 11px; font-weight: normal">100</text>
      <text class="lini-text" x="-166.1" y="11.98" style="fill: #888; font-size: 11px; font-weight: normal">200</text>
      <text class="lini-text" x="-166.1" y="-17.48" style="fill: #888; font-size: 11px; font-weight: normal">300</text>
      <text class="lini-text" x="-166.1" y="-46.94" style="fill: #888; font-size: 11px; font-weight: normal">400</text>
      <text class="lini-text" x="-166.1" y="-76.4" style="fill: #888; font-size: 11px; font-weight: normal">500</text>
      <text class="lini-text" x="-110.425" y="82.6" style="fill: #888; font-size: 11px; font-weight: normal">p50</text>
      <text class="lini-text" x="-30.875" y="82.6" style="fill: #888; font-size: 11px; font-weight: normal">p90</text>
      <text class="lini-text" x="48.675" y="82.6" style="fill: #888; font-size: 11px; font-weight: normal">p99</text>
      <text class="lini-text" x="128.225" y="82.6" style="fill: #888; font-size: 11px; font-weight: normal">p999</text>
      <text class="lini-text" x="0" y="-92.9" style="font-size: 13px; font-weight: bold">Latency (ms)</text>
      <g class="lini-node lini-block" style="fill: #b8476e; stroke-width: 0" transform="translate(-60.9,100.1)">
        <rect x="-5.5" y="-5.5" width="11" height="11" rx="2" ry="2"/>
      </g>
      <text class="lini-text" x="-43.8" y="100.1" style="font-size: 11px; font-weight: bold">v1</text>
      <g class="lini-node lini-block" style="fill: #008e85; stroke-width: 0" transform="translate(-15.7,100.1)">
        <rect x="-5.5" y="-5.5" width="11" height="11" rx="2" ry="2"/>
      </g>
      <text class="lini-text" x="1.4" y="100.1" style="font-size: 11px; font-weight: bold">v2</text>
      <g class="lini-node lini-block" style="fill: #b45700; stroke-width: 0" transform="translate(29.5,100.1)">
        <rect x="-5.5" y="-5.5" width="11" height="11" rx="2" ry="2"/>
      </g>
      <text class="lini-text" x="53.2" y="100.1" style="font-size: 11px; font-weight: bold">goal</text>
      <text class="lini-text lini-chart-label" x="-110.425" y="48.981" style="fill: #888; font-size: 10px; font-weight: normal">Low</text>
      <text class="lini-text lini-chart-label" x="-30.875" y="32.778" style="fill: #888; font-size: 10px; font-weight: normal">Medium</text>
      <text class="lini-text lini-chart-label" x="24.175" y="9.21" style="fill: #888; font-size: 10px; font-weight: normal">High</text>
      <text class="lini-text lini-chart-label" x="149.725" y="-53.008" style="fill: #888; font-size: 10px; font-weight: normal">Max</text>
    </g>
    <g class="lini-node lini-chart lini-block" transform="translate(192,-182)">
      <rect x="-179" y="-109" width="358" height="218" rx="0" ry="0"/>
      <g class="lini-node lini-line" style="stroke: rgba(0, 0, 0, 0.1); stroke-width: 1" transform="translate(0,0)">
        <line x1="-156.8" y1="88.6" x2="168" y2="88.6"/>
      </g>
      <g class="lini-node lini-line" style="stroke: rgba(0, 0, 0, 0.1); stroke-width: 1" transform="translate(0,0)">
        <line x1="-156.8" y1="55.6" x2="168" y2="55.6"/>
      </g>
      <g class="lini-node lini-line" style="stroke: rgba(0, 0, 0, 0.1); stroke-width: 1" transform="translate(0,0)">
        <line x1="-156.8" y1="22.6" x2="168" y2="22.6"/>
      </g>
      <g class="lini-node lini-line" style="stroke: rgba(0, 0, 0, 0.1); stroke-width: 1" transform="translate(0,0)">
        <line x1="-156.8" y1="-10.4" x2="168" y2="-10.4"/>
      </g>
      <g class="lini-node lini-line" style="stroke: rgba(0, 0, 0, 0.1); stroke-width: 1" transform="translate(0,0)">
        <line x1="-156.8" y1="-43.4" x2="168" y2="-43.4"/>
      </g>
      <g class="lini-node lini-line" style="stroke: rgba(0, 0, 0, 0.1); stroke-width: 1" transform="translate(0,0)">
        <line x1="-156.8" y1="-76.4" x2="168" y2="-76.4"/>
      </g>
      <g class="lini-node lini-line" style="stroke: #b8476e" transform="translate(0,0)">
        <polyline points="-129.7333,35.8 -126.35,34.1863 -122.9667,32.6354 -119.5833,31.1328 -116.2,29.6641 -112.8167,28.2147 -109.4333,26.7701 -106.05,25.3159 -102.6667,23.8375 -99.2833,22.3204 -95.9,20.7502 -92.5167,19.1123 -89.1333,17.3922 -85.75,15.5754 -82.3667,13.6475 -78.9833,11.5938 -75.6,9.4 -72.2167,7.008 -68.8333,4.392 -65.45,1.5859 -62.0667,-1.3766"/>
      </g>
      <g class="lini-node lini-line" style="stroke: #b8476e" transform="translate(0,0)">
        <polyline points="-62.0667,-1.3766 -58.6833,-4.4615 -55.3,-7.635 -51.9167,-10.8633 -48.5333,-14.1125 -45.15,-17.3489 -41.7667,-20.5385 -38.3833,-23.6475 -35,-26.6422 -31.6167,-29.4886 -28.2333,-32.1529 -24.85,-34.6013 -21.4667,-36.8 -18.0833,-38.8351 -14.7,-40.809 -11.3167,-42.712 -7.9333,-44.5344 -4.55,-46.2666 -1.1667,-47.8988 2.2167,-49.4215 5.6,-50.825 8.9833,-52.0996 12.3667,-53.2355 15.75,-54.2233 19.1333,-55.0531 22.5167,-55.7154 25.9,-56.2004 29.2833,-56.4985 32.6667,-56.6 36.05,-56.3623 39.4333,-55.6783 42.8167,-54.5915 46.2,-53.1453 49.5833,-51.3833 52.9667,-49.349 56.35,-47.0859 59.7333,-44.6375 63.1167,-42.0473 66.5,-39.3588 69.8833,-36.6155 73.2667,-33.8609 76.65,-31.1386 80.0333,-28.492 83.4167,-25.9646 86.8,-23.6 90.1833,-21.3063 93.5667,-18.9658 96.95,-16.5835 100.3333,-14.1641 103.7167,-11.7124 107.1,-9.2334 110.4833,-6.7318 113.8667,-4.2125 117.25,-1.6803 120.6333,0.86 124.0167,3.4034 127.4,5.9453 130.7833,8.4807 134.1667,11.0049 137.55,13.5129 140.9333,16"/>
      </g>
      <g class="lini-node lini-oval" style="fill: #b8476e; stroke: none; stroke-width: 0" transform="translate(-129.7333,35.8)">
        <title>web: 6h: 8</title>
        <ellipse cx="0" cy="0" rx="2.5" ry="2.5"/>
      </g>
      <g class="lini-node lini-oval" style="fill: #b8476e; stroke: none; stroke-width: 0" transform="translate(-75.6,9.4)">
        <title>web: 9h: 12</title>
        <ellipse cx="0" cy="0" rx="2.5" ry="2.5"/>
      </g>
      <g class="lini-node lini-oval" style="fill: #b8476e; stroke: none; stroke-width: 0" transform="translate(-21.4667,-36.8)">
        <title>web: 12h: 19</title>
        <ellipse cx="0" cy="0" rx="2.5" ry="2.5"/>
      </g>
      <g class="lini-node lini-oval" style="fill: #b8476e; stroke: none; stroke-width: 0" transform="translate(32.6667,-56.6)">
        <title>web: 15h: 22</title>
        <ellipse cx="0" cy="0" rx="2.5" ry="2.5"/>
      </g>
      <g class="lini-node lini-oval" style="fill: #b8476e; stroke: none; stroke-width: 0" transform="translate(86.8,-23.6)">
        <title>web: 18h: 17</title>
        <ellipse cx="0" cy="0" rx="2.5" ry="2.5"/>
      </g>
      <g class="lini-node lini-oval" style="fill: #b8476e; stroke: none; stroke-width: 0" transform="translate(140.9333,16)">
        <title>web: 21h: 11</title>
        <ellipse cx="0" cy="0" rx="2.5" ry="2.5"/>
      </g>
      <text class="lini-text" x="-166.1" y="88.6" style="fill: #888; font-size: 11px; font-weight: normal">0</text>
      <text class="lini-text" x="-166.1" y="55.6" style="fill: #888; font-size: 11px; font-weight: normal">5</text>
      <text class="lini-text" x="-169.4" y="22.6" style="fill: #888; font-size: 11px; font-weight: normal">10</text>
      <text class="lini-text" x="-169.4" y="-10.4" style="fill: #888; font-size: 11px; font-weight: normal">15</text>
      <text class="lini-text" x="-169.4" y="-43.4" style="fill: #888; font-size: 11px; font-weight: normal">20</text>
      <text class="lini-text" x="-169.4" y="-76.4" style="fill: #888; font-size: 11px; font-weight: normal">25</text>
      <text class="lini-text" x="-129.7333" y="100.3" style="fill: #888; font-size: 11px; font-weight: normal">6h</text>
      <text class="lini-text" x="-75.6" y="100.3" style="fill: #888; font-size: 11px; font-weight: normal">9h</text>
      <text class="lini-text" x="-21.4667" y="100.3" style="fill: #888; font-size: 11px; font-weight: normal">12h</text>
      <text class="lini-text" x="32.6667" y="100.3" style="fill: #888; font-size: 11px; font-weight: normal">15h</text>
      <text class="lini-text" x="86.8" y="100.3" style="fill: #888; font-size: 11px; font-weight: normal">18h</text>
      <text class="lini-text" x="140.9333" y="100.3" style="fill: #888; font-size: 11px; font-weight: normal">21h</text>
      <text class="lini-text" x="0" y="-92.9" style="font-size: 13px; font-weight: bold">Active users (k)</text>
    </g>
    <g class="lini-node lini-chart lini-block" transform="translate(-192,62)">
      <rect x="-179" y="-109" width="358" height="218" rx="0" ry="0"/>
      <g class="lini-node lini-line" style="stroke: rgba(0, 0, 0, 0.1); stroke-width: 1" transform="translate(0,0)">
        <line x1="-156.8" y1="88.6" x2="168" y2="88.6"/>
      </g>
      <g class="lini-node lini-line" style="stroke: rgba(0, 0, 0, 0.1); stroke-width: 1" transform="translate(0,0)">
        <line x1="-156.8" y1="33.6" x2="168" y2="33.6"/>
      </g>
      <g class="lini-node lini-line" style="stroke: rgba(0, 0, 0, 0.1); stroke-width: 1" transform="translate(0,0)">
        <line x1="-156.8" y1="-21.4" x2="168" y2="-21.4"/>
      </g>
      <g class="lini-node lini-line" style="stroke: rgba(0, 0, 0, 0.1); stroke-width: 1" transform="translate(0,0)">
        <line x1="-156.8" y1="-76.4" x2="168" y2="-76.4"/>
      </g>
      <g class="lini-node lini-line" style="stroke: #b8476e" transform="translate(0,0)">
        <polyline points="-116.2,33.6 -35,33.6 -35,33.6 46.2,33.6 46.2,-43.4 127.4,-43.4 127.4,-43.4"/>
      </g>
      <text class="lini-text" x="-166.1" y="88.6" style="fill: #888; font-size: 11px; font-weight: normal">0</text>
      <text class="lini-text" x="-166.1" y="33.6" style="fill: #888; font-size: 11px; font-weight: normal">5</text>
      <text class="lini-text" x="-169.4" y="-21.4" style="fill: #888; font-size: 11px; font-weight: normal">10</text>
      <text class="lini-text" x="-169.4" y="-76.4" style="fill: #888; font-size: 11px; font-weight: normal">15</text>
      <text class="lini-text" x="-116.2" y="100.3" style="fill: #888; font-size: 11px; font-weight: normal">0</text>
      <text class="lini-text" x="-35" y="100.3" style="fill: #888; font-size: 11px; font-weight: normal">10</text>
      <text class="lini-text" x="46.2" y="100.3" style="fill: #888; font-size: 11px; font-weight: normal">20</text>
      <text class="lini-text" x="127.4" y="100.3" style="fill: #888; font-size: 11px; font-weight: normal">30</text>
      <text class="lini-text" x="0" y="-92.9" style="font-size: 13px; font-weight: bold">Tier price ($)</text>
    </g>
    <g class="lini-node lini-chart lini-block" transform="translate(192,62)">
      <rect x="-179" y="-109" width="358" height="218" rx="0" ry="0"/>
      <g class="lini-node lini-line" style="stroke: rgba(0, 0, 0, 0.1); stroke-width: 1" transform="translate(0,0)">
        <line x1="-156.8" y1="73.2" x2="168" y2="73.2"/>
      </g>
      <g class="lini-node lini-line" style="stroke: rgba(0, 0, 0, 0.1); stroke-width: 1" transform="translate(0,0)">
        <line x1="-156.8" y1="28.4667" x2="168" y2="28.4667"/>
      </g>
      <g class="lini-node lini-line" style="stroke: rgba(0, 0, 0, 0.1); stroke-width: 1" transform="translate(0,0)">
        <line x1="-156.8" y1="-16.2667" x2="168" y2="-16.2667"/>
      </g>
      <g class="lini-node lini-line" style="stroke: rgba(0, 0, 0, 0.1); stroke-width: 1" transform="translate(0,0)">
        <line x1="-156.8" y1="-61" x2="168" y2="-61"/>
      </g>
      <g class="lini-node lini-line" style="stroke: rgba(0, 0, 0, 0.1); stroke-width: 1" transform="translate(0,0)">
        <line x1="-135.1467" y1="-61" x2="-135.1467" y2="73.2"/>
      </g>
      <g class="lini-node lini-line" style="stroke: rgba(0, 0, 0, 0.1); stroke-width: 1" transform="translate(0,0)">
        <line x1="-26.88" y1="-61" x2="-26.88" y2="73.2"/>
      </g>
      <g class="lini-node lini-line" style="stroke: rgba(0, 0, 0, 0.1); stroke-width: 1" transform="translate(0,0)">
        <line x1="81.3867" y1="-61" x2="81.3867" y2="73.2"/>
      </g>
      <g class="lini-node lini-oval" style="fill: #811442; stroke: none; stroke-width: 0" transform="translate(-113.4933,-16.2667)">
        <title>12, 40</title>
        <ellipse cx="0" cy="0" rx="3.5" ry="3.5"/>
      </g>
      <g class="lini-node lini-oval" style="fill: #811442; stroke: none; stroke-width: 0" transform="translate(27.2533,-49.8167)">
        <title>25, 55</title>
        <ellipse cx="0" cy="0" rx="3.5" ry="3.5"/>
      </g>
      <g class="lini-node lini-oval" style="fill: #811442; stroke: none; stroke-width: 0" transform="translate(168,6.1)">
        <title>38, 30</title>
        <ellipse cx="0" cy="0" rx="3.5" ry="3.5"/>
      </g>
      <g class="lini-node lini-oval" style="fill: #811442; stroke: none; stroke-width: 0" transform="translate(-156.8,23.9933)">
        <title>8, 22</title>
        <ellipse cx="0" cy="0" rx="3.5" ry="3.5"/>
      </g>
      <g class="lini-node lini-oval" style="fill: #811442; stroke: none; stroke-width: 0" transform="translate(81.3867,46.36)">
        <title>30, 12</title>
        <ellipse cx="0" cy="0" rx="3.5" ry="3.5"/>
      </g>
      <text class="lini-text" x="-166.1" y="73.2" style="fill: #888; font-size: 11px; font-weight: normal">0</text>
      <text class="lini-text" x="-169.4" y="28.4667" style="fill: #888; font-size: 11px; font-weight: normal">20</text>
      <text class="lini-text" x="-169.4" y="-16.2667" style="fill: #888; font-size: 11px; font-weight: normal">40</text>
      <text class="lini-text" x="-169.4" y="-61" style="fill: #888; font-size: 11px; font-weight: normal">60</text>
      <text class="lini-text" x="-133.7" y="-67" style="fill: #888; font-size: 11px; font-weight: normal">share %</text>
      <text class="lini-text" x="-135.1467" y="84.9" style="fill: #888; font-size: 11px; font-weight: normal">10</text>
      <text class="lini-text" x="-26.88" y="84.9" style="fill: #888; font-size: 11px; font-weight: normal">20</text>
      <text class="lini-text" x="81.3867" y="84.9" style="fill: #888; font-size: 11px; font-weight: normal">30</text>
      <text class="lini-text" x="5.6" y="99.6" style="fill: #888; font-size: 11px; font-weight: normal">growth %</text>
      <text class="lini-text" x="0" y="-92.9" style="font-size: 13px; font-weight: bold">Markets — scatter</text>
    </g>
    <g class="lini-node lini-chart lini-block" transform="translate(-192,336)">
      <rect x="-179" y="-109" width="358" height="218" rx="0" ry="0"/>
      <g class="lini-node lini-line" style="stroke: rgba(0, 0, 0, 0.1); stroke-width: 1" transform="translate(0,0)">
        <line x1="-156.8" y1="73.2" x2="168" y2="73.2"/>
      </g>
      <g class="lini-node lini-line" style="stroke: rgba(0, 0, 0, 0.1); stroke-width: 1" transform="translate(0,0)">
        <line x1="-156.8" y1="28.4667" x2="168" y2="28.4667"/>
      </g>
      <g class="lini-node lini-line" style="stroke: rgba(0, 0, 0, 0.1); stroke-width: 1" transform="translate(0,0)">
        <line x1="-156.8" y1="-16.2667" x2="168" y2="-16.2667"/>
      </g>
      <g class="lini-node lini-line" style="stroke: rgba(0, 0, 0, 0.1); stroke-width: 1" transform="translate(0,0)">
        <line x1="-156.8" y1="-61" x2="168" y2="-61"/>
      </g>
      <g class="lini-node lini-line" style="stroke: rgba(0, 0, 0, 0.1); stroke-width: 1" transform="translate(0,0)">
        <line x1="-150.5538" y1="-61" x2="-150.5538" y2="73.2"/>
      </g>
      <g class="lini-node lini-line" style="stroke: rgba(0, 0, 0, 0.1); stroke-width: 1" transform="translate(0,0)">
        <line x1="-46.4513" y1="-61" x2="-46.4513" y2="73.2"/>
      </g>
      <g class="lini-node lini-line" style="stroke: rgba(0, 0, 0, 0.1); stroke-width: 1" transform="translate(0,0)">
        <line x1="57.6513" y1="-61" x2="57.6513" y2="73.2"/>
      </g>
      <g class="lini-node lini-line" style="stroke: rgba(0, 0, 0, 0.1); stroke-width: 1" transform="translate(0,0)">
        <line x1="161.7538" y1="-61" x2="161.7538" y2="73.2"/>
      </g>
      <g class="lini-node lini-oval" style="fill: #00b8ac; stroke: none; stroke-width: 0" transform="translate(-129.7333,-16.2667)">
        <title>EU: 8</title>
        <ellipse cx="0" cy="0" rx="11.8826" ry="11.8826"/>
      </g>
      <g class="lini-node lini-oval" style="fill: #e96490; stroke: none; stroke-width: 0" transform="translate(5.6,-49.8167)">
        <title>US: 20</title>
        <ellipse cx="0" cy="0" rx="18.788" ry="18.788"/>
      </g>
      <g class="lini-node lini-oval" style="fill: #00ace2; stroke: none; stroke-width: 0" transform="translate(140.9333,6.1)">
        <title>APAC: 14</title>
        <ellipse cx="0" cy="0" rx="15.7192" ry="15.7192"/>
      </g>
      <g class="lini-node lini-oval" style="fill: #cb8b00; stroke: none; stroke-width: 0" transform="translate(57.6513,39.65)">
        <title>LatAm: 6</title>
        <ellipse cx="0" cy="0" rx="10.2906" ry="10.2906"/>
      </g>
      <text class="lini-text" x="-166.1" y="73.2" style="fill: #888; font-size: 11px; font-weight: normal">0</text>
      <text class="lini-text" x="-169.4" y="28.4667" style="fill: #888; font-size: 11px; font-weight: normal">20</text>
      <text class="lini-text" x="-169.4" y="-16.2667" style="fill: #888; font-size: 11px; font-weight: normal">40</text>
      <text class="lini-text" x="-169.4" y="-61" style="fill: #888; font-size: 11px; font-weight: normal">60</text>
      <text class="lini-text" x="-133.7" y="-67" style="fill: #888; font-size: 11px; font-weight: normal">share %</text>
      <text class="lini-text" x="-150.5538" y="84.9" style="fill: #888; font-size: 11px; font-weight: normal">10</text>
      <text class="lini-text" x="-46.4513" y="84.9" style="fill: #888; font-size: 11px; font-weight: normal">20</text>
      <text class="lini-text" x="57.6513" y="84.9" style="fill: #888; font-size: 11px; font-weight: normal">30</text>
      <text class="lini-text" x="161.7538" y="84.9" style="fill: #888; font-size: 11px; font-weight: normal">40</text>
      <text class="lini-text" x="5.6" y="99.6" style="fill: #888; font-size: 11px; font-weight: normal">growth %</text>
      <text class="lini-text" x="0" y="-92.9" style="font-size: 13px; font-weight: bold">Markets — bubbles</text>
      <text class="lini-text lini-chart-label" x="-129.7333" y="-16.2667" style="fill: white; font-size: 10px; font-weight: normal">EU</text>
      <text class="lini-text lini-chart-label" x="5.6" y="-49.8167" style="fill: white; font-size: 10px; font-weight: normal">US</text>
      <text class="lini-text lini-chart-label" x="140.9333" y="6.1" style="fill: white; font-size: 10px; font-weight: normal">APAC</text>
      <text class="lini-text lini-chart-label" x="57.6513" y="17.3594" style="fill: #888; font-size: 10px; font-weight: normal">LatAm</text>
    </g>
    <g class="lini-node lini-pie lini-block" transform="translate(192,336)">
      <rect x="-139" y="-139" width="278" height="278" rx="0" ry="0"/>
      <g class="lini-node lini-poly" style="fill: #ffb2c9; stroke: #b8476e; stroke-width: 2; opacity: 1" transform="translate(0,0)">
        <title>Search: 45 (45%)</title>
        <polygon points="0,-106.4 10.7418,-105.8759 21.3816,-104.3087 31.8184,-101.7132 41.9529,-98.1141 51.6889,-93.5456 60.9339,-88.051 69.6002,-81.6825 77.6054,-74.5007 84.8735,-66.5738 91.3355,-57.977 96.9299,-48.792 101.6036,-39.106 105.3123,-29.0111 108.0207,-18.6031 109.7031,-7.9809 110.3435,2.7546 109.9359,13.5015 108.484,24.1576 106.0017,34.6219 102.5126,44.7947 98.0498,54.5797 92.6557,63.8837 86.3815,72.6185 79.2868,80.701 71.4391,88.0546 62.9128,94.6093 53.7889,100.3029 44.1542,105.0813 34.1,108.8991 0,3.95"/>
      </g>
      <g class="lini-node lini-poly" style="fill: #79e3da; stroke: #008e85; stroke-width: 2; opacity: 1" transform="translate(0,0)">
        <title>Direct: 25 (25%)</title>
        <polygon points="34.1,108.8991 23.649,111.7361 12.9703,113.5351 2.1666,114.2787 -8.658,113.9598 -19.3991,112.5815 -29.9535,110.1569 -40.2193,106.7096 -50.0979,102.2726 -59.4939,96.8887 -68.317,90.6097 -76.4822,83.4962 -83.9108,75.6166 -90.5313,67.0468 -96.2799,57.8694 -101.1013,48.1726 -104.9491,38.05 0,3.95"/>
      </g>
      <g class="lini-node lini-poly" style="fill: #ffbd8d; stroke: #b45700; stroke-width: 2; opacity: 1" transform="translate(0,0)">
        <title>Social: 18 (18%)</title>
        <polygon points="-104.9491,38.05 -107.6924,28.0221 -109.4799,17.7805 -110.2955,7.4162 -110.1322,-2.9789 -108.9914,-13.3125 -106.8832,-23.4929 -103.8262,-33.4297 -99.8477,-43.0347 -94.9829,-52.2227 -89.275,-60.9121 -82.7748,-69.0258 -75.5398,-76.4917 0,3.95"/>
      </g>
      <g class="lini-node lini-poly" style="fill: #7eddfd; stroke: #0085b3; stroke-width: 2; opacity: 1" transform="translate(0,0)">
        <title>Referral: 12 (12%)</title>
        <polygon points="-75.5398,-76.4917 -67.6343,-83.2436 -59.1285,-89.2216 -50.0979,-94.3726 -40.6225,-98.6508 -30.7867,-102.0184 -20.6775,-104.4454 -10.3849,-105.9103 -0,-106.4 0,3.95"/>
      </g>
      <text class="lini-text" x="0" y="-122.9" style="font-size: 13px; font-weight: bold">Traffic sources</text>
      <g class="lini-node lini-block" style="fill: #ffb2c9; stroke: #b8476e; stroke-width: 1" transform="translate(-136.3,130.1)">
        <rect x="-5" y="-5" width="10" height="10" rx="2" ry="2"/>
      </g>
      <text class="lini-text" x="-106" y="130.1" style="font-size: 11px; font-weight: bold">Search</text>
      <g class="lini-node lini-block" style="fill: #79e3da; stroke: #008e85; stroke-width: 1" transform="translate(-64.7,130.1)">
        <rect x="-5" y="-5" width="10" height="10" rx="2" ry="2"/>
      </g>
      <text class="lini-text" x="-34.4" y="130.1" style="font-size: 11px; font-weight: bold">Direct</text>
      <g class="lini-node lini-block" style="fill: #ffbd8d; stroke: #b45700; stroke-width: 1" transform="translate(6.9,130.1)">
        <rect x="-5" y="-5" width="10" height="10" rx="2" ry="2"/>
      </g>
      <text class="lini-text" x="37.2" y="130.1" style="font-size: 11px; font-weight: bold">Social</text>
      <g class="lini-node lini-block" style="fill: #7eddfd; stroke: #0085b3; stroke-width: 1" transform="translate(78.5,130.1)">
        <rect x="-5" y="-5" width="10" height="10" rx="2" ry="2"/>
      </g>
      <text class="lini-text" x="115.4" y="130.1" style="font-size: 11px; font-weight: bold">Referral</text>
    </g>
    <g class="lini-node lini-pie lini-block" transform="translate(-192,640)">
      <rect x="-139" y="-139" width="278" height="278" rx="0" ry="0"/>
      <g class="lini-node lini-poly" style="fill: #ffb2c9; stroke: #b8476e; stroke-width: 2; opacity: 1" transform="translate(0,0)">
        <title>Ads: 40 (40%)</title>
        <polygon points="0,-106.4 10.6503,-105.8848 21.2012,-104.3442 31.5541,-101.7924 41.6124,-98.2534 51.2822,-93.7601 60.4732,-88.3545 69.0995,-82.0871 77.0807,-75.0163 84.3422,-67.2083 90.8163,-58.7359 96.4424,-49.6783 101.168,-40.1199 104.9491,-30.15 107.7503,-19.8618 109.5454,-9.3512 110.3178,1.2835 110.0601,11.9432 108.7749,22.5282 106.474,32.9398 103.179,43.0806 98.9207,52.8562 93.7388,62.1751 87.6816,70.9504 80.8058,79.1001 73.1756,86.5482 64.8621,93.225 32.4311,48.5875 36.5878,45.2491 40.4029,41.5251 43.8408,37.4502 46.8694,33.0626 49.4604,28.4031 51.5895,23.5153 53.237,18.4449 54.3874,13.2391 55.0301,7.9466 55.1589,2.6168 54.7727,-2.7006 53.8751,-7.9559 52.4745,-13.1 50.584,-18.0849 48.2212,-22.8641 45.4081,-27.393 42.1711,-31.6292 38.5404,-35.5332 34.5498,-39.0685 30.2366,-42.2022 25.6411,-44.905 20.8062,-47.1517 15.7771,-48.9212 10.6006,-50.1971 5.3252,-50.9674 0,-51.225"/>
      </g>
      <g class="lini-node lini-poly" style="fill: #79e3da; stroke: #008e85; stroke-width: 2; opacity: 1" transform="translate(0,0)">
        <title>SEO: 30 (30%)</title>
        <polygon points="64.8621,93.225 56.1727,98.9329 46.9847,103.7977 37.3797,107.7762 27.4429,110.8332 17.2625,112.9414 6.9289,114.0822 -3.4662,114.2455 -13.8305,113.4299 -24.0721,111.6424 -34.1,108.8991 -43.8253,105.2242 -53.1615,100.6504 -62.0259,95.2183 -70.3397,88.9761 -78.0292,81.9792 -85.0261,74.2897 -91.2683,65.9759 -96.7004,57.1115 -101.2742,47.7753 -104.9491,38.05 -52.4745,21 -50.6371,25.8626 -48.3502,30.5308 -45.6342,34.963 -42.5131,39.1199 -39.0146,42.9646 -35.1699,46.4631 -31.013,49.5842 -26.5808,52.3002 -21.9126,54.5871 -17.05,56.4245 -12.0361,57.7962 -6.9153,58.6899 -1.7331,59.0978 3.4645,59.0161 8.6313,58.4457 13.7215,57.3916 18.6899,55.8631 23.4924,53.8738 28.0864,51.4414 32.4311,48.5875"/>
      </g>
      <g class="lini-node lini-poly" style="fill: #ffbd8d; stroke: #b45700; stroke-width: 2; opacity: 1" transform="translate(0,0)">
        <title>Direct: 30 (30%)</title>
        <polygon points="-104.9491,38.05 -107.6924,28.0221 -109.4799,17.7805 -110.2955,7.4162 -110.1322,-2.9789 -108.9914,-13.3125 -106.8832,-23.4929 -103.8262,-33.4297 -99.8477,-43.0347 -94.9829,-52.2227 -89.275,-60.9121 -82.7748,-69.0258 -75.5398,-76.4917 -67.6343,-83.2436 -59.1285,-89.2216 -50.0979,-94.3726 -40.6225,-98.6508 -30.7867,-102.0184 -20.6775,-104.4454 -10.3849,-105.9103 -0,-106.4 -0,-51.225 -5.1924,-50.9801 -10.3388,-50.2477 -15.3933,-49.0342 -20.3113,-47.3504 -25.0489,-45.2113 -29.5642,-42.6358 -33.8171,-39.6468 -37.7699,-36.2708 -41.3874,-32.5379 -44.6375,-28.4811 -47.4914,-24.1364 -49.9238,-19.5424 -51.9131,-14.7399 -53.4416,-9.7715 -54.4957,-4.6813 -55.0661,0.4855 -55.1478,5.6831 -54.7399,10.8653 -53.8462,15.9861 -52.4745,21"/>
      </g>
      <text class="lini-text" x="0" y="-122.9" style="font-size: 13px; font-weight: bold">Spend</text>
      <g class="lini-node lini-block" style="fill: #ffb2c9; stroke: #b8476e; stroke-width: 1" transform="translate(-74.1,130.1)">
        <rect x="-5" y="-5" width="10" height="10" rx="2" ry="2"/>
      </g>
      <text class="lini-text" x="-53.7" y="130.1" style="font-size: 11px; font-weight: bold">Ads</text>
      <g class="lini-node lini-block" style="fill: #79e3da; stroke: #008e85; stroke-width: 1" transform="translate(-22.3,130.1)">
        <rect x="-5" y="-5" width="10" height="10" rx="2" ry="2"/>
      </g>
      <text class="lini-text" x="-1.9" y="130.1" style="font-size: 11px; font-weight: bold">SEO</text>
      <g class="lini-node lini-block" style="fill: #ffbd8d; stroke: #b45700; stroke-width: 1" transform="translate(29.5,130.1)">
        <rect x="-5" y="-5" width="10" height="10" rx="2" ry="2"/>
      </g>
      <text class="lini-text" x="59.8" y="130.1" style="font-size: 11px; font-weight: bold">Direct</text>
    </g>
  </g>
  <g class="lini-links"/>
</svg>
