---
source: tests/conformance.rs
expression: svg
input_file: samples/templates_all.lini
---
<svg xmlns="http://www.w3.org/2000/svg" viewBox="-231.55 -99.3 463.1 198.6" width="463.1" height="198.6" class="lini">
  <style>
    .lini { font-family: sans-serif; font-size: 13px; color: black; }
    .lini .lini-shape-rect { fill: white; stroke: #444; stroke-width: 1; stroke-dasharray: none; }
    .lini .lini-shape-text { fill: currentColor; stroke: none; text-anchor: middle; dominant-baseline: central; }
    .lini .lini-shape-group { fill: rgba(0, 0, 0, 0.03); stroke: #bbb; }
  </style>
  <defs/>
  <g class="lini-scene">
    <g class="lini-node lini-shape-group lini-shape-rect" transform="translate(-180.25,-54.5)">
      <rect x="-28.375" y="-18.3" width="56.75" height="36.6" rx="6" ry="6"/>
      <g class="lini-node lini-shape-text" transform="translate(0,0)">
        <text x="0" y="0">group</text>
      </g>
    </g>
    <g class="lini-node lini-shape-badge lini-shape-rect" transform="translate(-48.45,-54.5)">
      <rect x="-34.375" y="-24.3" width="68.75" height="48.6" rx="0" ry="0"/>
      <g class="lini-node lini-shape-text" transform="translate(0,0)">
        <text x="0" y="0">badge</text>
      </g>
    </g>
    <g class="lini-node lini-shape-button lini-shape-rect" transform="translate(90.5,-54.5)">
      <rect x="-37.95" y="-24.3" width="75.9" height="48.6" rx="0" ry="0"/>
      <g class="lini-node lini-shape-text" transform="translate(0,0)">
        <text x="0" y="0">button</text>
      </g>
    </g>
    <g class="lini-node lini-shape-card lini-shape-rect" transform="translate(180.25,-54.5)">
      <rect x="-30.8" y="-24.3" width="61.6" height="48.6" rx="0" ry="0"/>
      <g class="lini-node lini-shape-text" transform="translate(0,0)">
        <text x="0" y="0">card</text>
      </g>
    </g>
    <g class="lini-node lini-shape-note lini-shape-rect" transform="translate(-180.25,34.8)">
      <rect x="-30.8" y="-24.3" width="61.6" height="48.6" rx="0" ry="0"/>
      <g class="lini-node lini-shape-text" transform="translate(0,0)">
        <text x="0" y="0">note</text>
      </g>
    </g>
    <g class="lini-node lini-shape-table lini-shape-group lini-shape-rect" data-id="fridge" transform="translate(-48.45,34.8)">
      <rect x="-80" y="-44" width="160" height="88" rx="6" ry="6"/>
      <g class="lini-node lini-shape-cell lini-shape-rect" transform="translate(-40,-22)">
        <rect x="-20.075" y="-24.3" width="40.15" height="48.6" rx="0" ry="0"/>
        <g class="lini-node lini-shape-text" transform="translate(0,0)">
          <text x="0" y="0">A</text>
        </g>
      </g>
      <g class="lini-node lini-shape-cell lini-shape-rect" transform="translate(40,-22)">
        <rect x="-20.075" y="-24.3" width="40.15" height="48.6" rx="0" ry="0"/>
        <g class="lini-node lini-shape-text" transform="translate(0,0)">
          <text x="0" y="0">B</text>
        </g>
      </g>
      <g class="lini-node lini-shape-cell lini-shape-rect" transform="translate(-40,22)">
        <rect x="-20.075" y="-24.3" width="40.15" height="48.6" rx="0" ry="0"/>
        <g class="lini-node lini-shape-text" transform="translate(0,0)">
          <text x="0" y="0">C</text>
        </g>
      </g>
      <g class="lini-node lini-shape-cell lini-shape-rect" transform="translate(40,22)">
        <rect x="-20.075" y="-24.3" width="40.15" height="48.6" rx="0" ry="0"/>
        <g class="lini-node lini-shape-text" transform="translate(0,0)">
          <text x="0" y="0">D</text>
        </g>
      </g>
    </g>
    <g class="lini-node lini-shape-cell lini-shape-rect" transform="translate(90.5,34.8)">
      <rect x="-30.8" y="-24.3" width="61.6" height="48.6" rx="0" ry="0"/>
      <g class="lini-node lini-shape-text" transform="translate(0,0)">
        <text x="0" y="0">cell</text>
      </g>
    </g>
  </g>
  <g class="lini-wires"/>
</svg>
