---
source: tests/conformance.rs
expression: svg
input_file: samples/drawing_annotations.lini
---
<svg xmlns="http://www.w3.org/2000/svg" viewBox="-683.678 -193.5 1367.3561 406" width="1367.3561" height="406" class="lini lini-scope-3d044d79">
  <style>
    .lini-scope-3d044d79 { font-family: "Google Sans", system-ui, -apple-system, "Segoe UI", Roboto, "Helvetica Neue", Arial, sans-serif; font-size: 15px; font-weight: 500; color: black; }
    .lini-scope-3d044d79 .lini-canvas { fill: white; }
    .lini-scope-3d044d79 .lini-block { fill: none; stroke: none; stroke-width: 2; stroke-dasharray: none; }
    .lini-scope-3d044d79 .lini-oval { fill: white; stroke: #444; stroke-width: 2; stroke-dasharray: none; }
    .lini-scope-3d044d79 .lini-poly { stroke-dasharray: none; }
    .lini-scope-3d044d79 .lini-path { stroke-dasharray: none; }
    .lini-scope-3d044d79 .lini-sketch { fill: white; stroke: black; stroke-width: 2; stroke-dasharray: none; }
    .lini-scope-3d044d79 .lini-line { fill: none; stroke: #444; stroke-width: 2; stroke-dasharray: none; }
    .lini-scope-3d044d79 .lini-dim-line { fill: none; stroke: #484848; stroke-width: 1; }
    .lini-scope-3d044d79 .lini-ext-line { fill: none; stroke: #484848; stroke-width: 1; }
    .lini-scope-3d044d79 .lini-dim-text { font-size: 12px; font-weight: 400; }
    .lini-scope-3d044d79 .lini-text { fill: currentColor; stroke: none; text-anchor: middle; }
    .lini-scope-3d044d79 .lini-cut-bg { fill: white; stroke: none; }
    .lini-scope-3d044d79 .lini-halo { stroke: black; }
    .lini-scope-3d044d79 .lini-box { fill: white; stroke: #444; stroke-width: 2; }
    .lini-scope-3d044d79 .lini-caption { color: rgba(0, 0, 0, 0.5); font-size: 12px; font-weight: 400; }
    .lini-scope-3d044d79 .lini-footnote { color: rgba(0, 0, 0, 0.5); font-size: 12px; }
    .lini-scope-3d044d79 .lini-note { fill: white; stroke: #444; }
    .lini-scope-3d044d79 .lini-balloon { fill: white; stroke: #444; font-size: 11px; }
    .lini-scope-3d044d79 .lini-hole { fill: white; stroke: black; }
    .lini-scope-3d044d79 .lini-centerline { fill: none; stroke: rgba(0, 0, 0, 0.545); stroke-width: 1; stroke-dasharray: 10,3,1,3; }
    .lini-scope-3d044d79 .lini-marker { fill: #444; stroke: none; }
    .lini-scope-3d044d79 .lini-dim-line .lini-marker { fill: #484848; }
    .lini-scope-3d044d79 .lini-marker-dim { fill: #484848; }
    .lini-scope-3d044d79 .lini-marker-datum { fill: #484848; }
    .lini-scope-3d044d79 .lini-dim-line.lini-dim { stroke: #004496; stroke-width: 1; }
    .lini-scope-3d044d79 .lini-ext-line.lini-dim { stroke: #004496; stroke-width: 1; }
    .lini-scope-3d044d79 .lini-marker-dim.lini-dim { fill: #004496; }
    .lini-scope-3d044d79 .lini-drawing .lini-note { font-size: 13px; }
  </style>
  <defs>
    <path id="lini-g1400-0" d="…"/>
    <path id="lini-g1400-1" d="…"/>
    <path id="lini-g1400-27" d="…"/>
    <path id="lini-g1400-28" d="…"/>
    <path id="lini-g1400-34" d="…"/>
    <path id="lini-g1400-38" d="…"/>
    <path id="lini-g1400-57" d="…"/>
    <path id="lini-g1400-62" d="…"/>
    <path id="lini-g1400-65" d="…"/>
    <path id="lini-g1400-79" d="…"/>
    <path id="lini-g1400-81" d="…"/>
    <path id="lini-g1400-87" d="…"/>
    <path id="lini-g1400-88" d="…"/>
    <path id="lini-g1400-94" d="…"/>
    <path id="lini-g1400-115" d="…"/>
    <path id="lini-g1400-119" d="…"/>
    <path id="lini-g1400-122" d="…"/>
    <path id="lini-g1400-126" d="…"/>
    <path id="lini-g1400-132" d="…"/>
    <path id="lini-g1400-156" d="…"/>
    <path id="lini-g1400-1652" d="…"/>
    <path id="lini-g1400-1653" d="…"/>
    <path id="lini-g1400-1654" d="…"/>
    <path id="lini-g1400-1655" d="…"/>
    <path id="lini-g1400-1656" d="…"/>
    <path id="lini-g1400-1657" d="…"/>
    <path id="lini-g1400-1658" d="…"/>
    <path id="lini-g1400-1659" d="…"/>
    <path id="lini-g1400-1660" d="…"/>
    <path id="lini-g1400-1661" d="…"/>
    <path id="lini-g1400-1779" d="…"/>
    <path id="lini-g1400-1828" d="…"/>
    <path id="lini-g1400-1912" d="…"/>
    <path id="lini-g1400-1914" d="…"/>
    <path id="lini-g1400-1991" d="…"/>
    <path id="lini-g1500-0" d="…"/>
    <path id="lini-g1500-1" d="…"/>
    <path id="lini-g1500-27" d="…"/>
    <path id="lini-g1500-34" d="…"/>
    <path id="lini-g1500-38" d="…"/>
    <path id="lini-g1500-56" d="…"/>
    <path id="lini-g1500-57" d="…"/>
    <path id="lini-g1500-65" d="…"/>
    <path id="lini-g1500-81" d="…"/>
    <path id="lini-g1500-87" d="…"/>
    <path id="lini-g1500-88" d="…"/>
    <path id="lini-g1500-122" d="…"/>
    <path id="lini-g1500-132" d="…"/>
    <path id="lini-g1500-137" d="…"/>
    <path id="lini-g1500-1653" d="…"/>
  </defs>
  <rect class="lini-canvas" x="-683.678" y="-193.5" width="1367.3561" height="406"/>
  <g class="lini-scene">
    <g class="lini-node lini-drawing lini-block" data-id="plate-view" transform="translate(-269.3512,0)">
      <rect x="-394.3268" y="-173.5" width="788.6536" height="347" rx="0" ry="0"/>
      <g class="lini-node lini-rect lini-box lini-block" data-id="plate" transform="translate(10.2772,-11.5)">
        <rect x="-300" y="-140" width="600" height="280" rx="0" ry="0"/>
        <g class="lini-node lini-hole lini-oval" data-id="bolt" style="fill: none; stroke: none; stroke-width: 0; opacity: 1" transform="translate(-200,-60)">
          <ellipse cx="0" cy="0" rx="221" ry="81"/>
          <g class="lini-node lini-hole lini-oval" transform="translate(0,0)">
            <ellipse cx="0" cy="0" rx="20" ry="20"/>
            <g class="lini-node lini-centerline lini-line" transform="translate(0,0)">
              <line x1="-24" y1="0" x2="24" y2="0"/>
            </g>
            <g class="lini-node lini-centerline lini-line" transform="translate(0,0)">
              <line x1="0" y1="24" x2="0" y2="-24"/>
            </g>
          </g>
          <g class="lini-node lini-hole lini-oval" transform="translate(400,0)">
            <ellipse cx="0" cy="0" rx="20" ry="20"/>
            <g class="lini-node lini-centerline lini-line" transform="translate(0,0)">
              <line x1="-24" y1="0" x2="24" y2="0"/>
            </g>
            <g class="lini-node lini-centerline lini-line" transform="translate(0,0)">
              <line x1="0" y1="24" x2="0" y2="-24"/>
            </g>
          </g>
          <g class="lini-node lini-hole lini-oval" transform="translate(0,120)">
            <ellipse cx="0" cy="0" rx="20" ry="20"/>
            <g class="lini-node lini-centerline lini-line" transform="translate(0,0)">
              <line x1="-24" y1="0" x2="24" y2="0"/>
            </g>
            <g class="lini-node lini-centerline lini-line" transform="translate(0,0)">
              <line x1="0" y1="24" x2="0" y2="-24"/>
            </g>
          </g>
          <g class="lini-node lini-hole lini-oval" transform="translate(400,120)">
            <ellipse cx="0" cy="0" rx="20" ry="20"/>
            <g class="lini-node lini-centerline lini-line" transform="translate(0,0)">
              <line x1="-24" y1="0" x2="24" y2="0"/>
            </g>
            <g class="lini-node lini-centerline lini-line" transform="translate(0,0)">
              <line x1="0" y1="24" x2="0" y2="-24"/>
            </g>
          </g>
        </g>
        <g class="lini-node lini-hole lini-oval" data-id="dowel" transform="translate(0,60)">
          <ellipse cx="0" cy="0" rx="12" ry="12"/>
          <g class="lini-node lini-centerline lini-line" transform="translate(0,0)">
            <line x1="-16" y1="0" x2="16" y2="0"/>
          </g>
          <g class="lini-node lini-centerline lini-line" transform="translate(0,0)">
            <line x1="0" y1="16" x2="0" y2="-16"/>
          </g>
        </g>
      </g>
      <g class="lini-node lini-ext-line lini-dim lini-line" transform="translate(10.2772,-11.5)">
        <line x1="-300" y1="3" x2="-300" y2="163"/>
      </g>
      <g class="lini-node lini-ext-line lini-dim lini-line" transform="translate(10.2772,-11.5)">
        <mask id="lini-halo-plate-view-0" maskUnits="userSpaceOnUse" x="-201.5" y="-58.5" width="3" height="223"><rect class="lini-cut-bg" x="-201.5" y="-58.5" width="3" height="223"/><polyline class="lini-halo" fill="none" stroke-width="3" points="-200,-42 -200,-38"/><polyline class="lini-halo" fill="none" stroke-width="3" points="-200,38 -200,42"/><polyline class="lini-halo" fill="none" stroke-width="3" points="-200,78 -200,82"/><polyline class="lini-halo" fill="none" stroke-width="3" points="-200,137 -200,143"/></mask>
        <line x1="-200" y1="-57" x2="-200" y2="163" mask="url(#lini-halo-plate-view-0)"/>
      </g>
      <g class="lini-node lini-dim-line lini-dim lini-line" transform="translate(10.2772,-11.5)">
        <line x1="-298" y1="160" x2="-202" y2="160"/>
      </g>
      <g class="lini-node lini-marker lini-marker-dim lini-dim lini-poly" transform="translate(10.2772,-11.5)">
        <polygon points="-300,160 -288,158 -288,162"/>
      </g>
      <g class="lini-node lini-marker lini-marker-dim lini-dim lini-poly" transform="translate(10.2772,-11.5)">
        <polygon points="-200,160 -212,162 -212,158"/>
      </g>
      <g class="lini-text lini-dim-text">
        <use href="#lini-g1400-1654" transform="translate(-246.2208 144.796) scale(0.012 -0.012)"/>
        <use href="#lini-g1400-1657" transform="translate(-239.9328 144.796) scale(0.012 -0.012)"/>
      </g>
      <g class="lini-node lini-ext-line lini-dim lini-line" transform="translate(10.2772,-11.5)">
        <mask id="lini-halo-plate-view-1" maskUnits="userSpaceOnUse" x="-201.5" y="-58.5" width="3" height="223"><rect class="lini-cut-bg" x="-201.5" y="-58.5" width="3" height="223"/><polyline class="lini-halo" fill="none" stroke-width="3" points="-200,-42 -200,-38"/><polyline class="lini-halo" fill="none" stroke-width="3" points="-200,38 -200,42"/><polyline class="lini-halo" fill="none" stroke-width="3" points="-200,78 -200,82"/><polyline class="lini-halo" fill="none" stroke-width="3" points="-200,137 -200,143"/></mask>
        <line x1="-200" y1="-57" x2="-200" y2="163" mask="url(#lini-halo-plate-view-1)"/>
      </g>
      <g class="lini-node lini-ext-line lini-dim lini-line" transform="translate(10.2772,-11.5)">
        <line x1="300" y1="3" x2="300" y2="163"/>
      </g>
      <g class="lini-node lini-dim-line lini-dim lini-line" transform="translate(10.2772,-11.5)">
        <line x1="-198" y1="160" x2="298" y2="160"/>
      </g>
      <g class="lini-node lini-marker lini-marker-dim lini-dim lini-poly" transform="translate(10.2772,-11.5)">
        <polygon points="-200,160 -188,158 -188,162"/>
      </g>
      <g class="lini-node lini-marker lini-marker-dim lini-dim lini-poly" transform="translate(10.2772,-11.5)">
        <polygon points="300,160 288,162 288,158"/>
      </g>
      <g class="lini-text lini-dim-text">
        <use href="#lini-g1400-1653" transform="translate(51.1992 144.796) scale(0.012 -0.012)"/>
        <use href="#lini-g1400-1654" transform="translate(56.3592 144.796) scale(0.012 -0.012)"/>
        <use href="#lini-g1400-1657" transform="translate(62.6472 144.796) scale(0.012 -0.012)"/>
      </g>
      <g class="lini-node lini-ext-line lini-dim lini-line" transform="translate(10.2772,-11.5)">
        <line x1="-300" y1="3" x2="-300" y2="185"/>
      </g>
      <g class="lini-node lini-ext-line lini-dim lini-line" transform="translate(10.2772,-11.5)">
        <line x1="300" y1="3" x2="300" y2="185"/>
      </g>
      <g class="lini-node lini-dim-line lini-dim lini-line" transform="translate(10.2772,-11.5)">
        <line x1="-298" y1="182" x2="298" y2="182"/>
      </g>
      <g class="lini-node lini-marker lini-marker-dim lini-dim lini-poly" transform="translate(10.2772,-11.5)">
        <polygon points="-300,182 -288,180 -288,184"/>
      </g>
      <g class="lini-node lini-marker lini-marker-dim lini-dim lini-poly" transform="translate(10.2772,-11.5)">
        <polygon points="300,182 288,184 288,180"/>
      </g>
      <g class="lini-text lini-dim-text">
        <use href="#lini-g1400-1653" transform="translate(0.4852 166.796) scale(0.012 -0.012)"/>
        <use href="#lini-g1400-1657" transform="translate(5.6452 166.796) scale(0.012 -0.012)"/>
        <use href="#lini-g1400-1652" transform="translate(12.3532 166.796) scale(0.012 -0.012)"/>
      </g>
      <g class="lini-node lini-ext-line lini-dim lini-line" transform="translate(10.2772,-11.5)">
        <mask id="lini-halo-plate-view-2" maskUnits="userSpaceOnUse" x="-201.5" y="-152.5" width="3" height="91"><rect class="lini-cut-bg" x="-201.5" y="-152.5" width="3" height="91"/><polyline class="lini-halo" fill="none" stroke-width="3" points="-200,-78 -200,-82"/><polyline class="lini-halo" fill="none" stroke-width="3" points="-200,-137 -200,-143"/></mask>
        <line x1="-200" y1="-63" x2="-200" y2="-151" mask="url(#lini-halo-plate-view-2)"/>
      </g>
      <g class="lini-node lini-ext-line lini-dim lini-line" transform="translate(10.2772,-11.5)">
        <mask id="lini-halo-plate-view-3" maskUnits="userSpaceOnUse" x="198.5" y="-152.5" width="3" height="91"><rect class="lini-cut-bg" x="198.5" y="-152.5" width="3" height="91"/><polyline class="lini-halo" fill="none" stroke-width="3" points="200,-78 200,-82"/><polyline class="lini-halo" fill="none" stroke-width="3" points="200,-137 200,-143"/></mask>
        <line x1="200" y1="-63" x2="200" y2="-151" mask="url(#lini-halo-plate-view-3)"/>
      </g>
      <g class="lini-node lini-dim-line lini-dim lini-line" transform="translate(10.2772,-11.5)">
        <line x1="-198" y1="-148" x2="198" y2="-148"/>
      </g>
      <g class="lini-node lini-marker lini-marker-dim lini-dim lini-poly" transform="translate(10.2772,-11.5)">
        <polygon points="-200,-148 -188,-150 -188,-146"/>
      </g>
      <g class="lini-node lini-marker lini-marker-dim lini-dim lini-poly" transform="translate(10.2772,-11.5)">
        <polygon points="200,-148 188,-146 188,-150"/>
      </g>
      <g class="lini-text lini-dim-text">
        <use href="#lini-g1400-1653" transform="translate(-0.0188 -163.204) scale(0.012 -0.012)"/>
        <use href="#lini-g1400-1652" transform="translate(5.1412 -163.204) scale(0.012 -0.012)"/>
        <use href="#lini-g1400-1652" transform="translate(12.8572 -163.204) scale(0.012 -0.012)"/>
      </g>
      <g class="lini-node lini-ext-line lini-dim lini-line" transform="translate(10.2772,-11.5)">
        <line x1="-3" y1="-140" x2="-311" y2="-140"/>
      </g>
      <g class="lini-node lini-ext-line lini-dim lini-line" transform="translate(10.2772,-11.5)">
        <mask id="lini-halo-plate-view-4" maskUnits="userSpaceOnUse" x="-312.5" y="58.5" width="311" height="3"><rect class="lini-cut-bg" x="-312.5" y="58.5" width="311" height="3"/><polyline class="lini-halo" fill="none" stroke-width="3" points="-9,60 -15,60"/><polyline class="lini-halo" fill="none" stroke-width="3" points="-178,60 -182,60"/><polyline class="lini-halo" fill="none" stroke-width="3" points="-218,60 -222,60"/><polyline class="lini-halo" fill="none" stroke-width="3" points="-297,60 -303,60"/></mask>
        <line x1="-3" y1="60" x2="-311" y2="60" mask="url(#lini-halo-plate-view-4)"/>
      </g>
      <g class="lini-node lini-dim-line lini-dim lini-line" transform="translate(10.2772,-11.5)">
        <line x1="-308" y1="-138" x2="-308" y2="58"/>
      </g>
      <g class="lini-node lini-marker lini-marker-dim lini-dim lini-poly" transform="translate(10.2772,-11.5)">
        <polygon points="-308,-140 -306,-128 -310,-128"/>
      </g>
      <g class="lini-node lini-marker lini-marker-dim lini-dim lini-poly" transform="translate(10.2772,-11.5)">
        <polygon points="-308,60 -310,48 -306,48"/>
      </g>
      <g class="lini-text lini-dim-text" transform="rotate(-90 -305.7228 -51.5)">
        <use href="#lini-g1400-1657" transform="translate(-312.9348 -47.204) scale(0.012 -0.012)"/>
        <use href="#lini-g1400-1652" transform="translate(-306.2268 -47.204) scale(0.012 -0.012)"/>
      </g>
      <g class="lini-node lini-ext-line lini-dim lini-line" transform="translate(10.2772,-11.5)">
        <line x1="-3" y1="-140" x2="-332" y2="-140"/>
      </g>
      <g class="lini-node lini-ext-line lini-dim lini-line" transform="translate(10.2772,-11.5)">
        <line x1="-3" y1="140" x2="-332" y2="140"/>
      </g>
      <g class="lini-node lini-dim-line lini-dim lini-line" transform="translate(10.2772,-11.5)">
        <line x1="-329" y1="-138" x2="-329" y2="138"/>
      </g>
      <g class="lini-node lini-marker lini-marker-dim lini-dim lini-poly" transform="translate(10.2772,-11.5)">
        <polygon points="-329,-140 -327,-128 -331,-128"/>
      </g>
      <g class="lini-node lini-marker lini-marker-dim lini-dim lini-poly" transform="translate(10.2772,-11.5)">
        <polygon points="-329,140 -331,128 -327,128"/>
      </g>
      <g class="lini-text lini-dim-text" transform="rotate(-90 -326.7228 0.084)">
        <use href="#lini-g1400-1659" transform="translate(-333.7428 4.38) scale(0.012 -0.012)"/>
        <use href="#lini-g1400-1652" transform="translate(-327.4188 4.38) scale(0.012 -0.012)"/>
      </g>
      <g class="lini-text lini-dim-text" style="font-size: 8.4px" transform="rotate(-90 -331.3428 -19.52)">
        <use href="#lini-g1400-1912" transform="translate(-339.5706 -16.5128) scale(0.0084 -0.0084)"/>
        <use href="#lini-g1400-1652" transform="translate(-334.9002 -16.5128) scale(0.0084 -0.0084)"/>
        <use href="#lini-g1400-1779" transform="translate(-329.499 -16.5128) scale(0.0084 -0.0084)"/>
        <use href="#lini-g1400-1654" transform="translate(-327.5166 -16.5128) scale(0.0084 -0.0084)"/>
      </g>
      <g class="lini-text lini-dim-text" style="font-size: 8.4px" transform="rotate(-90 -322.1028 -19.52)">
        <use href="#lini-g1400-1828" transform="translate(-332.6868 -16.5128) scale(0.0084 -0.0084)"/>
        <use href="#lini-g1400-1652" transform="translate(-328.9992 -16.5128) scale(0.0084 -0.0084)"/>
        <use href="#lini-g1400-1779" transform="translate(-323.598 -16.5128) scale(0.0084 -0.0084)"/>
        <use href="#lini-g1400-1652" transform="translate(-321.6156 -16.5128) scale(0.0084 -0.0084)"/>
        <use href="#lini-g1400-1657" transform="translate(-316.2144 -16.5128) scale(0.0084 -0.0084)"/>
      </g>
      <g class="lini-node lini-dim-line lini-dim lini-line" transform="translate(10.2772,-11.5)">
        <mask id="lini-halo-plate-view-5" maskUnits="userSpaceOnUse" x="-347.5" y="-102.9" width="181.5661" height="54.1698"><rect class="lini-cut-bg" x="-347.5" y="-102.9" width="181.5661" height="54.1698"/><polyline class="lini-halo" fill="none" stroke-width="3" points="-297,-89.1 -303,-90.9"/></mask>
        <polyline points="-167.4339,-50.2302 -338,-101.4 -346,-101.4" mask="url(#lini-halo-plate-view-5)"/>
      </g>
      <g class="lini-node lini-marker lini-marker-dim lini-dim lini-poly" transform="translate(10.2772,-11.5)">
        <polygon points="-219.1565,-65.747 -231.2251,-67.2795 -230.0757,-71.1108"/>
      </g>
      <g class="lini-node lini-marker lini-marker-dim lini-dim lini-poly" transform="translate(10.2772,-11.5)">
        <polygon points="-180.8435,-54.253 -168.7749,-52.7205 -169.9243,-48.8892"/>
      </g>
      <g class="lini-text lini-dim-text">
        <use href="#lini-g1400-1656" transform="translate(-394.3268 -108.604) scale(0.012 -0.012)"/>
        <use href="#lini-g1400-1914" transform="translate(-387.2348 -108.604) scale(0.012 -0.012)"/>
        <use href="#lini-g1400-115" transform="translate(-377.9228 -108.604) scale(0.012 -0.012)"/>
        <use href="#lini-g1400-1653" transform="translate(-368.0588 -108.604) scale(0.012 -0.012)"/>
        <use href="#lini-g1400-1652" transform="translate(-362.8988 -108.604) scale(0.012 -0.012)"/>
        <use href="#lini-g1400-62" transform="translate(-352.3988 -108.604) scale(0.012 -0.012)"/>
        <use href="#lini-g1400-1659" transform="translate(-344.0468 -108.604) scale(0.012 -0.012)"/>
      </g>
      <g class="lini-node lini-dim-line lini-dim lini-line" transform="translate(10.2772,-11.5)">
        <mask id="lini-halo-plate-view-6" maskUnits="userSpaceOnUse" x="-19.8848" y="-152.3995" width="240.2843" height="232.2843"><rect class="lini-cut-bg" x="-19.8848" y="-152.3995" width="240.2843" height="232.2843"/><polyline class="lini-halo" fill="none" stroke-width="3" points="197,-137 203,-143"/></mask>
        <polyline points="-18.3848,78.3848 210.8995,-150.8995 218.8995,-150.8995" mask="url(#lini-halo-plate-view-6)"/>
      </g>
      <g class="lini-node lini-marker lini-marker-dim lini-dim lini-poly" transform="translate(10.2772,-11.5)">
        <polygon points="8.4853,51.5147 15.5563,41.6152 18.3848,44.4437"/>
      </g>
      <g class="lini-node lini-marker lini-marker-dim lini-dim lini-poly" transform="translate(10.2772,-11.5)">
        <polygon points="-8.4853,68.4853 -15.5563,78.3848 -18.3848,75.5563"/>
      </g>
      <g class="lini-text lini-dim-text">
        <use href="#lini-g1400-115" transform="translate(231.1767 -158.1035) scale(0.012 -0.012)"/>
        <use href="#lini-g1400-1658" transform="translate(241.0407 -158.1035) scale(0.012 -0.012)"/>
      </g>
      <g class="lini-node lini-dim-line lini-line" transform="translate(10.2772,-11.5)">
        <mask id="lini-halo-plate-view-7" maskUnits="userSpaceOnUse" x="219.5722" y="-95.8229" width="104.3374" height="31.0012"><rect class="lini-cut-bg" x="219.5722" y="-95.8229" width="104.3374" height="31.0012"/><polyline class="lini-halo" fill="none" stroke-width="3" points="297,-89.1 303,-90.9"/></mask>
        <polyline points="221.0722,-66.3217 314.4096,-94.3229 322.4096,-94.3229" mask="url(#lini-halo-plate-view-7)"/>
      </g>
      <g class="lini-node lini-marker lini-marker-dim lini-poly" transform="translate(10.2772,-11.5)">
        <polygon points="219.1565,-65.747 230.0757,-71.1108 231.2251,-67.2795"/>
      </g>
      <g class="lini-node lini-dim-line lini-line" transform="translate(10.2772,-11.5)">
        <mask id="lini-halo-plate-view-8" maskUnits="userSpaceOnUse" x="211.6021" y="-95.8229" width="104.3074" height="139.6499"><rect class="lini-cut-bg" x="211.6021" y="-95.8229" width="104.3074" height="139.6499"/><polyline class="lini-halo" fill="none" stroke-width="3" points="297,-70.8397 303,-78.9329"/></mask>
        <line x1="213.1021" y1="42.327" x2="314.4096" y2="-94.3229" mask="url(#lini-halo-plate-view-8)"/>
      </g>
      <g class="lini-node lini-marker lini-marker-dim lini-poly" transform="translate(10.2772,-11.5)">
        <polygon points="211.911,43.9337 217.451,33.1027 220.6643,35.4849"/>
      </g>
      <g class="lini-text lini-dim-text">
        <use href="#lini-g1400-1654" transform="translate(334.6868 -101.5269) scale(0.012 -0.012)"/>
        <use href="#lini-g1400-1914" transform="translate(340.9748 -101.5269) scale(0.012 -0.012)"/>
        <use href="#lini-g1400-28" transform="translate(350.2868 -101.5269) scale(0.012 -0.012)"/>
        <use href="#lini-g1400-126" transform="translate(359.1188 -101.5269) scale(0.012 -0.012)"/>
        <use href="#lini-g1400-79" transform="translate(365.7788 -101.5269) scale(0.012 -0.012)"/>
        <use href="#lini-g1400-1661" transform="translate(376.0868 -101.5269) scale(0.012 -0.012)"/>
        <use href="#lini-g1400-1652" transform="translate(382.7468 -101.5269) scale(0.012 -0.012)"/>
        <use href="#lini-g1400-1991" transform="translate(390.4628 -101.5269) scale(0.012 -0.012)"/>
      </g>
      <g class="lini-node lini-footnote lini-caption lini-block" transform="translate(0,186.5)">
        <rect x="-38.286" y="-6" width="76.572" height="12" rx="0" ry="0"/>
        <g class="lini-text">
          <use href="#lini-g1400-28" transform="translate(-38.286 4.296) scale(0.012 -0.012)"/>
          <use href="#lini-g1400-94" transform="translate(-29.454 4.296) scale(0.012 -0.012)"/>
          <use href="#lini-g1400-156" transform="translate(-19.59 4.296) scale(0.012 -0.012)"/>
          <use href="#lini-g1400-38" transform="translate(-11.994 4.296) scale(0.012 -0.012)"/>
          <use href="#lini-g1400-122" transform="translate(-5.466 4.296) scale(0.012 -0.012)"/>
          <use href="#lini-g1400-119" transform="translate(4.41 4.296) scale(0.012 -0.012)"/>
          <use href="#lini-g1400-81" transform="translate(11.298 4.296) scale(0.012 -0.012)"/>
          <use href="#lini-g1400-1" transform="translate(17.358 4.296) scale(0.012 -0.012)"/>
          <use href="#lini-g1400-132" transform="translate(25.398 4.296) scale(0.012 -0.012)"/>
          <use href="#lini-g1400-38" transform="translate(31.758 4.296) scale(0.012 -0.012)"/>
        </g>
      </g>
    </g>
    <g class="lini-node lini-drawing lini-block" data-id="bracket-view" transform="translate(422.3268,0)">
      <rect x="-241.3512" y="-129" width="482.7025" height="258" rx="0" ry="0"/>
      <g class="lini-node lini-sketch" data-id="bracket" transform="translate(52.9038,2.5)">
        <path d="M -120 90 L 102 90 A 18 18 0 0 0 120 72 L 120 -90 Z" fill-rule="evenodd"/>
      </g>
      <g class="lini-node lini-hole lini-oval" data-id="eye" transform="translate(112.9038,77.5)">
        <ellipse cx="0" cy="0" rx="24" ry="24"/>
        <g class="lini-node lini-centerline lini-line" transform="translate(0,0)">
          <line x1="-28" y1="0" x2="28" y2="0"/>
        </g>
        <g class="lini-node lini-centerline lini-line" transform="translate(0,0)">
          <line x1="0" y1="28" x2="0" y2="-28"/>
        </g>
      </g>
      <g class="lini-node lini-balloon lini-oval" data-id="b1" transform="translate(217.9038,-102.5)">
        <ellipse cx="0" cy="0" rx="22.4475" ry="25.5"/>
        <g class="lini-text">
          <use href="#lini-g1500-1653" transform="translate(-2.4475 3.938) scale(0.011 -0.011)"/>
        </g>
      </g>
      <g class="lini-node lini-note lini-path" data-id="hint" style="stroke-width: 2" transform="translate(-157.0962,-57.5)">
        <path d="M -84.255 -13.5 L 75.07499999999999 -13.5 L 84.255 -4.3199999999999985 L 84.255 13.5 L -84.255 13.5 Z"/>
        <g class="lini-node lini-path" style="fill: #444; stroke: none; stroke-width: 0" transform="translate(0,0)">
          <path d="M 75.07499999999999 -13.5 L 84.255 -4.3199999999999985 L 75.07499999999999 -4.3199999999999985 Z"/>
        </g>
        <g class="lini-text">
          <use href="#lini-g1500-34" transform="translate(-73.255 4.654) scale(0.013 -0.013)"/>
          <use href="#lini-g1500-38" transform="translate(-63.921 4.654) scale(0.013 -0.013)"/>
          <use href="#lini-g1500-27" transform="translate(-56.576 4.654) scale(0.013 -0.013)"/>
          <use href="#lini-g1500-137" transform="translate(-48.516 4.654) scale(0.013 -0.013)"/>
          <use href="#lini-g1500-122" transform="translate(-39.637 4.654) scale(0.013 -0.013)"/>
          <use href="#lini-g1500-122" transform="translate(-31.642 4.654) scale(0.013 -0.013)"/>
          <use href="#lini-g1500-1" transform="translate(-20.618 4.654) scale(0.013 -0.013)"/>
          <use href="#lini-g1500-56" transform="translate(-11.57 4.654) scale(0.013 -0.013)"/>
          <use href="#lini-g1500-132" transform="translate(-4.42 4.654) scale(0.013 -0.013)"/>
          <use href="#lini-g1500-38" transform="translate(2.782 4.654) scale(0.013 -0.013)"/>
          <use href="#lini-g1500-122" transform="translate(10.127 4.654) scale(0.013 -0.013)"/>
          <use href="#lini-g1500-87" transform="translate(21.151 4.654) scale(0.013 -0.013)"/>
          <use href="#lini-g1500-65" transform="translate(32.604 4.654) scale(0.013 -0.013)"/>
          <use href="#lini-g1500-81" transform="translate(36.114 4.654) scale(0.013 -0.013)"/>
          <use href="#lini-g1500-81" transform="translate(42.952 4.654) scale(0.013 -0.013)"/>
          <use href="#lini-g1500-65" transform="translate(49.79 4.654) scale(0.013 -0.013)"/>
          <use href="#lini-g1500-88" transform="translate(53.3 4.654) scale(0.013 -0.013)"/>
          <use href="#lini-g1500-57" transform="translate(62.699 4.654) scale(0.013 -0.013)"/>
        </g>
      </g>
      <g class="lini-node lini-dim-line lini-dim lini-path" transform="translate(52.9038,2.5)">
        <path d="M -88 66 A 40 40 0 0 1 -80 90"/>
      </g>
      <g class="lini-text lini-dim-text">
        <use href="#lini-g1400-1655" transform="translate(-34.1027 80.3522) scale(0.012 -0.012)"/>
        <use href="#lini-g1400-1658" transform="translate(-27.7067 80.3522) scale(0.012 -0.012)"/>
        <use href="#lini-g1400-1779" transform="translate(-21.0467 80.3522) scale(0.012 -0.012)"/>
        <use href="#lini-g1400-1660" transform="translate(-18.2147 80.3522) scale(0.012 -0.012)"/>
        <use href="#lini-g1400-1659" transform="translate(-11.6147 80.3522) scale(0.012 -0.012)"/>
        <use href="#lini-g1400-1991" transform="translate(-5.2907 80.3522) scale(0.012 -0.012)"/>
      </g>
      <g class="lini-node lini-dim-line lini-dim lini-line" transform="translate(52.9038,2.5)">
        <polyline points="116.3367,85.9161 132.2618,97.6769 140.2618,97.6769"/>
      </g>
      <g class="lini-node lini-marker lini-marker-dim lini-dim lini-poly" transform="translate(52.9038,2.5)">
        <polygon points="114.7279,84.7279 125.569,90.2479 123.1928,93.4656"/>
      </g>
      <g class="lini-text lini-dim-text">
        <use href="#lini-g1400-122" transform="translate(195.1655 104.4729) scale(0.012 -0.012)"/>
        <use href="#lini-g1400-1658" transform="translate(202.2575 104.4729) scale(0.012 -0.012)"/>
      </g>
      <g class="lini-node lini-ext-line lini-dim lini-line" transform="translate(52.9038,2.5)">
        <line x1="-121.8" y1="87.6" x2="-126" y2="82"/>
      </g>
      <g class="lini-node lini-ext-line lini-dim lini-line" transform="translate(52.9038,2.5)">
        <line x1="118.2" y1="-92.4" x2="114" y2="-98"/>
      </g>
      <g class="lini-node lini-dim-line lini-dim lini-line" transform="translate(52.9038,2.5)">
        <line x1="-122.6" y1="83.2" x2="114.2" y2="-94.4"/>
      </g>
      <g class="lini-node lini-marker lini-marker-dim lini-dim lini-poly" transform="translate(52.9038,2.5)">
        <polygon points="-124.2,84.4 -115.8,75.6 -113.4,78.8"/>
      </g>
      <g class="lini-node lini-marker lini-marker-dim lini-dim lini-poly" transform="translate(52.9038,2.5)">
        <polygon points="115.8,-95.6 107.4,-86.8 105,-90"/>
      </g>
      <g class="lini-text lini-dim-text" transform="rotate(-36.8699 43.9037 -9.5)">
        <use href="#lini-g1400-1653" transform="translate(33.6077 -5.204) scale(0.012 -0.012)"/>
        <use href="#lini-g1400-1652" transform="translate(38.7677 -5.204) scale(0.012 -0.012)"/>
        <use href="#lini-g1400-1652" transform="translate(46.4837 -5.204) scale(0.012 -0.012)"/>
      </g>
      <g class="lini-node lini-dim-line lini-dim lini-line" transform="translate(52.9038,2.5)">
        <line x1="60" y1="97" x2="60" y2="21.316"/>
      </g>
      <g class="lini-node lini-marker lini-marker-dim lini-dim lini-poly" transform="translate(52.9038,2.5)">
        <polygon points="60,51 62,63 58,63"/>
      </g>
      <g class="lini-node lini-marker lini-marker-dim lini-dim lini-poly" transform="translate(52.9038,2.5)">
        <polygon points="60,99 58,87 62,87"/>
      </g>
      <g class="lini-text lini-dim-text" transform="rotate(-90 104.9038 38.658)">
        <use href="#lini-g1400-115" transform="translate(94.0618 42.954) scale(0.012 -0.012)"/>
        <use href="#lini-g1400-1653" transform="translate(103.9258 42.954) scale(0.012 -0.012)"/>
        <use href="#lini-g1400-1658" transform="translate(109.0858 42.954) scale(0.012 -0.012)"/>
      </g>
      <g class="lini-node lini-dim-line lini-line" transform="translate(52.9038,2.5)">
        <polyline points="0,101 0,117.5 8,117.5"/>
      </g>
      <g class="lini-node lini-marker lini-marker-datum lini-poly" transform="translate(52.9038,2.5)">
        <polygon points="-5.5,90 5.5,90 0,101"/>
      </g>
      <g class="lini-text lini-dim-text">
        <use href="#lini-g1400-1" transform="translate(65.8838 124.296) scale(0.012 -0.012)"/>
      </g>
      <g class="lini-node lini-dim-line lini-datum-frame lini-line" transform="translate(52.9038,2.5)">
        <polyline points="8,108.5 26,108.5 26,126.5 8,126.5 8,108.5"/>
      </g>
      <g class="lini-node lini-dim-line lini-line" transform="translate(52.9038,2.5)">
        <polyline points="122,0 135,0 143,0"/>
        <circle class="lini-marker lini-marker-dot" cx="122.625" cy="0" r="2.625"/>
      </g>
      <g class="lini-text lini-dim-text">
        <use href="#lini-g1400-57" transform="translate(197.9038 6.796) scale(0.012 -0.012)"/>
        <use href="#lini-g1400-122" transform="translate(207.5757 6.796) scale(0.012 -0.012)"/>
        <use href="#lini-g1400-65" transform="translate(214.6678 6.796) scale(0.012 -0.012)"/>
        <use href="#lini-g1400-88" transform="translate(217.5838 6.796) scale(0.012 -0.012)"/>
        <use href="#lini-g1400-34" transform="translate(226.0558 6.796) scale(0.012 -0.012)"/>
      </g>
      <g class="lini-node lini-dim-line lini-line" transform="translate(52.9038,2.5)">
        <polyline points="-1.6,-1.2 -132.2,-99.15 -140.2,-99.15"/>
      </g>
      <g class="lini-node lini-marker lini-marker-dim lini-poly" transform="translate(52.9038,2.5)">
        <polygon points="0,0 -10.8,-5.6 -8.4,-8.8"/>
      </g>
      <g class="lini-text lini-dim-text">
        <use href="#lini-g1400-27" transform="translate(-186.3042 -92.354) scale(0.012 -0.012)"/>
        <use href="#lini-g1400-122" transform="translate(-179.1042 -92.354) scale(0.012 -0.012)"/>
        <use href="#lini-g1400-38" transform="translate(-172.0122 -92.354) scale(0.012 -0.012)"/>
        <use href="#lini-g1400-1" transform="translate(-165.4842 -92.354) scale(0.012 -0.012)"/>
        <use href="#lini-g1400-79" transform="translate(-157.4442 -92.354) scale(0.012 -0.012)"/>
        <use href="#lini-g1400-38" transform="translate(-147.1362 -92.354) scale(0.012 -0.012)"/>
        <use href="#lini-g1400-34" transform="translate(-140.6082 -92.354) scale(0.012 -0.012)"/>
        <use href="#lini-g1400-57" transform="translate(-132.1962 -92.354) scale(0.012 -0.012)"/>
        <use href="#lini-g1400-38" transform="translate(-122.5242 -92.354) scale(0.012 -0.012)"/>
        <use href="#lini-g1400-126" transform="translate(-115.9962 -92.354) scale(0.012 -0.012)"/>
        <use href="#lini-g1400-1652" transform="translate(-106.5522 -92.354) scale(0.012 -0.012)"/>
        <use href="#lini-g1400-1779" transform="translate(-98.8362 -92.354) scale(0.012 -0.012)"/>
        <use href="#lini-g1400-1657" transform="translate(-96.0042 -92.354) scale(0.012 -0.012)"/>
      </g>
      <g class="lini-node lini-dim-line lini-line" transform="translate(52.9038,2.5)">
        <line x1="155.1741" y1="-82.0728" x2="120.7878" y2="-1.8383"/>
        <circle class="lini-marker lini-marker-dot" cx="121.034" cy="-2.4128" r="2.625"/>
      </g>
      <g class="lini-node lini-dim-line lini-line" transform="translate(52.9038,2.5)">
        <line x1="-202.5" y1="-47.5" x2="-121.029" y2="88.285"/>
        <polygon class="lini-marker lini-marker-arrow" points="-120,90 -125.6595,86.3985 -120.5145,83.3116"/>
      </g>
      <g class="lini-node lini-footnote lini-caption lini-block" transform="translate(0,142)">
        <rect x="-47.274" y="-6" width="94.548" height="12" rx="0" ry="0"/>
        <g class="lini-text">
          <use href="#lini-g1400-28" transform="translate(-47.274 4.296) scale(0.012 -0.012)"/>
          <use href="#lini-g1400-81" transform="translate(-38.442 4.296) scale(0.012 -0.012)"/>
          <use href="#lini-g1400-1" transform="translate(-32.382 4.296) scale(0.012 -0.012)"/>
          <use href="#lini-g1400-87" transform="translate(-24.342 4.296) scale(0.012 -0.012)"/>
          <use href="#lini-g1400-119" transform="translate(-13.974 4.296) scale(0.012 -0.012)"/>
          <use href="#lini-g1400-27" transform="translate(-4.302 4.296) scale(0.012 -0.012)"/>
          <use href="#lini-g1400-122" transform="translate(2.898 4.296) scale(0.012 -0.012)"/>
          <use href="#lini-g1400-1" transform="translate(9.99 4.296) scale(0.012 -0.012)"/>
          <use href="#lini-g1400-28" transform="translate(18.03 4.296) scale(0.012 -0.012)"/>
          <use href="#lini-g1400-79" transform="translate(26.862 4.296) scale(0.012 -0.012)"/>
          <use href="#lini-g1400-38" transform="translate(34.386 4.296) scale(0.012 -0.012)"/>
          <use href="#lini-g1400-132" transform="translate(40.914 4.296) scale(0.012 -0.012)"/>
        </g>
      </g>
    </g>
  </g>
  <g class="lini-links"/>
</svg>
