---
source: tests/conformance.rs
assertion_line: 60
expression: svg
input_file: samples/schematic_hero.lini
---
<svg xmlns="http://www.w3.org/2000/svg" viewBox="-525 -370 1050 740" width="210mm" height="148mm" class="lini">
  <style>
    .lini { font-family: "Google Sans", system-ui, -apple-system, "Segoe UI", Roboto, "Helvetica Neue", Arial, sans-serif; font-size: 15px; font-weight: 500; color: black; }
    .lini .lini-canvas { fill: white; }
    .lini .lini-block { fill: none; stroke: none; stroke-width: 2; stroke-dasharray: none; }
    .lini .lini-path { fill: white; stroke: #444; stroke-width: 2; stroke-dasharray: none; }
    .lini .lini-line { fill: none; stroke: #444; stroke-width: 2; stroke-dasharray: none; }
    .lini .lini-text { fill: currentColor; stroke: none; text-anchor: middle; }
    .lini .lini-gutter { stroke: none; }
    .lini .lini-box { fill: white; stroke: #444; stroke-width: 2; }
    .lini .lini-group { fill: rgba(0, 0, 0, 0.03); stroke: rgba(0, 0, 0, 0.4); stroke-width: 1; stroke-dasharray: 4,3; }
    .lini .lini-caption { color: rgba(0, 0, 0, 0.5); font-size: 12px; font-weight: 400; }
    .lini .lini-table { fill: none; stroke: #444; stroke-width: 2; font-size: 14px; font-weight: normal; stroke-dasharray: none; }
    .lini .lini-page { fill: white; stroke-width: 0; }
    .lini .lini-title-block { stroke-width: 1; font-size: 14px; font-weight: 600; }
    .lini .lini-field { color: rgba(0, 0, 0, 0.5); font-size: 12px; font-weight: normal; }
    .lini .lini-frame { fill: none; stroke: #444; stroke-width: 2; }
    .lini .lini-zone { color: rgba(0, 0, 0, 0.545); font-size: 11px; }
    .lini .lini-tick { fill: none; stroke: #444; stroke-width: 1; }
    .lini .lini-component { fill: #fdf6d8; stroke: #8a1c1c; stroke-width: 1.5; }
    .lini .lini-pin { font-size: 11px; }
    .lini .lini-label { color: #0e6a6a; font-size: 11px; }
    .lini .lini-sch-line { fill: none; stroke: #8a1c1c; stroke-width: 1.5; }
    .lini .lini-sch-solid { fill: #8a1c1c; stroke: none; }
    .lini .lini-sch-tag-line { fill: none; stroke: #0e6a6a; stroke-width: 1.5; }
    .lini .lini-pin-stub { fill: none; stroke: #8a1c1c; stroke-width: 1.5; }
    .lini .lini-pin-number { color: #00000073; font-size: 9px; }
    .lini .lini-ref { font-size: 11px; font-weight: 600; }
    .lini .lini-part-value { font-size: 11px; }
    .lini .lini-link { fill: none; stroke: #444; stroke-width: 2; stroke-dasharray: none; }
    .lini .lini-links .lini-schematic-wire { stroke: #0a7a2f; stroke-width: 1.5; }
  </style>
  <defs>
    <path id="lg1400-0" d="…"/>
    <path id="lg1400-34" d="…"/>
    <path id="lg1400-87" d="…"/>
    <path id="lg1400-88" d="…"/>
    <path id="lg1400-122" d="…"/>
    <path id="lg1400-126" d="…"/>
    <path id="lg1400-132" d="…"/>
    <path id="lg1400-177" d="…"/>
    <path id="lg1400-209" d="…"/>
    <path id="lg1400-213" d="…"/>
    <path id="lg1400-233" d="…"/>
    <path id="lg1400-238" d="…"/>
    <path id="lg1400-241" d="…"/>
    <path id="lg1400-259" d="…"/>
    <path id="lg1400-265" d="…"/>
    <path id="lg1400-271" d="…"/>
    <path id="lg1400-296" d="…"/>
    <path id="lg1400-299" d="…"/>
    <path id="lg1400-303" d="…"/>
    <path id="lg1400-310" d="…"/>
    <path id="lg1400-315" d="…"/>
    <path id="lg1400-334" d="…"/>
    <path id="lg1400-335" d="…"/>
    <path id="lg1400-341" d="…"/>
    <path id="lg1400-1779" d="…"/>
    <path id="lg1400-1984" d="…"/>
    <path id="lg1500-0" d="…"/>
    <path id="lg1500-1" d="…"/>
    <path id="lg1500-27" d="…"/>
    <path id="lg1500-28" d="…"/>
    <path id="lg1500-34" d="…"/>
    <path id="lg1500-38" d="…"/>
    <path id="lg1500-57" d="…"/>
    <path id="lg1500-65" d="…"/>
    <path id="lg1500-77" d="…"/>
    <path id="lg1500-81" d="…"/>
    <path id="lg1500-87" d="…"/>
    <path id="lg1500-88" d="…"/>
    <path id="lg1500-94" d="…"/>
    <path id="lg1500-119" d="…"/>
    <path id="lg1500-122" d="…"/>
    <path id="lg1500-126" d="…"/>
    <path id="lg1500-132" d="…"/>
    <path id="lg1500-156" d="…"/>
    <path id="lg1500-171" d="…"/>
    <path id="lg1500-213" d="…"/>
    <path id="lg1500-241" d="…"/>
    <path id="lg1500-265" d="…"/>
    <path id="lg1500-271" d="…"/>
    <path id="lg1500-299" d="…"/>
    <path id="lg1500-335" d="…"/>
    <path id="lg1500-1652" d="…"/>
    <path id="lg1500-1653" d="…"/>
    <path id="lg1500-1654" d="…"/>
    <path id="lg1500-1655" d="…"/>
    <path id="lg1500-1656" d="…"/>
    <path id="lg1500-1657" d="…"/>
    <path id="lg1500-1658" d="…"/>
    <path id="lg1500-1660" d="…"/>
    <path id="lg1500-1828" d="…"/>
    <path id="lg1600-0" d="…"/>
    <path id="lg1600-1" d="…"/>
    <path id="lg1600-27" d="…"/>
    <path id="lg1600-28" d="…"/>
    <path id="lg1600-77" d="…"/>
    <path id="lg1600-81" d="…"/>
    <path id="lg1600-87" d="…"/>
    <path id="lg1600-88" d="…"/>
    <path id="lg1600-132" d="…"/>
    <path id="lg1600-137" d="…"/>
    <path id="lg1600-209" d="…"/>
    <path id="lg1600-213" d="…"/>
    <path id="lg1600-241" d="…"/>
    <path id="lg1600-299" d="…"/>
    <path id="lg1600-334" d="…"/>
    <path id="lg1600-1652" d="…"/>
    <path id="lg1600-1653" d="…"/>
    <path id="lg1600-1654" d="…"/>
    <path id="lg1600-1655" d="…"/>
    <path id="lg1600-1656" d="…"/>
    <path id="lg1600-1658" d="…"/>
    <path id="lg1600-1659" d="…"/>
    <path id="lg1600-1660" d="…"/>
    <path id="lg1600-1800" d="…"/>
    <path id="lg1600-1828" d="…"/>
  </defs>
  <rect class="lini-canvas" x="-525" y="-370" width="1050" height="740"/>
  <g class="lini-scene">
    <g class="lini-node lini-page lini-block" transform="translate(0,0)">
      <rect x="-525" y="-370" width="1050" height="740" rx="0" ry="0"/>
      <g class="lini-node lini-region lini-group lini-block" data-id="drv" transform="translate(-232.767,0)">
        <rect x="-141.157" y="-162.25" width="282.314" height="324.5" rx="8" ry="8"/>
        <g class="lini-node lini-component lini-block" data-id="U7" transform="translate(15.8955,-7.25)">
          <rect x="-42.2035" y="-98" width="84.407" height="196" rx="0" ry="0"/>
          <g class="lini-node lini-row lini-block" transform="translate(0,-20)">
            <rect x="-34.2035" y="-70" width="68.407" height="140" rx="0" ry="0"/>
            <g class="lini-node lini-column lini-block" transform="translate(-24.529,0)">
              <rect x="-9.6745" y="-20" width="19.349" height="40" rx="0" ry="0"/>
              <g class="lini-node lini-pin lini-block" data-id="VS" transform="translate(-2.926,-10)">
                <rect x="-6.7485" y="-10" width="13.497" height="20" rx="0" ry="0"/>
                <g class="lini-text">
                  <use href="#lg1500-156" transform="translate(-6.7485 3.938) scale(0.011 -0.011)"/>
                  <use href="#lg1500-126" transform="translate(0.5005 3.938) scale(0.011 -0.011)"/>
                </g>
                <g class="lini-node lini-pin-stub lini-line" transform="translate(-25.9985,0)">
                  <line x1="0" y1="0" x2="12" y2="0"/>
                </g>
                <g class="lini-node lini-pin-number lini-block" transform="translate(-20.7485,-7)">
                  <rect x="-6" y="-4.5" width="12" height="9" rx="0" ry="0"/>
                  <g class="lini-text">
                    <use href="#lg1500-1653" transform="translate(-4.599 3.222) scale(0.009 -0.009)"/>
                    <use href="#lg1500-1660" transform="translate(-0.594 3.222) scale(0.009 -0.009)"/>
                  </g>
                </g>
              </g>
              <g class="lini-node lini-pin lini-block" data-id="VIO" transform="translate(0,10)">
                <rect x="-9.6745" y="-10" width="19.349" height="20" rx="0" ry="0"/>
                <g class="lini-text">
                  <use href="#lg1500-156" transform="translate(-9.6745 3.938) scale(0.011 -0.011)"/>
                  <use href="#lg1500-65" transform="translate(-2.4255 3.938) scale(0.011 -0.011)"/>
                  <use href="#lg1500-94" transform="translate(0.5445 3.938) scale(0.011 -0.011)"/>
                </g>
                <g class="lini-node lini-pin-stub lini-line" transform="translate(-28.9245,0)">
                  <line x1="0" y1="0" x2="12" y2="0"/>
                </g>
                <g class="lini-node lini-pin-number lini-block" transform="translate(-23.6745,-7)">
                  <rect x="-6" y="-4.5" width="12" height="9" rx="0" ry="0"/>
                  <g class="lini-text">
                    <use href="#lg1500-1653" transform="translate(-4.005 3.222) scale(0.009 -0.009)"/>
                    <use href="#lg1500-1653" transform="translate(0 3.222) scale(0.009 -0.009)"/>
                  </g>
                </g>
              </g>
            </g>
            <g class="lini-node lini-column lini-block" transform="translate(21.6745,0)">
              <rect x="-12.529" y="-70" width="25.058" height="140" rx="0" ry="0"/>
              <g class="lini-node lini-pin lini-block" data-id="EN" transform="translate(5.445,-60)">
                <rect x="-7.084" y="-10" width="14.168" height="20" rx="0" ry="0"/>
                <g class="lini-text">
                  <use href="#lg1500-38" transform="translate(-7.084 3.938) scale(0.011 -0.011)"/>
                  <use href="#lg1500-88" transform="translate(-0.869 3.938) scale(0.011 -0.011)"/>
                </g>
                <g class="lini-node lini-pin-stub lini-line" transform="translate(14.334,0)">
                  <line x1="0" y1="0" x2="12" y2="0"/>
                </g>
                <g class="lini-node lini-pin-number lini-block" transform="translate(21.084,-7)">
                  <rect x="-6" y="-4.5" width="12" height="9" rx="0" ry="0"/>
                  <g class="lini-text">
                    <use href="#lg1500-1657" transform="translate(-2.5515 3.222) scale(0.009 -0.009)"/>
                  </g>
                </g>
              </g>
              <g class="lini-node lini-pin lini-block" data-id="STEP" transform="translate(0,-40)">
                <rect x="-12.529" y="-10" width="25.058" height="20" rx="0" ry="0"/>
                <g class="lini-text">
                  <use href="#lg1500-126" transform="translate(-12.529 3.938) scale(0.011 -0.011)"/>
                  <use href="#lg1500-132" transform="translate(-6.281 3.938) scale(0.011 -0.011)"/>
                  <use href="#lg1500-38" transform="translate(-0.187 3.938) scale(0.011 -0.011)"/>
                  <use href="#lg1500-119" transform="translate(6.028 3.938) scale(0.011 -0.011)"/>
                </g>
                <g class="lini-node lini-pin-stub lini-line" transform="translate(19.779,0)">
                  <line x1="0" y1="0" x2="12" y2="0"/>
                </g>
                <g class="lini-node lini-pin-number lini-block" transform="translate(26.529,-7)">
                  <rect x="-6" y="-4.5" width="12" height="9" rx="0" ry="0"/>
                  <g class="lini-text">
                    <use href="#lg1500-1656" transform="translate(-2.7315 3.222) scale(0.009 -0.009)"/>
                  </g>
                </g>
              </g>
              <g class="lini-node lini-pin lini-block" data-id="DIR" transform="translate(3.7125,-20)">
                <rect x="-8.8165" y="-10" width="17.633" height="20" rx="0" ry="0"/>
                <g class="lini-text">
                  <use href="#lg1500-34" transform="translate(-8.8165 3.938) scale(0.011 -0.011)"/>
                  <use href="#lg1500-65" transform="translate(-0.9185 3.938) scale(0.011 -0.011)"/>
                  <use href="#lg1500-122" transform="translate(2.0515 3.938) scale(0.011 -0.011)"/>
                </g>
                <g class="lini-node lini-pin-stub lini-line" transform="translate(16.0665,0)">
                  <line x1="0" y1="0" x2="12" y2="0"/>
                </g>
                <g class="lini-node lini-pin-number lini-block" transform="translate(22.8165,-7)">
                  <rect x="-6" y="-4.5" width="12" height="9" rx="0" ry="0"/>
                  <g class="lini-text">
                    <use href="#lg1500-1655" transform="translate(-2.4975 3.222) scale(0.009 -0.009)"/>
                  </g>
                </g>
              </g>
              <g class="lini-node lini-pin lini-block" data-id="OA1" transform="translate(1.6885,0)">
                <rect x="-10.8405" y="-10" width="21.681" height="20" rx="0" ry="0"/>
                <g class="lini-text">
                  <use href="#lg1500-94" transform="translate(-10.8405 3.938) scale(0.011 -0.011)"/>
                  <use href="#lg1500-1" transform="translate(-1.7105 3.938) scale(0.011 -0.011)"/>
                  <use href="#lg1500-1653" transform="translate(5.9455 3.938) scale(0.011 -0.011)"/>
                </g>
                <g class="lini-node lini-pin-stub lini-line" transform="translate(18.0905,0)">
                  <line x1="0" y1="0" x2="12" y2="0"/>
                </g>
                <g class="lini-node lini-pin-number lini-block" transform="translate(24.8405,-7)">
                  <rect x="-6" y="-4.5" width="12" height="9" rx="0" ry="0"/>
                  <g class="lini-text">
                    <use href="#lg1500-1654" transform="translate(-4.428 3.222) scale(0.009 -0.009)"/>
                    <use href="#lg1500-1653" transform="translate(0.423 3.222) scale(0.009 -0.009)"/>
                  </g>
                </g>
              </g>
              <g class="lini-node lini-pin lini-block" data-id="OA2" transform="translate(1.1715,20)">
                <rect x="-11.3575" y="-10" width="22.715" height="20" rx="0" ry="0"/>
                <g class="lini-text">
                  <use href="#lg1500-94" transform="translate(-11.3575 3.938) scale(0.011 -0.011)"/>
                  <use href="#lg1500-1" transform="translate(-2.2275 3.938) scale(0.011 -0.011)"/>
                  <use href="#lg1500-1654" transform="translate(5.4285 3.938) scale(0.011 -0.011)"/>
                </g>
                <g class="lini-node lini-pin-stub lini-line" transform="translate(18.6075,0)">
                  <line x1="0" y1="0" x2="12" y2="0"/>
                </g>
                <g class="lini-node lini-pin-number lini-block" transform="translate(25.3575,-7)">
                  <rect x="-6" y="-4.5" width="12" height="9" rx="0" ry="0"/>
                  <g class="lini-text">
                    <use href="#lg1500-1654" transform="translate(-4.923 3.222) scale(0.009 -0.009)"/>
                    <use href="#lg1500-1655" transform="translate(-0.072 3.222) scale(0.009 -0.009)"/>
                  </g>
                </g>
              </g>
              <g class="lini-node lini-pin lini-block" data-id="OB1" transform="translate(2.1065,40)">
                <rect x="-10.4225" y="-10" width="20.845" height="20" rx="0" ry="0"/>
                <g class="lini-text">
                  <use href="#lg1500-94" transform="translate(-10.4225 3.938) scale(0.011 -0.011)"/>
                  <use href="#lg1500-27" transform="translate(-1.2925 3.938) scale(0.011 -0.011)"/>
                  <use href="#lg1500-1653" transform="translate(5.5275 3.938) scale(0.011 -0.011)"/>
                </g>
                <g class="lini-node lini-pin-stub lini-line" transform="translate(17.6725,0)">
                  <line x1="0" y1="0" x2="12" y2="0"/>
                </g>
                <g class="lini-node lini-pin-number lini-block" transform="translate(24.4225,-7)">
                  <rect x="-6" y="-4.5" width="12" height="9" rx="0" ry="0"/>
                  <g class="lini-text">
                    <use href="#lg1500-1654" transform="translate(-4.9725 3.222) scale(0.009 -0.009)"/>
                    <use href="#lg1500-1658" transform="translate(-0.1215 3.222) scale(0.009 -0.009)"/>
                  </g>
                </g>
              </g>
              <g class="lini-node lini-pin lini-block" data-id="OB2" transform="translate(1.5895,60)">
                <rect x="-10.9395" y="-10" width="21.879" height="20" rx="0" ry="0"/>
                <g class="lini-text">
                  <use href="#lg1500-94" transform="translate(-10.9395 3.938) scale(0.011 -0.011)"/>
                  <use href="#lg1500-27" transform="translate(-1.8095 3.938) scale(0.011 -0.011)"/>
                  <use href="#lg1500-1654" transform="translate(5.0105 3.938) scale(0.011 -0.011)"/>
                </g>
                <g class="lini-node lini-pin-stub lini-line" transform="translate(18.1895,0)">
                  <line x1="0" y1="0" x2="12" y2="0"/>
                </g>
                <g class="lini-node lini-pin-number lini-block" transform="translate(24.9395,-7)">
                  <rect x="-6" y="-4.5" width="12" height="9" rx="0" ry="0"/>
                  <g class="lini-text">
                    <use href="#lg1500-1654" transform="translate(-5.022 3.222) scale(0.009 -0.009)"/>
                    <use href="#lg1500-1660" transform="translate(-0.171 3.222) scale(0.009 -0.009)"/>
                  </g>
                </g>
              </g>
            </g>
          </g>
          <g class="lini-node lini-row lini-block" transform="translate(0,80)">
            <rect x="-12.3915" y="-10" width="24.783" height="20" rx="0" ry="0"/>
            <g class="lini-node lini-pin lini-block" data-id="GND" transform="translate(0,0)">
              <rect x="-12.3915" y="-10" width="24.783" height="20" rx="0" ry="0"/>
              <g class="lini-text">
                <use href="#lg1500-57" transform="translate(-12.3915 3.938) scale(0.011 -0.011)"/>
                <use href="#lg1500-88" transform="translate(-3.4595 3.938) scale(0.011 -0.011)"/>
                <use href="#lg1500-34" transform="translate(4.4935 3.938) scale(0.011 -0.011)"/>
              </g>
              <g class="lini-node lini-pin-stub lini-line" transform="translate(0,17.25)">
                <line x1="0" y1="0" x2="0" y2="12"/>
              </g>
              <g class="lini-node lini-pin-number lini-block" transform="translate(7,24)">
                <rect x="-2.0025" y="-6" width="4.005" height="12" rx="0" ry="0"/>
                <g class="lini-text">
                  <use href="#lg1500-1653" transform="translate(-2.0025 3.222) scale(0.009 -0.009)"/>
                </g>
              </g>
            </g>
          </g>
          <g class="lini-node lini-part-value lini-block" transform="translate(0,-109.5)">
            <rect x="-39.9355" y="-5.5" width="79.871" height="11" rx="0" ry="0"/>
            <g class="lini-text">
              <use href="#lg1500-132" transform="translate(-39.9355 3.938) scale(0.011 -0.011)"/>
              <use href="#lg1500-87" transform="translate(-33.8415 3.938) scale(0.011 -0.011)"/>
              <use href="#lg1500-28" transform="translate(-24.1505 3.938) scale(0.011 -0.011)"/>
              <use href="#lg1500-1654" transform="translate(-16.0105 3.938) scale(0.011 -0.011)"/>
              <use href="#lg1500-1655" transform="translate(-10.0815 3.938) scale(0.011 -0.011)"/>
              <use href="#lg1500-1652" transform="translate(-3.9765 3.938) scale(0.011 -0.011)"/>
              <use href="#lg1500-1652" transform="translate(3.2505 3.938) scale(0.011 -0.011)"/>
              <use href="#lg1500-1828" transform="translate(10.4775 3.938) scale(0.011 -0.011)"/>
              <use href="#lg1500-81" transform="translate(15.4385 3.938) scale(0.011 -0.011)"/>
              <use href="#lg1500-1" transform="translate(21.2245 3.938) scale(0.011 -0.011)"/>
              <use href="#lg1500-1828" transform="translate(28.8805 3.938) scale(0.011 -0.011)"/>
              <use href="#lg1500-132" transform="translate(33.8415 3.938) scale(0.011 -0.011)"/>
            </g>
          </g>
          <g class="lini-node lini-ref lini-block" transform="translate(0,-123.5)">
            <rect x="-6.82" y="-5.5" width="13.64" height="11" rx="0" ry="0"/>
            <g class="lini-text">
              <use href="#lg1600-137" transform="translate(-6.82 3.938) scale(0.011 -0.011)"/>
              <use href="#lg1600-1659" transform="translate(0.792 3.938) scale(0.011 -0.011)"/>
            </g>
          </g>
        </g>
        <g class="lini-node lini-C lini-pose-90 lini-block" data-id="C24" transform="translate(-101.1615,35.5)">
          <rect x="-12.75" y="-32.75" width="25.5" height="65.5" rx="0" ry="0"/>
          <g class="lini-node lini-sch-line lini-path" transform="translate(-12,-32)">
            <path d="M 24 0 M 0 64 M 12 0 L 12 29 M 12 35 L 12 64"/>
          </g>
          <g class="lini-node lini-sch-solid lini-path" transform="translate(-12,-32)">
            <path d="M 24 0 M 0 64 M 24 27.5 L 24 30.5 L 0 30.5 L 0 27.5 Z M 24 33.5 L 24 36.5 L 0 36.5 L 0 33.5 Z"/>
          </g>
          <g class="lini-node lini-part-value lini-block" transform="translate(30,7)">
            <rect x="-12.8535" y="-5.5" width="25.707" height="11" rx="0" ry="0"/>
            <g class="lini-text">
              <use href="#lg1500-1653" transform="translate(-12.8535 3.938) scale(0.011 -0.011)"/>
              <use href="#lg1500-1652" transform="translate(-7.9585 3.938) scale(0.011 -0.011)"/>
              <use href="#lg1500-1652" transform="translate(-0.7315 3.938) scale(0.011 -0.011)"/>
              <use href="#lg1500-265" transform="translate(6.4955 3.938) scale(0.011 -0.011)"/>
            </g>
          </g>
          <g class="lini-node lini-block" data-id="p1" transform="translate(0,-32)">
          </g>
          <g class="lini-node lini-block" data-id="p2" transform="translate(0,32)">
          </g>
          <g class="lini-node lini-ref lini-block" transform="translate(30,-7)">
            <rect x="-10.4775" y="-5.5" width="20.955" height="11" rx="0" ry="0"/>
            <g class="lini-text">
              <use href="#lg1600-28" transform="translate(-10.4775 3.938) scale(0.011 -0.011)"/>
              <use href="#lg1600-1654" transform="translate(-2.3045 3.938) scale(0.011 -0.011)"/>
              <use href="#lg1600-1656" transform="translate(3.7015 3.938) scale(0.011 -0.011)"/>
            </g>
          </g>
        </g>
        <g class="lini-node lini-vm lini-label lini-block" data-id="lini-cap-1" transform="translate(-85.528,-68)">
          <rect x="-27.22" y="-10.75" width="54.44" height="21.5" rx="0" ry="0"/>
          <g class="lini-node lini-sch-tag-line lini-path" transform="translate(-26.47,-10)">
            <path d="M 0 0 M 16 20 M 8 20 L 8 0 M 4 9 L 8 0 L 12 9"/>
          </g>
          <g class="lini-text">
            <use href="#lg1500-156" transform="translate(10.28 3.938) scale(0.011 -0.011)"/>
            <use href="#lg1500-87" transform="translate(17.529 3.938) scale(0.011 -0.011)"/>
          </g>
        </g>
        <g class="lini-node lini-vio lini-label lini-block" data-id="lini-cap-2" transform="translate(-86.7325,-109.5)">
          <rect x="-28.4245" y="-10.75" width="56.849" height="21.5" rx="0" ry="0"/>
          <g class="lini-node lini-sch-tag-line lini-path" transform="translate(-27.6745,-10)">
            <path d="M 0 0 M 16 20 M 8 20 L 8 0 M 4 9 L 8 0 L 12 9"/>
          </g>
          <g class="lini-text">
            <use href="#lg1500-156" transform="translate(9.0755 3.938) scale(0.011 -0.011)"/>
            <use href="#lg1500-65" transform="translate(16.3245 3.938) scale(0.011 -0.011)"/>
            <use href="#lg1500-94" transform="translate(19.2945 3.938) scale(0.011 -0.011)"/>
          </g>
        </g>
        <g class="lini-node lini-gnd lini-label lini-block" data-id="lini-cap-3" transform="translate(-101.1615,95)">
          <rect x="-8.75" y="-6.75" width="17.5" height="13.5" rx="0" ry="0"/>
          <g class="lini-node lini-sch-tag-line lini-path" transform="translate(-8,-6)">
            <path d="M 0 0 M 16 12 M 8 0 L 8 5 M 1 5 L 15 5 L 8 12 Z"/>
          </g>
        </g>
        <g class="lini-node lini-gnd lini-label lini-block" data-id="lini-cap-4" transform="translate(15.8955,129.5)">
          <rect x="-8.75" y="-6.75" width="17.5" height="13.5" rx="0" ry="0"/>
          <g class="lini-node lini-sch-tag-line lini-path" transform="translate(-8,-6)">
            <path d="M 0 0 M 16 12 M 8 0 L 8 5 M 1 5 L 15 5 L 8 12 Z"/>
          </g>
        </g>
        <g class="lini-node lini-label lini-block" data-id="lini-label-1" transform="translate(97.183,-87.25)">
          <rect x="-7.084" y="-5.5" width="14.168" height="11" rx="0" ry="0"/>
          <g class="lini-text">
            <use href="#lg1500-38" transform="translate(-7.084 3.938) scale(0.011 -0.011)"/>
            <use href="#lg1500-88" transform="translate(-0.869 3.938) scale(0.011 -0.011)"/>
          </g>
        </g>
        <g class="lini-node lini-label lini-block" data-id="lini-label-2" transform="translate(102.628,-67.25)">
          <rect x="-12.529" y="-5.5" width="25.058" height="11" rx="0" ry="0"/>
          <g class="lini-text">
            <use href="#lg1500-126" transform="translate(-12.529 3.938) scale(0.011 -0.011)"/>
            <use href="#lg1500-132" transform="translate(-6.281 3.938) scale(0.011 -0.011)"/>
            <use href="#lg1500-38" transform="translate(-0.187 3.938) scale(0.011 -0.011)"/>
            <use href="#lg1500-119" transform="translate(6.028 3.938) scale(0.011 -0.011)"/>
          </g>
        </g>
        <g class="lini-node lini-label lini-block" data-id="lini-label-3" transform="translate(98.9155,-47.25)">
          <rect x="-8.8165" y="-5.5" width="17.633" height="11" rx="0" ry="0"/>
          <g class="lini-text">
            <use href="#lg1500-34" transform="translate(-8.8165 3.938) scale(0.011 -0.011)"/>
            <use href="#lg1500-65" transform="translate(-0.9185 3.938) scale(0.011 -0.011)"/>
            <use href="#lg1500-122" transform="translate(2.0515 3.938) scale(0.011 -0.011)"/>
          </g>
        </g>
        <g class="lini-node lini-label lini-block" data-id="lini-label-4" transform="translate(100.9395,-27.25)">
          <rect x="-10.8405" y="-5.5" width="21.681" height="11" rx="0" ry="0"/>
          <g class="lini-text">
            <use href="#lg1500-94" transform="translate(-10.8405 3.938) scale(0.011 -0.011)"/>
            <use href="#lg1500-1" transform="translate(-1.7105 3.938) scale(0.011 -0.011)"/>
            <use href="#lg1500-1653" transform="translate(5.9455 3.938) scale(0.011 -0.011)"/>
          </g>
        </g>
        <g class="lini-node lini-label lini-block" data-id="lini-label-5" transform="translate(101.4565,-7.25)">
          <rect x="-11.3575" y="-5.5" width="22.715" height="11" rx="0" ry="0"/>
          <g class="lini-text">
            <use href="#lg1500-94" transform="translate(-11.3575 3.938) scale(0.011 -0.011)"/>
            <use href="#lg1500-1" transform="translate(-2.2275 3.938) scale(0.011 -0.011)"/>
            <use href="#lg1500-1654" transform="translate(5.4285 3.938) scale(0.011 -0.011)"/>
          </g>
        </g>
        <g class="lini-node lini-label lini-block" data-id="lini-label-6" transform="translate(100.5215,12.75)">
          <rect x="-10.4225" y="-5.5" width="20.845" height="11" rx="0" ry="0"/>
          <g class="lini-text">
            <use href="#lg1500-94" transform="translate(-10.4225 3.938) scale(0.011 -0.011)"/>
            <use href="#lg1500-27" transform="translate(-1.2925 3.938) scale(0.011 -0.011)"/>
            <use href="#lg1500-1653" transform="translate(5.5275 3.938) scale(0.011 -0.011)"/>
          </g>
        </g>
        <g class="lini-node lini-label lini-block" data-id="lini-label-7" transform="translate(101.0385,32.75)">
          <rect x="-10.9395" y="-5.5" width="21.879" height="11" rx="0" ry="0"/>
          <g class="lini-text">
            <use href="#lg1500-94" transform="translate(-10.9395 3.938) scale(0.011 -0.011)"/>
            <use href="#lg1500-27" transform="translate(-1.8095 3.938) scale(0.011 -0.011)"/>
            <use href="#lg1500-1654" transform="translate(5.0105 3.938) scale(0.011 -0.011)"/>
          </g>
        </g>
        <g class="lini-node lini-caption lini-block" transform="translate(-76.391,-150.25)">
          <rect x="-38.766" y="-6" width="77.532" height="12" rx="0" ry="0"/>
          <g class="lini-text">
            <use href="#lg1400-126" transform="translate(-38.766 4.296) scale(0.012 -0.012)"/>
            <use href="#lg1400-310" transform="translate(-32.106 4.296) scale(0.012 -0.012)"/>
            <use href="#lg1400-213" transform="translate(-27.738 4.296) scale(0.012 -0.012)"/>
            <use href="#lg1400-296" transform="translate(-21.006 4.296) scale(0.012 -0.012)"/>
            <use href="#lg1400-296" transform="translate(-13.806 4.296) scale(0.012 -0.012)"/>
            <use href="#lg1400-213" transform="translate(-6.606 4.296) scale(0.012 -0.012)"/>
            <use href="#lg1400-299" transform="translate(0.126 4.296) scale(0.012 -0.012)"/>
            <use href="#lg1400-209" transform="translate(7.35 4.296) scale(0.012 -0.012)"/>
            <use href="#lg1400-299" transform="translate(14.55 4.296) scale(0.012 -0.012)"/>
            <use href="#lg1400-241" transform="translate(18.99 4.296) scale(0.012 -0.012)"/>
            <use href="#lg1400-334" transform="translate(21.498 4.296) scale(0.012 -0.012)"/>
            <use href="#lg1400-213" transform="translate(27.594 4.296) scale(0.012 -0.012)"/>
            <use href="#lg1400-299" transform="translate(34.326 4.296) scale(0.012 -0.012)"/>
          </g>
        </g>
      </g>
      <g class="lini-node lini-region lini-group lini-block" data-id="mot" transform="translate(161.657,0)">
        <rect x="-212.267" y="-69.875" width="424.534" height="139.75" rx="8" ry="8"/>
        <g class="lini-node lini-J lini-component lini-pose-180 lini-block" data-id="J3" transform="translate(-112.388,15.125)">
          <rect x="-20" y="-28" width="40" height="56" rx="0" ry="0"/>
          <g class="lini-node lini-row lini-block" transform="translate(0,0)">
            <rect x="-12" y="-20" width="24" height="40" rx="0" ry="0"/>
            <g class="lini-node lini-column lini-block" transform="translate(-12,0)">
              <g class="lini-node lini-pin lini-block" data-id="p4" transform="translate(0,-10)">
                <g class="lini-node lini-pin-stub lini-line" transform="translate(-19.25,0)">
                  <line x1="0" y1="0" x2="12" y2="0"/>
                </g>
                <g class="lini-node lini-pin-number lini-block" transform="translate(-14,-7)">
                  <rect x="-6" y="-4.5" width="12" height="9" rx="0" ry="0"/>
                  <g class="lini-text">
                    <use href="#lg1500-1656" transform="translate(-2.7315 3.222) scale(0.009 -0.009)"/>
                  </g>
                </g>
              </g>
              <g class="lini-node lini-pin lini-block" data-id="p3" transform="translate(0,10)">
                <g class="lini-node lini-pin-stub lini-line" transform="translate(-19.25,0)">
                  <line x1="0" y1="0" x2="12" y2="0"/>
                </g>
                <g class="lini-node lini-pin-number lini-block" transform="translate(-14,-7)">
                  <rect x="-6" y="-4.5" width="12" height="9" rx="0" ry="0"/>
                  <g class="lini-text">
                    <use href="#lg1500-1655" transform="translate(-2.4975 3.222) scale(0.009 -0.009)"/>
                  </g>
                </g>
              </g>
            </g>
            <g class="lini-node lini-column lini-block" transform="translate(12,0)">
              <g class="lini-node lini-pin lini-block" data-id="p2" transform="translate(0,-10)">
                <g class="lini-node lini-pin-stub lini-line" transform="translate(7.25,0)">
                  <line x1="0" y1="0" x2="12" y2="0"/>
                </g>
                <g class="lini-node lini-pin-number lini-block" transform="translate(14,-7)">
                  <rect x="-6" y="-4.5" width="12" height="9" rx="0" ry="0"/>
                  <g class="lini-text">
                    <use href="#lg1500-1654" transform="translate(-2.4255 3.222) scale(0.009 -0.009)"/>
                  </g>
                </g>
              </g>
              <g class="lini-node lini-pin lini-block" data-id="p1" transform="translate(0,10)">
                <g class="lini-node lini-pin-stub lini-line" transform="translate(7.25,0)">
                  <line x1="0" y1="0" x2="12" y2="0"/>
                </g>
                <g class="lini-node lini-pin-number lini-block" transform="translate(14,-7)">
                  <rect x="-6" y="-4.5" width="12" height="9" rx="0" ry="0"/>
                  <g class="lini-text">
                    <use href="#lg1500-1653" transform="translate(-2.0025 3.222) scale(0.009 -0.009)"/>
                  </g>
                </g>
              </g>
            </g>
          </g>
          <g class="lini-node lini-part-value lini-block" transform="translate(0,-39.5)">
            <rect x="-29.4415" y="-5.5" width="58.883" height="11" rx="0" ry="0"/>
            <g class="lini-text">
              <use href="#lg1500-77" transform="translate(-29.4415 3.938) scale(0.011 -0.011)"/>
              <use href="#lg1500-126" transform="translate(-23.4135 3.938) scale(0.011 -0.011)"/>
              <use href="#lg1500-132" transform="translate(-17.1655 3.938) scale(0.011 -0.011)"/>
              <use href="#lg1500-126" transform="translate(-8.5085 3.938) scale(0.011 -0.011)"/>
              <use href="#lg1500-1656" transform="translate(-2.2605 3.938) scale(0.011 -0.011)"/>
              <use href="#lg1500-27" transform="translate(4.4165 3.938) scale(0.011 -0.011)"/>
              <use href="#lg1500-1828" transform="translate(11.2365 3.938) scale(0.011 -0.011)"/>
              <use href="#lg1500-171" transform="translate(16.1975 3.938) scale(0.011 -0.011)"/>
              <use href="#lg1500-122" transform="translate(22.6765 3.938) scale(0.011 -0.011)"/>
            </g>
          </g>
          <g class="lini-node lini-ref lini-block" transform="translate(0,-53.5)">
            <rect x="-6.1875" y="-5.5" width="12.375" height="11" rx="0" ry="0"/>
            <g class="lini-text">
              <use href="#lg1600-77" transform="translate(-6.1875 3.938) scale(0.011 -0.011)"/>
              <use href="#lg1600-1655" transform="translate(-0.0495 3.938) scale(0.011 -0.011)"/>
            </g>
          </g>
        </g>
        <g class="lini-node lini-label lini-block" data-id="lini-label-1" transform="translate(-49.5475,25.125)">
          <rect x="-10.8405" y="-5.5" width="21.681" height="11" rx="0" ry="0"/>
          <g class="lini-text">
            <use href="#lg1500-94" transform="translate(-10.8405 3.938) scale(0.011 -0.011)"/>
            <use href="#lg1500-1" transform="translate(-1.7105 3.938) scale(0.011 -0.011)"/>
            <use href="#lg1500-1653" transform="translate(5.9455 3.938) scale(0.011 -0.011)"/>
          </g>
        </g>
        <g class="lini-node lini-label lini-block" data-id="lini-label-2" transform="translate(-49.0305,5.125)">
          <rect x="-11.3575" y="-5.5" width="22.715" height="11" rx="0" ry="0"/>
          <g class="lini-text">
            <use href="#lg1500-94" transform="translate(-11.3575 3.938) scale(0.011 -0.011)"/>
            <use href="#lg1500-1" transform="translate(-2.2275 3.938) scale(0.011 -0.011)"/>
            <use href="#lg1500-1654" transform="translate(5.4285 3.938) scale(0.011 -0.011)"/>
          </g>
        </g>
        <g class="lini-node lini-label lini-block" data-id="lini-label-3" transform="translate(-174.8105,25.125)">
          <rect x="-10.4225" y="-5.5" width="20.845" height="11" rx="0" ry="0"/>
          <g class="lini-text">
            <use href="#lg1500-94" transform="translate(-10.4225 3.938) scale(0.011 -0.011)"/>
            <use href="#lg1500-27" transform="translate(-1.2925 3.938) scale(0.011 -0.011)"/>
            <use href="#lg1500-1653" transform="translate(5.5275 3.938) scale(0.011 -0.011)"/>
          </g>
        </g>
        <g class="lini-node lini-label lini-block" data-id="lini-label-4" transform="translate(-175.3275,5.125)">
          <rect x="-10.9395" y="-5.5" width="21.879" height="11" rx="0" ry="0"/>
          <g class="lini-text">
            <use href="#lg1500-94" transform="translate(-10.9395 3.938) scale(0.011 -0.011)"/>
            <use href="#lg1500-27" transform="translate(-1.8095 3.938) scale(0.011 -0.011)"/>
            <use href="#lg1500-1654" transform="translate(5.0105 3.938) scale(0.011 -0.011)"/>
          </g>
        </g>
        <g class="lini-node lini-J lini-component lini-block" data-id="J1" transform="translate(116.767,7.75)">
          <rect x="-20" y="-18" width="40" height="36" rx="0" ry="0"/>
          <g class="lini-node lini-row lini-block" transform="translate(0,0)">
            <rect x="-12" y="-10" width="24" height="20" rx="0" ry="0"/>
            <g class="lini-node lini-column lini-block" transform="translate(-12,0)">
              <g class="lini-node lini-pin lini-block" data-id="p1" transform="translate(0,0)">
                <g class="lini-node lini-pin-stub lini-line" transform="translate(-19.25,0)">
                  <line x1="0" y1="0" x2="12" y2="0"/>
                </g>
                <g class="lini-node lini-pin-number lini-block" transform="translate(-14,-7)">
                  <rect x="-6" y="-4.5" width="12" height="9" rx="0" ry="0"/>
                  <g class="lini-text">
                    <use href="#lg1500-1653" transform="translate(-2.0025 3.222) scale(0.009 -0.009)"/>
                  </g>
                </g>
              </g>
            </g>
            <g class="lini-node lini-column lini-block" transform="translate(12,0)">
              <g class="lini-node lini-pin lini-block" data-id="p2" transform="translate(0,0)">
                <g class="lini-node lini-pin-stub lini-line" transform="translate(7.25,0)">
                  <line x1="0" y1="0" x2="12" y2="0"/>
                </g>
                <g class="lini-node lini-pin-number lini-block" transform="translate(14,-7)">
                  <rect x="-6" y="-4.5" width="12" height="9" rx="0" ry="0"/>
                  <g class="lini-text">
                    <use href="#lg1500-1654" transform="translate(-2.4255 3.222) scale(0.009 -0.009)"/>
                  </g>
                </g>
              </g>
            </g>
          </g>
          <g class="lini-node lini-part-value lini-block" transform="translate(0,-29.5)">
            <rect x="-22.044" y="-5.5" width="44.088" height="11" rx="0" ry="0"/>
            <g class="lini-text">
              <use href="#lg1500-119" transform="translate(-22.044 3.938) scale(0.011 -0.011)"/>
              <use href="#lg1500-271" transform="translate(-15.543 3.938) scale(0.011 -0.011)"/>
              <use href="#lg1500-335" transform="translate(-8.91 3.938) scale(0.011 -0.011)"/>
              <use href="#lg1500-213" transform="translate(-0.077 3.938) scale(0.011 -0.011)"/>
              <use href="#lg1500-299" transform="translate(6.215 3.938) scale(0.011 -0.011)"/>
              <use href="#lg1500-241" transform="translate(13.123 3.938) scale(0.011 -0.011)"/>
              <use href="#lg1500-265" transform="translate(15.686 3.938) scale(0.011 -0.011)"/>
            </g>
          </g>
          <g class="lini-node lini-ref lini-block" transform="translate(0,-43.5)">
            <rect x="-5.555" y="-5.5" width="11.11" height="11" rx="0" ry="0"/>
            <g class="lini-text">
              <use href="#lg1600-77" transform="translate(-5.555 3.938) scale(0.011 -0.011)"/>
              <use href="#lg1600-1653" transform="translate(0.583 3.938) scale(0.011 -0.011)"/>
            </g>
          </g>
        </g>
        <g class="lini-node lini-vm lini-label lini-block" data-id="lini-cap-1" transform="translate(37.547,-23)">
          <rect x="-27.22" y="-10.75" width="54.44" height="21.5" rx="0" ry="0"/>
          <g class="lini-node lini-sch-tag-line lini-path" transform="translate(-26.47,-10)">
            <path d="M 0 0 M 16 20 M 8 20 L 8 0 M 4 9 L 8 0 L 12 9"/>
          </g>
          <g class="lini-text">
            <use href="#lg1500-156" transform="translate(10.28 3.938) scale(0.011 -0.011)"/>
            <use href="#lg1500-87" transform="translate(17.529 3.938) scale(0.011 -0.011)"/>
          </g>
        </g>
        <g class="lini-node lini-gnd lini-label lini-block" data-id="lini-cap-2" transform="translate(177.517,34.5)">
          <rect x="-8.75" y="-6.75" width="17.5" height="13.5" rx="0" ry="0"/>
          <g class="lini-node lini-sch-tag-line lini-path" transform="translate(-8,-6)">
            <path d="M 0 0 M 16 12 M 8 0 L 8 5 M 1 5 L 15 5 L 8 12 Z"/>
          </g>
        </g>
        <g class="lini-node lini-caption lini-block" transform="translate(-145.347,-57.875)">
          <rect x="-40.92" y="-6" width="81.84" height="12" rx="0" ry="0"/>
          <g class="lini-text">
            <use href="#lg1400-87" transform="translate(-40.92 4.296) scale(0.012 -0.012)"/>
            <use href="#lg1400-271" transform="translate(-30.552 4.296) scale(0.012 -0.012)"/>
            <use href="#lg1400-310" transform="translate(-23.424 4.296) scale(0.012 -0.012)"/>
            <use href="#lg1400-271" transform="translate(-19.056 4.296) scale(0.012 -0.012)"/>
            <use href="#lg1400-299" transform="translate(-11.928 4.296) scale(0.012 -0.012)"/>
            <use href="#lg1400-1984" transform="translate(-4.704 4.296) scale(0.012 -0.012)"/>
            <use href="#lg1400-303" transform="translate(5.556 4.296) scale(0.012 -0.012)"/>
            <use href="#lg1400-315" transform="translate(11.208 4.296) scale(0.012 -0.012)"/>
            <use href="#lg1400-296" transform="translate(17.916 4.296) scale(0.012 -0.012)"/>
            <use href="#lg1400-296" transform="translate(25.116 4.296) scale(0.012 -0.012)"/>
            <use href="#lg1400-259" transform="translate(32.316 4.296) scale(0.012 -0.012)"/>
            <use href="#lg1400-341" transform="translate(34.824 4.296) scale(0.012 -0.012)"/>
          </g>
        </g>
      </g>
      <g class="lini-node lini-title-block lini-table lini-group lini-block" transform="translate(381.82,267.5)">
        <rect x="-92.68" y="-52" width="185.36" height="104" rx="0" ry="0"/>
        <rect class="lini-gutter" x="0.212" y="-17.5" width="1" height="69.5" fill="#444"/>
        <rect class="lini-gutter" x="48.444" y="-17.5" width="1" height="69.5" fill="#444"/>
        <rect class="lini-gutter" x="-92.68" y="-18" width="185.36" height="1" fill="#444"/>
        <rect class="lini-gutter" x="-92.68" y="17" width="185.36" height="1" fill="#444"/>
        <g class="lini-node lini-cell lini-block" transform="translate(0,-35)">
          <rect x="-92.68" y="-17" width="185.36" height="34" rx="0" ry="0"/>
          <g class="lini-node lini-field lini-block" transform="translate(0,-9)">
            <rect x="-11.238" y="-6" width="22.476" height="12" rx="0" ry="0"/>
            <g class="lini-text">
              <use href="#lg1400-132" transform="translate(-11.238 4.296) scale(0.012 -0.012)"/>
              <use href="#lg1400-241" transform="translate(-4.878 4.296) scale(0.012 -0.012)"/>
              <use href="#lg1400-310" transform="translate(-2.37 4.296) scale(0.012 -0.012)"/>
              <use href="#lg1400-259" transform="translate(1.998 4.296) scale(0.012 -0.012)"/>
              <use href="#lg1400-213" transform="translate(4.506 4.296) scale(0.012 -0.012)"/>
            </g>
          </g>
          <g class="lini-text">
            <use href="#lg1600-132" transform="translate(-53.844 13.012) scale(0.014 -0.014)"/>
            <use href="#lg1600-87" transform="translate(-45.906 13.012) scale(0.014 -0.014)"/>
            <use href="#lg1600-28" transform="translate(-33.446 13.012) scale(0.014 -0.014)"/>
            <use href="#lg1600-1654" transform="translate(-23.044 13.012) scale(0.014 -0.014)"/>
            <use href="#lg1600-1655" transform="translate(-15.4 13.012) scale(0.014 -0.014)"/>
            <use href="#lg1600-1652" transform="translate(-7.462 13.012) scale(0.014 -0.014)"/>
            <use href="#lg1600-1652" transform="translate(1.848 13.012) scale(0.014 -0.014)"/>
            <use href="#lg1600-209" transform="translate(14.42 13.012) scale(0.014 -0.014)"/>
            <use href="#lg1600-299" transform="translate(23.114 13.012) scale(0.014 -0.014)"/>
            <use href="#lg1600-241" transform="translate(28.826 13.012) scale(0.014 -0.014)"/>
            <use href="#lg1600-334" transform="translate(32.256 13.012) scale(0.014 -0.014)"/>
            <use href="#lg1600-213" transform="translate(40.04 13.012) scale(0.014 -0.014)"/>
            <use href="#lg1600-299" transform="translate(48.132 13.012) scale(0.014 -0.014)"/>
          </g>
        </g>
        <g class="lini-node lini-cell lini-block" transform="translate(-46.234,0)">
          <rect x="-46.446" y="-17" width="92.892" height="34" rx="0" ry="0"/>
          <g class="lini-node lini-field lini-block" transform="translate(0,-9)">
            <rect x="-23.034" y="-6" width="46.068" height="12" rx="0" ry="0"/>
            <g class="lini-text">
              <use href="#lg1400-34" transform="translate(-23.034 4.296) scale(0.012 -0.012)"/>
              <use href="#lg1400-335" transform="translate(-14.622 4.296) scale(0.012 -0.012)"/>
              <use href="#lg1400-233" transform="translate(-5.322 4.296) scale(0.012 -0.012)"/>
              <use href="#lg1400-88" transform="translate(4.602 4.296) scale(0.012 -0.012)"/>
              <use href="#lg1400-271" transform="translate(13.074 4.296) scale(0.012 -0.012)"/>
              <use href="#lg1400-1779" transform="translate(20.202 4.296) scale(0.012 -0.012)"/>
            </g>
          </g>
          <g class="lini-text">
            <use href="#lg1600-81" transform="translate(-29.519 13.012) scale(0.014 -0.014)"/>
            <use href="#lg1600-88" transform="translate(-22.015 13.012) scale(0.014 -0.014)"/>
            <use href="#lg1600-1828" transform="translate(-11.767 13.012) scale(0.014 -0.014)"/>
            <use href="#lg1600-1652" transform="translate(-5.369 13.012) scale(0.014 -0.014)"/>
            <use href="#lg1600-1652" transform="translate(3.941 13.012) scale(0.014 -0.014)"/>
            <use href="#lg1600-1656" transform="translate(13.251 13.012) scale(0.014 -0.014)"/>
            <use href="#lg1600-1654" transform="translate(21.875 13.012) scale(0.014 -0.014)"/>
          </g>
        </g>
        <g class="lini-node lini-cell lini-block" transform="translate(24.828,0)">
          <rect x="-23.616" y="-17" width="47.232" height="34" rx="0" ry="0"/>
          <g class="lini-node lini-field lini-block" transform="translate(0,-9)">
            <rect x="-9.96" y="-6" width="19.92" height="12" rx="0" ry="0"/>
            <g class="lini-text">
              <use href="#lg1400-122" transform="translate(-9.96 4.296) scale(0.012 -0.012)"/>
              <use href="#lg1400-213" transform="translate(-2.868 4.296) scale(0.012 -0.012)"/>
              <use href="#lg1400-334" transform="translate(3.864 4.296) scale(0.012 -0.012)"/>
            </g>
          </g>
          <g class="lini-text">
            <use href="#lg1600-27" transform="translate(-4.417 13.012) scale(0.014 -0.014)"/>
          </g>
        </g>
        <g class="lini-node lini-cell lini-block" transform="translate(71.062,0)">
          <rect x="-21.618" y="-17" width="43.236" height="34" rx="0" ry="0"/>
          <g class="lini-node lini-field lini-block" transform="translate(0,-9)">
            <rect x="-15.618" y="-6" width="31.236" height="12" rx="0" ry="0"/>
            <g class="lini-text">
              <use href="#lg1400-126" transform="translate(-15.618 4.296) scale(0.012 -0.012)"/>
              <use href="#lg1400-238" transform="translate(-8.958 4.296) scale(0.012 -0.012)"/>
              <use href="#lg1400-213" transform="translate(-2.214 4.296) scale(0.012 -0.012)"/>
              <use href="#lg1400-213" transform="translate(4.518 4.296) scale(0.012 -0.012)"/>
              <use href="#lg1400-310" transform="translate(11.25 4.296) scale(0.012 -0.012)"/>
            </g>
          </g>
          <g class="lini-text">
            <use href="#lg1600-1653" transform="translate(-8.666 13.012) scale(0.014 -0.014)"/>
            <use href="#lg1600-1800" transform="translate(-2.338 13.012) scale(0.014 -0.014)"/>
            <use href="#lg1600-1653" transform="translate(2.338 13.012) scale(0.014 -0.014)"/>
          </g>
        </g>
        <g class="lini-node lini-cell lini-block" transform="translate(-46.234,35)">
          <rect x="-46.446" y="-17" width="92.892" height="34" rx="0" ry="0"/>
          <g class="lini-node lini-field lini-block" transform="translate(0,-9)">
            <rect x="-12.942" y="-6" width="25.884" height="12" rx="0" ry="0"/>
            <g class="lini-text">
              <use href="#lg1400-34" transform="translate(-12.942 4.296) scale(0.012 -0.012)"/>
              <use href="#lg1400-177" transform="translate(-4.53 4.296) scale(0.012 -0.012)"/>
              <use href="#lg1400-310" transform="translate(1.842 4.296) scale(0.012 -0.012)"/>
              <use href="#lg1400-213" transform="translate(6.21 4.296) scale(0.012 -0.012)"/>
            </g>
          </g>
          <g class="lini-text">
            <use href="#lg1600-1654" transform="translate(-40.446 13.012) scale(0.014 -0.014)"/>
            <use href="#lg1600-1652" transform="translate(-32.802 13.012) scale(0.014 -0.014)"/>
            <use href="#lg1600-1654" transform="translate(-23.492 13.012) scale(0.014 -0.014)"/>
            <use href="#lg1600-1658" transform="translate(-15.848 13.012) scale(0.014 -0.014)"/>
            <use href="#lg1600-1828" transform="translate(-7.854 13.012) scale(0.014 -0.014)"/>
            <use href="#lg1600-1652" transform="translate(-1.456 13.012) scale(0.014 -0.014)"/>
            <use href="#lg1600-1660" transform="translate(7.854 13.012) scale(0.014 -0.014)"/>
            <use href="#lg1600-1828" transform="translate(16.114 13.012) scale(0.014 -0.014)"/>
            <use href="#lg1600-1652" transform="translate(22.512 13.012) scale(0.014 -0.014)"/>
            <use href="#lg1600-1656" transform="translate(31.822 13.012) scale(0.014 -0.014)"/>
          </g>
        </g>
        <g class="lini-node lini-cell lini-block" transform="translate(24.828,35)">
          <rect x="-23.616" y="-17" width="47.232" height="34" rx="0" ry="0"/>
          <g class="lini-node lini-field lini-block" transform="translate(0,-9)">
            <rect x="-17.616" y="-6" width="35.232" height="12" rx="0" ry="0"/>
            <g class="lini-text">
              <use href="#lg1400-34" transform="translate(-17.616 4.296) scale(0.012 -0.012)"/>
              <use href="#lg1400-299" transform="translate(-9.204 4.296) scale(0.012 -0.012)"/>
              <use href="#lg1400-177" transform="translate(-4.764 4.296) scale(0.012 -0.012)"/>
              <use href="#lg1400-335" transform="translate(1.608 4.296) scale(0.012 -0.012)"/>
              <use href="#lg1400-265" transform="translate(10.908 4.296) scale(0.012 -0.012)"/>
            </g>
          </g>
          <g class="lini-text">
            <use href="#lg1600-1" transform="translate(-11.193 13.012) scale(0.014 -0.014)"/>
            <use href="#lg1600-87" transform="translate(-1.267 13.012) scale(0.014 -0.014)"/>
          </g>
        </g>
      </g>
      <g class="lini-node lini-frame lini-rect lini-box lini-block" transform="translate(0,0)">
        <rect x="-475" y="-320" width="950" height="640" rx="0" ry="0"/>
      </g>
      <g class="lini-node lini-tick lini-line" transform="translate(0,0)">
        <line x1="-262.5" y1="-370" x2="-262.5" y2="-320"/>
      </g>
      <g class="lini-node lini-tick lini-line" transform="translate(0,0)">
        <line x1="262.5" y1="-370" x2="262.5" y2="-320"/>
      </g>
      <g class="lini-node lini-tick lini-line" transform="translate(0,0)">
        <line x1="-262.5" y1="320" x2="-262.5" y2="370"/>
      </g>
      <g class="lini-node lini-tick lini-line" transform="translate(0,0)">
        <line x1="262.5" y1="320" x2="262.5" y2="370"/>
      </g>
      <g class="lini-node lini-tick lini-line" transform="translate(0,0)">
        <line x1="0" y1="-370" x2="0" y2="-295"/>
      </g>
      <g class="lini-node lini-tick lini-line" transform="translate(0,0)">
        <line x1="0" y1="295" x2="0" y2="370"/>
      </g>
      <g class="lini-node lini-tick lini-line" transform="translate(0,0)">
        <line x1="-525" y1="0" x2="-450" y2="0"/>
      </g>
      <g class="lini-node lini-tick lini-line" transform="translate(0,0)">
        <line x1="450" y1="0" x2="525" y2="0"/>
      </g>
      <g class="lini-node lini-zone lini-block" transform="translate(-393.75,-345)">
        <rect x="-2.4475" y="-5.5" width="4.895" height="11" rx="0" ry="0"/>
        <g class="lini-text">
          <use href="#lg1500-1653" transform="translate(-2.4475 3.938) scale(0.011 -0.011)"/>
        </g>
      </g>
      <g class="lini-node lini-zone lini-block" transform="translate(-131.25,-345)">
        <rect x="-2.9645" y="-5.5" width="5.929" height="11" rx="0" ry="0"/>
        <g class="lini-text">
          <use href="#lg1500-1654" transform="translate(-2.9645 3.938) scale(0.011 -0.011)"/>
        </g>
      </g>
      <g class="lini-node lini-zone lini-block" transform="translate(131.25,-345)">
        <rect x="-3.0525" y="-5.5" width="6.105" height="11" rx="0" ry="0"/>
        <g class="lini-text">
          <use href="#lg1500-1655" transform="translate(-3.0525 3.938) scale(0.011 -0.011)"/>
        </g>
      </g>
      <g class="lini-node lini-zone lini-block" transform="translate(393.75,-345)">
        <rect x="-3.3385" y="-5.5" width="6.677" height="11" rx="0" ry="0"/>
        <g class="lini-text">
          <use href="#lg1500-1656" transform="translate(-3.3385 3.938) scale(0.011 -0.011)"/>
        </g>
      </g>
      <g class="lini-node lini-zone lini-block" transform="translate(-393.75,345)">
        <rect x="-2.4475" y="-5.5" width="4.895" height="11" rx="0" ry="0"/>
        <g class="lini-text">
          <use href="#lg1500-1653" transform="translate(-2.4475 3.938) scale(0.011 -0.011)"/>
        </g>
      </g>
      <g class="lini-node lini-zone lini-block" transform="translate(-131.25,345)">
        <rect x="-2.9645" y="-5.5" width="5.929" height="11" rx="0" ry="0"/>
        <g class="lini-text">
          <use href="#lg1500-1654" transform="translate(-2.9645 3.938) scale(0.011 -0.011)"/>
        </g>
      </g>
      <g class="lini-node lini-zone lini-block" transform="translate(131.25,345)">
        <rect x="-3.0525" y="-5.5" width="6.105" height="11" rx="0" ry="0"/>
        <g class="lini-text">
          <use href="#lg1500-1655" transform="translate(-3.0525 3.938) scale(0.011 -0.011)"/>
        </g>
      </g>
      <g class="lini-node lini-zone lini-block" transform="translate(393.75,345)">
        <rect x="-3.3385" y="-5.5" width="6.677" height="11" rx="0" ry="0"/>
        <g class="lini-text">
          <use href="#lg1500-1656" transform="translate(-3.3385 3.938) scale(0.011 -0.011)"/>
        </g>
      </g>
      <g class="lini-node lini-zone lini-block" transform="translate(-500,-185)">
        <rect x="-3.828" y="-5.5" width="7.656" height="11" rx="0" ry="0"/>
        <g class="lini-text">
          <use href="#lg1500-1" transform="translate(-3.828 3.938) scale(0.011 -0.011)"/>
        </g>
      </g>
      <g class="lini-node lini-zone lini-block" transform="translate(-500,185)">
        <rect x="-3.41" y="-5.5" width="6.82" height="11" rx="0" ry="0"/>
        <g class="lini-text">
          <use href="#lg1500-27" transform="translate(-3.41 3.938) scale(0.011 -0.011)"/>
        </g>
      </g>
      <g class="lini-node lini-zone lini-block" transform="translate(500,-185)">
        <rect x="-3.828" y="-5.5" width="7.656" height="11" rx="0" ry="0"/>
        <g class="lini-text">
          <use href="#lg1500-1" transform="translate(-3.828 3.938) scale(0.011 -0.011)"/>
        </g>
      </g>
      <g class="lini-node lini-zone lini-block" transform="translate(500,185)">
        <rect x="-3.41" y="-5.5" width="6.82" height="11" rx="0" ry="0"/>
        <g class="lini-text">
          <use href="#lg1500-27" transform="translate(-3.41 3.938) scale(0.011 -0.011)"/>
        </g>
      </g>
    </g>
  </g>
  <g class="lini-links">
    <g class="lini-link lini-schematic-wire" data-from="drv.U7.VS" data-to="drv.lini-cap-1">
      <path d="M -270.325 -37.25 L -336.765 -37.25 L -336.765 -58"/>
    </g>
    <g class="lini-link lini-schematic-wire" data-from="drv.U7.VIO" data-to="drv.lini-cap-2">
      <path d="M -270.325 -17.25 L -280.7 -17.25 L -280.7 -89.125 L -339.174 -89.125 L -339.174 -99.5"/>
    </g>
    <g class="lini-link lini-schematic-wire" data-from="drv.U7.VIO" data-to="drv.C24.p1">
      <path d="M -270.325 -17.25 L -333.9285 -17.25 L -333.9285 3.5"/>
    </g>
    <g class="lini-link lini-schematic-wire" data-from="drv.C24.p2" data-to="drv.lini-cap-3">
      <path d="M -333.9285 67.5 L -333.9285 89"/>
    </g>
    <g class="lini-link lini-schematic-wire" data-from="drv.U7.GND" data-to="drv.lini-cap-4">
      <path d="M -216.8715 102 L -216.8715 123.5"/>
    </g>
    <g class="lini-link lini-schematic-wire" data-from="drv.U7.EN" data-to="drv.lini-label-1">
      <path d="M -163.418 -87.25 L -142.668 -87.25"/>
    </g>
    <g class="lini-link lini-schematic-wire" data-from="drv.U7.STEP" data-to="drv.lini-label-2">
      <path d="M -163.418 -67.25 L -142.668 -67.25"/>
    </g>
    <g class="lini-link lini-schematic-wire" data-from="drv.U7.DIR" data-to="drv.lini-label-3">
      <path d="M -163.418 -47.25 L -142.668 -47.25"/>
    </g>
    <g class="lini-link lini-schematic-wire" data-from="drv.U7.OA1" data-to="drv.lini-label-4">
      <path d="M -163.418 -27.25 L -142.668 -27.25"/>
    </g>
    <g class="lini-link lini-schematic-wire" data-from="drv.U7.OA2" data-to="drv.lini-label-5">
      <path d="M -163.418 -7.25 L -142.668 -7.25"/>
    </g>
    <g class="lini-link lini-schematic-wire" data-from="drv.U7.OB1" data-to="drv.lini-label-6">
      <path d="M -163.418 12.75 L -142.668 12.75"/>
    </g>
    <g class="lini-link lini-schematic-wire" data-from="drv.U7.OB2" data-to="drv.lini-label-7">
      <path d="M -163.418 32.75 L -142.668 32.75"/>
    </g>
    <g class="lini-link lini-schematic-wire" data-from="mot.J3.p1" data-to="mot.lini-label-1">
      <path d="M 80.519 25.125 L 101.269 25.125"/>
    </g>
    <g class="lini-link lini-schematic-wire" data-from="mot.J3.p2" data-to="mot.lini-label-2">
      <path d="M 80.519 5.125 L 101.269 5.125"/>
    </g>
    <g class="lini-link lini-schematic-wire" data-from="mot.J3.p3" data-to="mot.lini-label-3">
      <path d="M 18.019 25.125 L -2.731 25.125"/>
    </g>
    <g class="lini-link lini-schematic-wire" data-from="mot.J3.p4" data-to="mot.lini-label-4">
      <path d="M 18.019 5.125 L -2.731 5.125"/>
    </g>
    <g class="lini-link lini-schematic-wire" data-from="mot.J1.p1" data-to="mot.lini-cap-1">
      <path d="M 247.174 7.75 L 180.734 7.75 L 180.734 -13"/>
    </g>
    <g class="lini-link lini-schematic-wire" data-from="mot.J1.p2" data-to="mot.lini-cap-2">
      <path d="M 309.674 7.75 L 339.174 7.75 L 339.174 28.5"/>
    </g>
  </g>
</svg>
